47.243.7.0 - - [23/Nov/2023:00:05:24 -0500] "GET /.env HTTP/1.1" 301 - edibledialect.com "-" "Mozilla/5.0 (Linux; Android 11; Redmi Note 9 Pro Build/RKQ1.200826.002; wv) AppleWebKit/537.36 (KHTML, like Gecko) Version/4.0 Chrome/90.0.4430.210 Mobile Safari/537.36" "-"
47.243.7.0 - - [23/Nov/2023:00:05:28 -0500] "GET /.env HTTP/1.1" 404 18409 www.edibledialect.com "-" "Mozilla/5.0 (Linux; Android 11; Redmi Note 9 Pro Build/RKQ1.200826.002; wv) AppleWebKit/537.36 (KHTML, like Gecko) Version/4.0 Chrome/90.0.4430.210 Mobile Safari/537.36" "-"
47.243.7.0 - - [23/Nov/2023:00:05:32 -0500] "GET /app/.env HTTP/1.1" 301 - edibledialect.com "-" "Mozilla/5.0 (Linux; Android 11; Redmi Note 9 Pro Build/RKQ1.200826.002; wv) AppleWebKit/537.36 (KHTML, like Gecko) Version/4.0 Chrome/90.0.4430.210 Mobile Safari/537.36" "-"
47.243.7.0 - - [23/Nov/2023:00:05:37 -0500] "GET /app/.env HTTP/1.1" 404 18409 www.edibledialect.com "-" "Mozilla/5.0 (Linux; Android 11; Redmi Note 9 Pro Build/RKQ1.200826.002; wv) AppleWebKit/537.36 (KHTML, like Gecko) Version/4.0 Chrome/90.0.4430.210 Mobile Safari/537.36" "-"
47.243.7.0 - - [23/Nov/2023:00:05:42 -0500] "GET /dev/.env HTTP/1.1" 301 - edibledialect.com "-" "Mozilla/5.0 (Linux; Android 11; Redmi Note 9 Pro Build/RKQ1.200826.002; wv) AppleWebKit/537.36 (KHTML, like Gecko) Version/4.0 Chrome/90.0.4430.210 Mobile Safari/537.36" "-"
47.243.7.0 - - [23/Nov/2023:00:05:43 -0500] "GET /dev/.env HTTP/1.1" 404 18409 www.edibledialect.com "-" "Mozilla/5.0 (Linux; Android 11; Redmi Note 9 Pro Build/RKQ1.200826.002; wv) AppleWebKit/537.36 (KHTML, like Gecko) Version/4.0 Chrome/90.0.4430.210 Mobile Safari/537.36" "-"
47.243.7.0 - - [23/Nov/2023:00:05:47 -0500] "GET /blog/.env HTTP/1.1" 301 - edibledialect.com "-" "Mozilla/5.0 (Linux; Android 11; Redmi Note 9 Pro Build/RKQ1.200826.002; wv) AppleWebKit/537.36 (KHTML, like Gecko) Version/4.0 Chrome/90.0.4430.210 Mobile Safari/537.36" "-"
47.243.7.0 - - [23/Nov/2023:00:05:50 -0500] "GET /blog/.env HTTP/1.1" 404 18409 www.edibledialect.com "-" "Mozilla/5.0 (Linux; Android 11; Redmi Note 9 Pro Build/RKQ1.200826.002; wv) AppleWebKit/537.36 (KHTML, like Gecko) Version/4.0 Chrome/90.0.4430.210 Mobile Safari/537.36" "-"
47.243.7.0 - - [23/Nov/2023:00:05:52 -0500] "GET /config/.env HTTP/1.1" 301 - edibledialect.com "-" "Mozilla/5.0 (Linux; Android 11; Redmi Note 9 Pro Build/RKQ1.200826.002; wv) AppleWebKit/537.36 (KHTML, like Gecko) Version/4.0 Chrome/90.0.4430.210 Mobile Safari/537.36" "-"
47.243.7.0 - - [23/Nov/2023:00:05:55 -0500] "GET /config/.env HTTP/1.1" 404 18409 www.edibledialect.com "-" "Mozilla/5.0 (Linux; Android 11; Redmi Note 9 Pro Build/RKQ1.200826.002; wv) AppleWebKit/537.36 (KHTML, like Gecko) Version/4.0 Chrome/90.0.4430.210 Mobile Safari/537.36" "-"
50.21.188.0 - - [23/Nov/2023:00:20:11 -0500] "GET /uncategorized/marea HTTP/1.1" 200 28913 www.edibledialect.com "-" "IonCrawl (https://www.ionos.de/terms-gtc/faq-crawler-en/)" "-"
50.21.188.0 - - [23/Nov/2023:00:20:15 -0500] "GET /category/elsewhere HTTP/1.1" 200 35216 www.edibledialect.com "-" "IonCrawl (https://www.ionos.de/terms-gtc/faq-crawler-en/)" "-"
50.21.188.0 - - [23/Nov/2023:00:20:18 -0500] "GET /category/queens HTTP/1.1" 200 69010 www.edibledialect.com "-" "IonCrawl (https://www.ionos.de/terms-gtc/faq-crawler-en/)" "-"
50.21.188.0 - - [23/Nov/2023:00:20:18 -0500] "GET /category/manhattan HTTP/1.1" 200 71228 www.edibledialect.com "-" "IonCrawl (https://www.ionos.de/terms-gtc/faq-crawler-en/)" "-"
50.21.188.0 - - [23/Nov/2023:00:20:20 -0500] "GET /category/uncategorized HTTP/1.1" 200 54063 www.edibledialect.com "-" "IonCrawl (https://www.ionos.de/terms-gtc/faq-crawler-en/)" "-"
50.21.188.0 - - [23/Nov/2023:00:20:21 -0500] "GET /page/3 HTTP/1.1" 200 69574 www.edibledialect.com "-" "IonCrawl (https://www.ionos.de/terms-gtc/faq-crawler-en/)" "-"
50.21.188.0 - - [23/Nov/2023:00:20:23 -0500] "GET /about HTTP/1.1" 200 20296 www.edibledialect.com "-" "IonCrawl (https://www.ionos.de/terms-gtc/faq-crawler-en/)" "-"
50.21.188.0 - - [23/Nov/2023:00:20:25 -0500] "GET /author/william-plant HTTP/1.1" 200 54692 www.edibledialect.com "-" "IonCrawl (https://www.ionos.de/terms-gtc/faq-crawler-en/)" "-"
50.21.188.0 - - [23/Nov/2023:00:20:25 -0500] "GET /uncategorized/grimm-artisanal-ales HTTP/1.1" 200 29137 www.edibledialect.com "-" "IonCrawl (https://www.ionos.de/terms-gtc/faq-crawler-en/)" "-"
50.21.188.0 - - [23/Nov/2023:00:20:26 -0500] "GET /uncategorized/aquavit HTTP/1.1" 200 28730 www.edibledialect.com "-" "IonCrawl (https://www.ionos.de/terms-gtc/faq-crawler-en/)" "-"
50.21.188.0 - - [23/Nov/2023:00:20:27 -0500] "GET /page/4 HTTP/1.1" 200 71172 www.edibledialect.com "-" "IonCrawl (https://www.ionos.de/terms-gtc/faq-crawler-en/)" "-"
50.21.188.0 - - [23/Nov/2023:00:20:28 -0500] "GET /uncategorized/blue-hill-at-stone-barns HTTP/1.1" 200 29300 www.edibledialect.com "-" "IonCrawl (https://www.ionos.de/terms-gtc/faq-crawler-en/)" "-"
50.21.188.0 - - [23/Nov/2023:00:20:28 -0500] "GET / HTTP/1.1" 200 54800 www.edibledialect.com "-" "IonCrawl (https://www.ionos.de/terms-gtc/faq-crawler-en/)" "-"
50.21.188.0 - - [23/Nov/2023:00:20:29 -0500] "GET /uncategorized/le-bernardin HTTP/1.1" 200 29054 www.edibledialect.com "-" "IonCrawl (https://www.ionos.de/terms-gtc/faq-crawler-en/)" "-"
50.21.188.0 - - [23/Nov/2023:00:20:29 -0500] "GET /page/5 HTTP/1.1" 200 65931 www.edibledialect.com "-" "IonCrawl (https://www.ionos.de/terms-gtc/faq-crawler-en/)" "-"
50.21.188.0 - - [23/Nov/2023:00:20:30 -0500] "GET /category/brooklyn HTTP/1.1" 200 33443 www.edibledialect.com "-" "IonCrawl (https://www.ionos.de/terms-gtc/faq-crawler-en/)" "-"
50.21.188.0 - - [23/Nov/2023:00:20:30 -0500] "GET /uncategorized/jean-georges HTTP/1.1" 200 29086 www.edibledialect.com "-" "IonCrawl (https://www.ionos.de/terms-gtc/faq-crawler-en/)" "-"
50.21.188.0 - - [23/Nov/2023:00:20:31 -0500] "GET /page/2 HTTP/1.1" 200 73317 www.edibledialect.com "-" "IonCrawl (https://www.ionos.de/terms-gtc/faq-crawler-en/)" "-"
160.178.3.0 - - [23/Nov/2023:00:21:46 -0500] "GET /.env HTTP/1.1" 301 - edibledialect.com "-" "-" "-"
74.208.59.0 - - [23/Nov/2023:00:33:21 -0500] "POST /wp-cron.php?doing_wp_cron=1700717601.4443230628967285156250 HTTP/1.1" 200 - www.edibledialect.com "http://www.edibledialect.com/wp-cron.php?doing_wp_cron=1700717601.4443230628967285156250" "WordPress/5.5.13; http://www.edibledialect.com" "-"
51.222.253.0 - - [23/Nov/2023:00:33:21 -0500] "GET /queens/friendship-bbq HTTP/1.1" 200 31854 www.edibledialect.com "-" "Mozilla/5.0 (compatible; AhrefsBot/7.0; +http://ahrefs.com/robot/)" "-"
195.191.219.0 - - [23/Nov/2023:00:45:23 -0500] "GET /robots.txt HTTP/1.1" 301 - edibledialect.com "-" "Mozilla/5.0 (compatible; MJ12bot/v1.4.8; http://mj12bot.com/)" "-"
195.191.219.0 - - [23/Nov/2023:00:45:24 -0500] "GET /robots.txt HTTP/1.1" 200 172 www.edibledialect.com "-" "Mozilla/5.0 (compatible; MJ12bot/v1.4.8; http://mj12bot.com/)" "-"
195.191.219.0 - - [23/Nov/2023:00:45:27 -0500] "GET / HTTP/1.1" 301 - edibledialect.com "-" "Mozilla/5.0 (compatible; MJ12bot/v1.4.8; http://mj12bot.com/)" "-"
195.191.219.0 - - [23/Nov/2023:00:45:29 -0500] "GET / HTTP/1.1" 200 54800 www.edibledialect.com "-" "Mozilla/5.0 (compatible; MJ12bot/v1.4.8; http://mj12bot.com/)" "-"
195.191.219.0 - - [23/Nov/2023:00:45:39 -0500] "GET / HTTP/1.1" 200 54800 www.edibledialect.com "-" "Mozilla/5.0 (compatible; MJ12bot/v1.4.8; http://mj12bot.com/)" "-"
203.107.129.0 - - [23/Nov/2023:00:51:18 -0500] "POST /xmlrpc.php HTTP/1.1" 200 403 edibledialect.com "-" "Mozilla/5.0 (Windows NT 6.1; Win64; x64) AppleWebKit/537.36 (KHTML, like Gecko) Chrome/60.0.3112.90 Safari/537.36" "-"
157.245.51.0 - - [23/Nov/2023:00:51:19 -0500] "POST /xmlrpc.php HTTP/1.1" 200 403 edibledialect.com "-" "Mozilla/5.0 (X11; Linux x86_64) AppleWebKit/537.36 (KHTML, like Gecko) Chrome/91.0.4472.114 Safari/537.36" "-"
121.41.193.0 - - [23/Nov/2023:00:51:28 -0500] "POST /xmlrpc.php HTTP/1.1" 200 403 edibledialect.com "-" "Mozilla/5.0 (Windows NT 10.0; WOW64; rv:52.0) Gecko/20100101 Firefox/52.0" "-"
51.136.22.0 - - [23/Nov/2023:00:51:30 -0500] "POST /xmlrpc.php HTTP/1.1" 200 403 edibledialect.com "-" "Mozilla/5.0 (Windows NT 10.0; Win64; x64) AppleWebKit/537.36 (KHTML, like Gecko) Chrome/57.0.2987.133 Safari/537.36" "-"
91.121.232.0 - - [23/Nov/2023:00:51:35 -0500] "POST /xmlrpc.php HTTP/1.1" 200 403 edibledialect.com "-" "Mozilla/5.0 (Windows NT 6.1; WOW64; rv:45.0) Gecko/20100101 Firefox/45.0" "-"
67.227.227.0 - - [23/Nov/2023:00:51:36 -0500] "POST /xmlrpc.php HTTP/1.1" 200 403 edibledialect.com "-" "Mozilla/5.0 (Windows NT 10.0; Win64; x64) AppleWebKit/537.36 (KHTML, like Gecko) Chrome/81.0.4044.138 Safari/537.36" "-"
67.227.227.0 - - [23/Nov/2023:00:51:37 -0500] "POST /xmlrpc.php HTTP/1.1" 200 403 edibledialect.com "-" "Mozilla/5.0 (Windows NT 10.0; Win64; x64) AppleWebKit/537.36 (KHTML, like Gecko) Chrome/79.0.3945.117 Safari/537.36" "-"
185.98.5.0 - - [23/Nov/2023:00:51:38 -0500] "POST /xmlrpc.php HTTP/1.1" 200 403 edibledialect.com "-" "Mozilla/5.0 (Windows NT 10.0; Win64; x64) AppleWebKit/537.36 (KHTML, like Gecko) Chrome/78.0.3904.108 Safari/537.36" "-"
103.146.22.0 - - [23/Nov/2023:00:51:38 -0500] "POST /xmlrpc.php HTTP/1.1" 200 403 edibledialect.com "-" "Mozilla/5.0 (Windows NT 10.0; Win64; x64) AppleWebKit/537.36 (KHTML, like Gecko) Chrome/74.0.3729.157 Safari/537.36" "-"
92.47.181.0 - - [23/Nov/2023:00:51:42 -0500] "POST /xmlrpc.php HTTP/1.1" 200 403 edibledialect.com "-" "Mozilla/5.0 (iPad; CPU OS 14_6 like Mac OS X) AppleWebKit/605.1.15 (KHTML, like Gecko) CriOS/91.0.4472.80 Mobile/15E148 Safari/604.1" "-"
134.122.36.0 - - [23/Nov/2023:00:51:43 -0500] "POST /xmlrpc.php HTTP/1.1" 200 403 edibledialect.com "-" "Mozilla/5.0 (Windows NT 5.1; rv:7.0.1) Gecko/20100101 Firefox/7.0.1" "-"
103.175.207.0 - - [23/Nov/2023:00:51:45 -0500] "POST /xmlrpc.php HTTP/1.1" 200 403 edibledialect.com "-" "Mozilla/5.0 (Windows NT 6.1; WOW64; rv:44.0) Gecko/20100101 Firefox/44.0" "-"
103.127.198.0 - - [23/Nov/2023:00:51:47 -0500] "POST /xmlrpc.php HTTP/1.1" 200 403 edibledialect.com "-" "Mozilla/5.0 (Windows NT 10.0; Win64; x64; rv:62.0) Gecko/20100101 Firefox/62.0" "-"
173.212.240.0 - - [23/Nov/2023:00:51:48 -0500] "POST /xmlrpc.php HTTP/1.1" 200 403 edibledialect.com "-" "Mozilla/5.0 (Windows NT 5.1; rv:40.0) Gecko/20100101 Firefox/40.0" "-"
139.59.76.0 - - [23/Nov/2023:00:51:52 -0500] "POST /xmlrpc.php HTTP/1.1" 200 403 edibledialect.com "-" "Mozilla/5.0 (Windows NT 10.0; WOW64; rv:54.0) Gecko/20100101 Firefox/54.0" "-"
139.59.24.0 - - [23/Nov/2023:00:51:53 -0500] "POST /xmlrpc.php HTTP/1.1" 200 403 edibledialect.com "-" "Mozilla/5.0 (Windows NT 6.1; rv:52.0) Gecko/20100101 Firefox/52.0" "-"
57.128.118.0 - - [23/Nov/2023:00:52:51 -0500] "GET /wp-login.php HTTP/1.1" 200 6678 edibledialect.com "" "Mozilla/5.0 (Windows NT 10.0; Win64; x64; rv:109.0) Gecko/20100101 Firefox/119.0" "-"
57.128.118.0 - - [23/Nov/2023:00:52:51 -0500] "GET /wp-json/wp/v2/users HTTP/1.1" 200 655 edibledialect.com "" "Mozilla/5.0 (Windows NT 10.0; Win64; x64; rv:109.0) Gecko/20100101 Firefox/119.0" "-"
57.128.118.0 - - [23/Nov/2023:00:52:59 -0500] "POST /wp-login.php HTTP/1.1" 200 7106 edibledialect.com "http://edibledialect.com/wp-login.php?redirect_to=http%3A%2F%2Fedibledialect.com%2Fwp-admin%2F" "Mozilla/5.0 (Windows NT 10.0; Win64; x64; rv:109.0) Gecko/20100101 Firefox/119.0" "-"
5.101.157.0 - - [23/Nov/2023:00:58:23 -0500] "GET /wp-login.php HTTP/1.1" 200 6678 edibledialect.com "" "Mozilla/5.0 (Windows NT 10.0; Win64; x64; rv:109.0) Gecko/20100101 Firefox/119.0" "-"
5.101.157.0 - - [23/Nov/2023:00:58:24 -0500] "GET /wp-json/wp/v2/users HTTP/1.1" 200 655 edibledialect.com "" "Mozilla/5.0 (Windows NT 10.0; Win64; x64; rv:109.0) Gecko/20100101 Firefox/119.0" "-"
85.208.96.0 - - [23/Nov/2023:01:01:25 -0500] "GET /robots.txt HTTP/1.1" 200 172 www.edibledialect.com "-" "Mozilla/5.0 (compatible; SemrushBot/7~bl; +http://www.semrush.com/bot.html)" "-"
185.191.171.0 - - [23/Nov/2023:01:01:26 -0500] "GET /manhattan/chandni-restaurant HTTP/1.1" 200 32419 www.edibledialect.com "-" "Mozilla/5.0 (compatible; SemrushBot/7~bl; +http://www.semrush.com/bot.html)" "-"
185.191.171.0 - - [23/Nov/2023:01:01:59 -0500] "GET /category/latin-american HTTP/1.1" 200 27929 www.edibledialect.com "-" "Mozilla/5.0 (compatible; SemrushBot/7~bl; +http://www.semrush.com/bot.html)" "-"
185.177.155.0 - - [23/Nov/2023:01:09:23 -0500] "GET /wp-login.php HTTP/1.1" 503 299 edibledialect.com "-" "Mozilla/5.0 (X11; Ubuntu; Linux x86_64; rv:62.0) Gecko/20100101 Firefox/62.0" "-"
185.177.155.0 - - [23/Nov/2023:01:09:23 -0500] "POST /wp-login.php HTTP/1.1" 503 299 edibledialect.com "-" "Mozilla/5.0 (X11; Ubuntu; Linux x86_64; rv:62.0) Gecko/20100101 Firefox/62.0" "-"
185.177.155.0 - - [23/Nov/2023:01:09:23 -0500] "POST /xmlrpc.php HTTP/1.1" 503 299 edibledialect.com "-" "Mozilla/5.0 (X11; Ubuntu; Linux x86_64; rv:62.0) Gecko/20100101 Firefox/62.0" "-"
5.101.156.0 - - [23/Nov/2023:01:09:54 -0500] "GET /wp-login.php HTTP/1.1" 200 6678 edibledialect.com "" "Mozilla/5.0 (Windows NT 10.0; Win64; x64; rv:109.0) Gecko/20100101 Firefox/119.0" "-"
5.101.156.0 - - [23/Nov/2023:01:09:55 -0500] "GET /wp-json/wp/v2/users HTTP/1.1" 200 655 edibledialect.com "" "Mozilla/5.0 (Windows NT 10.0; Win64; x64; rv:109.0) Gecko/20100101 Firefox/119.0" "-"
2a02:598:100:: - - [23/Nov/2023:01:12:02 -0500] "GET /uncategorized/grimm-artisanal-ales HTTP/1.1" 200 29180 www.edibledialect.com "-" "Mozilla/5.0 (compatible; SeznamBot/4.0; +http://napoveda.seznam.cz/seznambot-intro/)" "-"
74.208.59.0 - - [23/Nov/2023:01:32:39 -0500] "POST /wp-cron.php?doing_wp_cron=1700721159.7083210945129394531250 HTTP/1.1" 200 - www.edibledialect.com "http://www.edibledialect.com/wp-cron.php?doing_wp_cron=1700721159.7083210945129394531250" "WordPress/5.5.13; http://www.edibledialect.com" "-"
15.235.15.0 - - [23/Nov/2023:01:32:39 -0500] "GET / HTTP/1.1" 301 - edibledialect.com "-" "-" "-"
91.92.252.0 - - [23/Nov/2023:01:33:58 -0500] "GET /max.php HTTP/1.1" 404 18409 www.edibledialect.com "www.google.com" "Mozlila/5.0 (Linux; Android 7.0; SM-G892A Bulid/NRD90M; wv) AppleWebKit/537.36 (KHTML, like Gecko) Version/4.0 Chrome/60.0.3112.107 Moblie Safari/537.36" "-"
159.223.185.0 - - [23/Nov/2023:01:34:23 -0500] "GET /wp-login.php HTTP/1.1" 503 299 edibledialect.com "-" "Mozilla/5.0 (X11; Ubuntu; Linux x86_64; rv:62.0) Gecko/20100101 Firefox/62.0" "-"
159.223.185.0 - - [23/Nov/2023:01:34:23 -0500] "POST /xmlrpc.php HTTP/1.1" 503 299 edibledialect.com "-" "Mozilla/5.0 (X11; Ubuntu; Linux x86_64; rv:62.0) Gecko/20100101 Firefox/62.0" "-"
91.92.252.0 - - [23/Nov/2023:01:34:35 -0500] "GET /.xas.php HTTP/1.1" 404 18409 www.edibledialect.com "www.google.com" "Mozlila/5.0 (Linux; Android 7.0; SM-G892A Bulid/NRD90M; wv) AppleWebKit/537.36 (KHTML, like Gecko) Version/4.0 Chrome/60.0.3112.107 Moblie Safari/537.36" "-"
87.236.20.0 - - [23/Nov/2023:01:44:02 -0500] "GET /wp-login.php HTTP/1.1" 200 6678 edibledialect.com "" "Mozilla/5.0 (Windows NT 10.0; Win64; x64; rv:109.0) Gecko/20100101 Firefox/119.0" "-"
87.236.20.0 - - [23/Nov/2023:01:44:03 -0500] "GET /wp-json/wp/v2/users HTTP/1.1" 200 655 edibledialect.com "" "Mozilla/5.0 (Windows NT 10.0; Win64; x64; rv:109.0) Gecko/20100101 Firefox/119.0" "-"
20.125.53.0 - - [23/Nov/2023:01:58:05 -0500] "GET /wp-content/uploads/2017/06/difara.jpg HTTP/1.1" 200 430182 www.edibledialect.com "-" "Mozilla/5.0 (X11; Ubuntu; Linux x86_64; rv:72.0) Gecko/20100101 Firefox/72.0" "-"
20.125.53.0 - - [23/Nov/2023:01:58:06 -0500] "GET /wp-content/uploads/2016/11/fet.jpg HTTP/1.1" 200 1163336 www.edibledialect.com "-" "Mozilla/5.0 (X11; Ubuntu; Linux x86_64; rv:72.0) Gecko/20100101 Firefox/72.0" "-"
20.125.53.0 - - [23/Nov/2023:01:58:06 -0500] "GET /wp-content/uploads/2016/11/Talde.jpg HTTP/1.1" 200 224505 www.edibledialect.com "-" "Mozilla/5.0 (X11; Ubuntu; Linux x86_64; rv:72.0) Gecko/20100101 Firefox/72.0" "-"
40.77.167.0 - - [23/Nov/2023:02:26:07 -0500] "GET /wp-sitemap-users-1.xml HTTP/1.1" 200 330 www.edibledialect.com "-" "Mozilla/5.0 AppleWebKit/537.36 (KHTML, like Gecko; compatible; bingbot/2.0; +http://www.bing.com/bingbot.htm) Chrome/116.0.1938.76 Safari/537.36" "-"
20.125.53.0 - - [23/Nov/2023:02:26:45 -0500] "GET /wp-content/uploads/2017/07/Tikka.jpg HTTP/1.1" 200 340674 www.edibledialect.com "-" "Mozilla/5.0 (X11; Ubuntu; Linux x86_64; rv:72.0) Gecko/20100101 Firefox/72.0" "-"
20.125.53.0 - - [23/Nov/2023:02:26:45 -0500] "GET /wp-content/uploads/2017/01/Duzan.jpg HTTP/1.1" 200 308982 www.edibledialect.com "-" "Mozilla/5.0 (X11; Ubuntu; Linux x86_64; rv:72.0) Gecko/20100101 Firefox/72.0" "-"
20.125.53.0 - - [23/Nov/2023:02:26:45 -0500] "GET /wp-content/uploads/2017/01/LosPortales.jpg HTTP/1.1" 200 361480 www.edibledialect.com "-" "Mozilla/5.0 (X11; Ubuntu; Linux x86_64; rv:72.0) Gecko/20100101 Firefox/72.0" "-"
20.125.53.0 - - [23/Nov/2023:02:26:45 -0500] "GET /wp-content/uploads/2017/01/Chivito.jpg HTTP/1.1" 200 341198 www.edibledialect.com "-" "Mozilla/5.0 (X11; Ubuntu; Linux x86_64; rv:72.0) Gecko/20100101 Firefox/72.0" "-"
74.208.59.0 - - [23/Nov/2023:02:28:10 -0500] "POST /wp-cron.php?doing_wp_cron=1700724490.7620959281921386718750 HTTP/1.1" 200 - www.edibledialect.com "http://www.edibledialect.com/wp-cron.php?doing_wp_cron=1700724490.7620959281921386718750" "WordPress/5.5.13; http://www.edibledialect.com" "-"
198.98.48.0 - - [23/Nov/2023:02:28:10 -0500] "GET /wp-login.php HTTP/1.1" 200 6678 www.edibledialect.com "-" "Mozilla/5.0 (Macintosh; Intel Mac OS X 10_9_3) AppleWebKit/537.75.14 (KHTML, like Gecko) Version/7.0.3 Safari/537.75.14" "-"
198.98.48.0 - - [23/Nov/2023:02:28:22 -0500] "POST /wp-login.php HTTP/1.1" 200 6965 www.edibledialect.com "-" "Mozilla/5.0 (Macintosh; Intel Mac OS X 10_9_3) AppleWebKit/537.75.14 (KHTML, like Gecko) Version/7.0.3 Safari/537.75.14" "-"
2a01:4f8:100:: - - [23/Nov/2023:02:35:52 -0500] "GET /wp-login.php HTTP/1.1" 503 299 edibledialect.com "-" "Mozilla/5.0 (X11; Ubuntu; Linux x86_64; rv:62.0) Gecko/20100101 Firefox/62.0" "-"
2a01:4f8:100:: - - [23/Nov/2023:02:36:04 -0500] "POST /wp-login.php HTTP/1.1" 503 299 edibledialect.com "-" "Mozilla/5.0 (X11; Ubuntu; Linux x86_64; rv:62.0) Gecko/20100101 Firefox/62.0" "-"
2a01:4f8:100:: - - [23/Nov/2023:02:36:04 -0500] "POST /xmlrpc.php HTTP/1.1" 503 299 edibledialect.com "-" "Mozilla/5.0 (X11; Ubuntu; Linux x86_64; rv:62.0) Gecko/20100101 Firefox/62.0" "-"
185.191.171.0 - - [23/Nov/2023:02:37:56 -0500] "GET /robots.txt HTTP/1.1" 200 172 www.edibledialect.com "-" "Mozilla/5.0 (compatible; SemrushBot/7~bl; +http://www.semrush.com/bot.html)" "-"
185.191.171.0 - - [23/Nov/2023:02:37:57 -0500] "GET /tag/bao HTTP/1.1" 200 23852 www.edibledialect.com "-" "Mozilla/5.0 (compatible; SemrushBot/7~bl; +http://www.semrush.com/bot.html)" "-"
64.23.136.0 - - [23/Nov/2023:02:45:05 -0500] "GET / HTTP/1.1" 200 54800 www.edibledialect.com "-" "Mozilla/5.0 (X11; Linux x86_64) AppleWebKit/537.36 (KHTML, like Gecko) Chrome/108.0.0.0 Safari/537.36" "-"
85.208.96.0 - - [23/Nov/2023:02:50:30 -0500] "GET /uncategorized/blue-hill-at-stone-barns HTTP/1.1" 200 29270 www.edibledialect.com "-" "Mozilla/5.0 (compatible; SemrushBot/7~bl; +http://www.semrush.com/bot.html)" "-"
74.208.59.0 - - [23/Nov/2023:02:50:31 -0500] "POST /wp-cron.php?doing_wp_cron=1700725831.1727669239044189453125 HTTP/1.1" 200 - www.edibledialect.com "http://www.edibledialect.com/wp-cron.php?doing_wp_cron=1700725831.1727669239044189453125" "WordPress/5.5.13; http://www.edibledialect.com" "-"
91.92.245.0 - - [23/Nov/2023:02:59:00 -0500] "GET //wp-content/plugins/fix/up.php HTTP/1.1" 301 - edibledialect.com "-" "Mozilla/5.0 (Windows NT 10.0; Win64; x64) AppleWebKit/537.36 (KHTML, like Gecko) Chrome/85.0.4183.102 Safari/537.36" "-"
91.92.245.0 - - [23/Nov/2023:02:59:01 -0500] "GET /wp-content/plugins/fix/up.php HTTP/1.1" 404 18399 www.edibledialect.com "-" "Mozilla/5.0 (Windows NT 10.0; Win64; x64) AppleWebKit/537.36 (KHTML, like Gecko) Chrome/85.0.4183.102 Safari/537.36" "-"
5.101.157.0 - - [23/Nov/2023:03:04:53 -0500] "GET /wp-login.php HTTP/1.1" 200 6678 edibledialect.com "" "Mozilla/5.0 (Windows NT 10.0; Win64; x64; rv:109.0) Gecko/20100101 Firefox/119.0" "-"
5.101.157.0 - - [23/Nov/2023:03:04:54 -0500] "GET /wp-json/wp/v2/users HTTP/1.1" 200 655 edibledialect.com "" "Mozilla/5.0 (Windows NT 10.0; Win64; x64; rv:109.0) Gecko/20100101 Firefox/119.0" "-"
15.235.15.0 - - [23/Nov/2023:03:05:44 -0500] "GET / HTTP/1.1" 200 54800 www.edibledialect.com "-" "-" "-"
213.230.87.0 - - [23/Nov/2023:03:08:13 -0500] "GET /wp-login.php HTTP/1.1" 503 299 edibledialect.com "-" "Mozilla/5.0 (X11; Ubuntu; Linux x86_64; rv:62.0) Gecko/20100101 Firefox/62.0" "-"
213.230.87.0 - - [23/Nov/2023:03:08:25 -0500] "POST /wp-login.php HTTP/1.1" 503 299 edibledialect.com "-" "Mozilla/5.0 (X11; Ubuntu; Linux x86_64; rv:62.0) Gecko/20100101 Firefox/62.0" "-"
213.230.87.0 - - [23/Nov/2023:03:08:26 -0500] "POST /xmlrpc.php HTTP/1.1" 503 299 edibledialect.com "-" "Mozilla/5.0 (X11; Ubuntu; Linux x86_64; rv:62.0) Gecko/20100101 Firefox/62.0" "-"
2a02:598:100:: - - [23/Nov/2023:03:28:14 -0500] "GET /new-front-page HTTP/1.1" 200 55220 www.edibledialect.com "-" "Mozilla/5.0 (compatible; SeznamBot/4.0; +http://napoveda.seznam.cz/seznambot-intro/)" "-"
74.208.59.0 - - [23/Nov/2023:03:28:15 -0500] "POST /wp-cron.php?doing_wp_cron=1700728095.0966310501098632812500 HTTP/1.1" 200 - www.edibledialect.com "http://www.edibledialect.com/wp-cron.php?doing_wp_cron=1700728095.0966310501098632812500" "WordPress/5.5.13; http://www.edibledialect.com" "-"
139.59.25.0 - - [23/Nov/2023:03:29:18 -0500] "GET /wp-login.php HTTP/1.1" 503 299 edibledialect.com "-" "Mozilla/5.0 (X11; Ubuntu; Linux x86_64; rv:62.0) Gecko/20100101 Firefox/62.0" "-"
139.59.25.0 - - [23/Nov/2023:03:29:30 -0500] "POST /wp-login.php HTTP/1.1" 503 299 edibledialect.com "-" "Mozilla/5.0 (X11; Ubuntu; Linux x86_64; rv:62.0) Gecko/20100101 Firefox/62.0" "-"
139.59.25.0 - - [23/Nov/2023:03:29:31 -0500] "POST /xmlrpc.php HTTP/1.1" 503 299 edibledialect.com "-" "Mozilla/5.0 (X11; Ubuntu; Linux x86_64; rv:62.0) Gecko/20100101 Firefox/62.0" "-"
158.220.103.0 - - [23/Nov/2023:03:30:33 -0500] "GET /.env HTTP/1.1" 301 - edibledialect.com "-" "Mozilla/5.0 (X11; Linux x86_64) AppleWebKit/537.36 (KHTML, like Gecko) Chrome/81.0.4044.129 Safari/537.36" "-"
158.220.103.0 - - [23/Nov/2023:03:30:36 -0500] "POST / HTTP/1.1" 200 54800 edibledialect.com "-" "Mozilla/5.0 (X11; Linux x86_64) AppleWebKit/537.36 (KHTML, like Gecko) Chrome/81.0.4044.129 Safari/537.36" "-"
91.92.246.0 - - [23/Nov/2023:03:36:52 -0500] "GET //wp-content/plugins/fix/up.php HTTP/1.1" 301 - edibledialect.com "-" "Mozilla/5.0 (Windows NT 10.0; Win64; x64) AppleWebKit/537.36 (KHTML, like Gecko) Chrome/85.0.4183.102 Safari/537.36" "-"
91.92.246.0 - - [23/Nov/2023:03:36:53 -0500] "GET /wp-content/plugins/fix/up.php HTTP/1.1" 404 18399 www.edibledialect.com "-" "Mozilla/5.0 (Windows NT 10.0; Win64; x64) AppleWebKit/537.36 (KHTML, like Gecko) Chrome/85.0.4183.102 Safari/537.36" "-"
38.145.203.0 - - [23/Nov/2023:03:58:48 -0500] "GET /wp-content/uploads/2017/01/Out.jpg HTTP/1.1" 200 348195 www.edibledialect.com "-" "Mozilla/5.0 (X11; Ubuntu; Linux x86_64; rv:72.0) Gecko/20100101 Firefox/72.0" "-"
38.145.203.0 - - [23/Nov/2023:03:58:48 -0500] "GET /wp-content/uploads/2016/09/palma.jpg HTTP/1.1" 200 173195 www.edibledialect.com "-" "Mozilla/5.0 (X11; Ubuntu; Linux x86_64; rv:72.0) Gecko/20100101 Firefox/72.0" "-"
38.145.203.0 - - [23/Nov/2023:03:58:48 -0500] "GET /wp-content/uploads/2017/01/LosPortales.jpg HTTP/1.1" 200 361480 www.edibledialect.com "-" "Mozilla/5.0 (X11; Ubuntu; Linux x86_64; rv:72.0) Gecko/20100101 Firefox/72.0" "-"
103.118.27.0 - - [23/Nov/2023:04:01:39 -0500] "GET /wp-login.php HTTP/1.1" 503 299 edibledialect.com "-" "Mozilla/5.0 (X11; Ubuntu; Linux x86_64; rv:62.0) Gecko/20100101 Firefox/62.0" "-"
103.118.27.0 - - [23/Nov/2023:04:01:40 -0500] "POST /wp-login.php HTTP/1.1" 503 299 edibledialect.com "-" "Mozilla/5.0 (X11; Ubuntu; Linux x86_64; rv:62.0) Gecko/20100101 Firefox/62.0" "-"
103.118.27.0 - - [23/Nov/2023:04:01:41 -0500] "POST /xmlrpc.php HTTP/1.1" 503 299 edibledialect.com "-" "Mozilla/5.0 (X11; Ubuntu; Linux x86_64; rv:62.0) Gecko/20100101 Firefox/62.0" "-"
2a02:598:100:: - - [23/Nov/2023:04:11:13 -0500] "GET /sitemap-pt-post-2021-03.xml HTTP/1.1" 200 499 www.edibledialect.com "-" "Mozilla/5.0 (compatible; SeznamBot/4.0; +http://napoveda.seznam.cz/seznambot-intro/)" "-"
20.125.53.0 - - [23/Nov/2023:04:13:26 -0500] "GET /wp-content/uploads/2017/07/Tikka.jpg HTTP/1.1" 200 340674 www.edibledialect.com "-" "Mozilla/5.0 (X11; Ubuntu; Linux x86_64; rv:72.0) Gecko/20100101 Firefox/72.0" "-"
20.125.53.0 - - [23/Nov/2023:04:13:26 -0500] "GET /wp-content/uploads/2017/06/joju.jpg HTTP/1.1" 200 270095 www.edibledialect.com "-" "Mozilla/5.0 (X11; Ubuntu; Linux x86_64; rv:72.0) Gecko/20100101 Firefox/72.0" "-"
20.125.53.0 - - [23/Nov/2023:04:13:27 -0500] "GET /wp-content/uploads/2017/04/alsham.jpg HTTP/1.1" 200 338347 www.edibledialect.com "-" "Mozilla/5.0 (X11; Ubuntu; Linux x86_64; rv:72.0) Gecko/20100101 Firefox/72.0" "-"
20.125.53.0 - - [23/Nov/2023:04:13:27 -0500] "GET /wp-content/uploads/2017/01/Chivito.jpg HTTP/1.1" 200 341198 www.edibledialect.com "-" "Mozilla/5.0 (X11; Ubuntu; Linux x86_64; rv:72.0) Gecko/20100101 Firefox/72.0" "-"
150.129.100.0 - - [23/Nov/2023:04:14:00 -0500] "GET /wp-login.php HTTP/1.1" 200 6678 www.edibledialect.com "http://www.edibledialect.com/wp-login.php" "Mozilla/5.0 (Windows NT 6.1) AppleWebKit/537.36 (KHTML, like Gecko) Chrome/70.0.3538.77 Safari/537.36" "-"
150.129.100.0 - - [23/Nov/2023:04:14:12 -0500] "POST /wp-login.php HTTP/1.1" 200 7112 www.edibledialect.com "https://thefourth-coworking-rennes.fr/wp-login.php" "Mozilla/5.0 (Windows NT 6.1) AppleWebKit/537.36 (KHTML, like Gecko) Chrome/70.0.3538.77 Safari/537.36" "-"
40.77.167.0 - - [23/Nov/2023:04:15:50 -0500] "GET /wp-sitemap-taxonomies-post_tag-1.xml HTTP/1.1" 200 2458 www.edibledialect.com "-" "Mozilla/5.0 AppleWebKit/537.36 (KHTML, like Gecko; compatible; bingbot/2.0; +http://www.bing.com/bingbot.htm) Chrome/116.0.1938.76 Safari/537.36" "-"
148.72.23.0 - - [23/Nov/2023:04:22:21 -0500] "GET /wp-login.php HTTP/1.1" 503 299 edibledialect.com "-" "Mozilla/5.0 (X11; Ubuntu; Linux x86_64; rv:62.0) Gecko/20100101 Firefox/62.0" "-"
148.72.23.0 - - [23/Nov/2023:04:22:33 -0500] "POST /wp-login.php HTTP/1.1" 503 299 edibledialect.com "-" "Mozilla/5.0 (X11; Ubuntu; Linux x86_64; rv:62.0) Gecko/20100101 Firefox/62.0" "-"
148.72.23.0 - - [23/Nov/2023:04:22:33 -0500] "POST /xmlrpc.php HTTP/1.1" 503 299 edibledialect.com "-" "Mozilla/5.0 (X11; Ubuntu; Linux x86_64; rv:62.0) Gecko/20100101 Firefox/62.0" "-"
185.191.171.0 - - [23/Nov/2023:04:28:35 -0500] "GET /robots.txt HTTP/1.1" 200 172 www.edibledialect.com "-" "Mozilla/5.0 (compatible; SemrushBot/7~bl; +http://www.semrush.com/bot.html)" "-"
74.208.59.0 - - [23/Nov/2023:04:28:36 -0500] "POST /wp-cron.php?doing_wp_cron=1700731716.0903968811035156250000 HTTP/1.1" 200 - www.edibledialect.com "http://www.edibledialect.com/wp-cron.php?doing_wp_cron=1700731716.0903968811035156250000" "WordPress/5.5.13; http://www.edibledialect.com" "-"
85.208.96.0 - - [23/Nov/2023:04:28:36 -0500] "GET /category/labenese HTTP/1.1" 200 24010 www.edibledialect.com "-" "Mozilla/5.0 (compatible; SemrushBot/7~bl; +http://www.semrush.com/bot.html)" "-"
192.99.36.0 - - [23/Nov/2023:04:29:23 -0500] "GET /robots.txt HTTP/1.1" 200 172 www.edibledialect.com "-" "Mozilla/5.0 (compatible; MJ12bot/v1.4.8; http://mj12bot.com/)" "-"
192.99.36.0 - - [23/Nov/2023:04:29:25 -0500] "GET /brooklyn/di-fara-pizza/feed HTTP/1.1" 200 791 www.edibledialect.com "-" "Mozilla/5.0 (compatible; MJ12bot/v1.4.8; http://mj12bot.com/)" "-"
192.99.36.0 - - [23/Nov/2023:04:29:27 -0500] "GET /queens/thai-son/feed HTTP/1.1" 200 773 www.edibledialect.com "-" "Mozilla/5.0 (compatible; MJ12bot/v1.4.8; http://mj12bot.com/)" "-"
212.30.36.0 - - [23/Nov/2023:04:34:53 -0500] "GET /.env HTTP/1.1" 301 - edibledialect.com "-" "Go-http-client/1.1" "-"
185.191.171.0 - - [23/Nov/2023:04:37:19 -0500] "GET /queens/shuya-cafe-queens-astoria-ramen HTTP/1.1" 200 34290 www.edibledialect.com "-" "Mozilla/5.0 (compatible; SemrushBot/7~bl; +http://www.semrush.com/bot.html)" "-"
198.98.48.0 - - [23/Nov/2023:04:37:37 -0500] "GET /wp-login.php HTTP/1.1" 200 6678 www.edibledialect.com "-" "Mozilla/5.0 (X11; Linux x86_64) AppleWebKit/537.36 (KHTML, like Gecko) Ubuntu Chromium/36.0.1985.125 Chrome/36.0.1985.125 Safari/537.36" "-"
198.98.48.0 - - [23/Nov/2023:04:37:49 -0500] "POST /wp-login.php HTTP/1.1" 200 6965 www.edibledialect.com "-" "Mozilla/5.0 (X11; Linux x86_64) AppleWebKit/537.36 (KHTML, like Gecko) Ubuntu Chromium/36.0.1985.125 Chrome/36.0.1985.125 Safari/537.36" "-"
38.145.203.0 - - [23/Nov/2023:04:41:18 -0500] "GET /wp-content/uploads/2016/12/phayul.jpg HTTP/1.1" 200 41653 www.edibledialect.com "-" "Mozilla/5.0 (X11; Ubuntu; Linux x86_64; rv:72.0) Gecko/20100101 Firefox/72.0" "-"
38.145.203.0 - - [23/Nov/2023:04:41:18 -0500] "GET /wp-content/uploads/2016/11/Dimsum.jpg HTTP/1.1" 200 84745 www.edibledialect.com "-" "Mozilla/5.0 (X11; Ubuntu; Linux x86_64; rv:72.0) Gecko/20100101 Firefox/72.0" "-"
38.145.203.0 - - [23/Nov/2023:04:41:18 -0500] "GET /wp-content/uploads/2017/01/LosPortales.jpg HTTP/1.1" 200 361480 www.edibledialect.com "-" "Mozilla/5.0 (X11; Ubuntu; Linux x86_64; rv:72.0) Gecko/20100101 Firefox/72.0" "-"
38.145.203.0 - - [23/Nov/2023:04:41:18 -0500] "GET /wp-content/uploads/2017/03/Sacs.png HTTP/1.1" 200 1003657 www.edibledialect.com "-" "Mozilla/5.0 (X11; Ubuntu; Linux x86_64; rv:72.0) Gecko/20100101 Firefox/72.0" "-"
114.119.144.0 - - [23/Nov/2023:04:42:02 -0500] "GET /robots.txt HTTP/1.1" 200 172 www.edibledialect.com "-" "Mozilla/5.0 (compatible;PetalBot;+https://webmaster.petalsearch.com/site/petalbot)" "-"
40.77.167.0 - - [23/Nov/2023:04:52:12 -0500] "GET /wp-sitemap-taxonomies-category-1.xml HTTP/1.1" 200 2853 www.edibledialect.com "-" "Mozilla/5.0 AppleWebKit/537.36 (KHTML, like Gecko; compatible; bingbot/2.0; +http://www.bing.com/bingbot.htm) Chrome/116.0.1938.76 Safari/537.36" "-"
40.77.167.0 - - [23/Nov/2023:04:55:14 -0500] "GET /tag/chinese HTTP/1.1" 200 34527 www.edibledialect.com "-" "Mozilla/5.0 AppleWebKit/537.36 (KHTML, like Gecko; compatible; bingbot/2.0; +http://www.bing.com/bingbot.htm) Chrome/116.0.1938.76 Safari/537.36" "-"
137.184.195.0 - - [23/Nov/2023:04:55:35 -0500] "GET /wp-login.php HTTP/1.1" 503 299 edibledialect.com "-" "Mozilla/5.0 (X11; Ubuntu; Linux x86_64; rv:62.0) Gecko/20100101 Firefox/62.0" "-"
137.184.195.0 - - [23/Nov/2023:04:55:35 -0500] "POST /wp-login.php HTTP/1.1" 503 299 edibledialect.com "-" "Mozilla/5.0 (X11; Ubuntu; Linux x86_64; rv:62.0) Gecko/20100101 Firefox/62.0" "-"
137.184.195.0 - - [23/Nov/2023:04:55:36 -0500] "POST /xmlrpc.php HTTP/1.1" 503 299 edibledialect.com "-" "Mozilla/5.0 (X11; Ubuntu; Linux x86_64; rv:62.0) Gecko/20100101 Firefox/62.0" "-"
20.125.53.0 - - [23/Nov/2023:04:57:45 -0500] "GET /wp-content/uploads/2016/09/palma.jpg HTTP/1.1" 200 173195 www.edibledialect.com "-" "Mozilla/5.0 (X11; Ubuntu; Linux x86_64; rv:72.0) Gecko/20100101 Firefox/72.0" "-"
20.125.53.0 - - [23/Nov/2023:04:57:45 -0500] "GET /wp-content/uploads/2017/01/LosPortales.jpg HTTP/1.1" 200 361480 www.edibledialect.com "-" "Mozilla/5.0 (X11; Ubuntu; Linux x86_64; rv:72.0) Gecko/20100101 Firefox/72.0" "-"
20.125.53.0 - - [23/Nov/2023:04:57:45 -0500] "GET /wp-content/uploads/2017/01/Out.jpg HTTP/1.1" 200 348195 www.edibledialect.com "-" "Mozilla/5.0 (X11; Ubuntu; Linux x86_64; rv:72.0) Gecko/20100101 Firefox/72.0" "-"
98.70.24.0 - - [23/Nov/2023:05:11:36 -0500] "GET /style.php?sig=update&domain=51.79.124.111 HTTP/1.1" 301 - edibledialect.com "www.google.com" "Mozlila/5.0 (Linux; Android 7.0; SM-G892A Bulid/NRD90M; wv) AppleWebKit/537.36 (KHTML, like Gecko) Version/4.0 Chrome/60.0.3112.107 Moblie Safari/537.36" "-"
98.70.24.0 - - [23/Nov/2023:05:11:50 -0500] "GET /style.php?sig=update&domain=51.79.124.111 HTTP/1.1" 404 18409 www.edibledialect.com "www.google.com" "Mozlila/5.0 (Linux; Android 7.0; SM-G892A Bulid/NRD90M; wv) AppleWebKit/537.36 (KHTML, like Gecko) Version/4.0 Chrome/60.0.3112.107 Moblie Safari/537.36" "-"
185.191.171.0 - - [23/Nov/2023:05:13:18 -0500] "GET /tag/himalayan HTTP/1.1" 200 24011 www.edibledialect.com "-" "Mozilla/5.0 (compatible; SemrushBot/7~bl; +http://www.semrush.com/bot.html)" "-"
139.59.9.0 - - [23/Nov/2023:05:16:49 -0500] "GET /wp-login.php HTTP/1.1" 503 299 edibledialect.com "-" "Mozilla/5.0 (X11; Ubuntu; Linux x86_64; rv:62.0) Gecko/20100101 Firefox/62.0" "-"
139.59.9.0 - - [23/Nov/2023:05:17:01 -0500] "POST /wp-login.php HTTP/1.1" 503 299 edibledialect.com "-" "Mozilla/5.0 (X11; Ubuntu; Linux x86_64; rv:62.0) Gecko/20100101 Firefox/62.0" "-"
139.59.9.0 - - [23/Nov/2023:05:17:01 -0500] "POST /xmlrpc.php HTTP/1.1" 503 299 edibledialect.com "-" "Mozilla/5.0 (X11; Ubuntu; Linux x86_64; rv:62.0) Gecko/20100101 Firefox/62.0" "-"
85.208.96.0 - - [23/Nov/2023:05:21:25 -0500] "GET /author/admin HTTP/1.1" 200 72199 www.edibledialect.com "-" "Mozilla/5.0 (compatible; SemrushBot/7~bl; +http://www.semrush.com/bot.html)" "-"
185.191.171.0 - - [23/Nov/2023:05:22:04 -0500] "GET /tag/manhattan HTTP/1.1" 200 43356 www.edibledialect.com "-" "Mozilla/5.0 (compatible; SemrushBot/7~bl; +http://www.semrush.com/bot.html)" "-"
20.125.53.0 - - [23/Nov/2023:05:24:15 -0500] "GET /wp-content/uploads/2016/12/phayul.jpg HTTP/1.1" 200 41653 www.edibledialect.com "-" "Mozilla/5.0 (X11; Ubuntu; Linux x86_64; rv:72.0) Gecko/20100101 Firefox/72.0" "-"
20.125.53.0 - - [23/Nov/2023:05:24:15 -0500] "GET /wp-content/uploads/2017/01/LosPortales.jpg HTTP/1.1" 200 361480 www.edibledialect.com "-" "Mozilla/5.0 (X11; Ubuntu; Linux x86_64; rv:72.0) Gecko/20100101 Firefox/72.0" "-"
20.125.53.0 - - [23/Nov/2023:05:24:15 -0500] "GET /wp-content/uploads/2017/03/Sacs.png HTTP/1.1" 200 1003657 www.edibledialect.com "-" "Mozilla/5.0 (X11; Ubuntu; Linux x86_64; rv:72.0) Gecko/20100101 Firefox/72.0" "-"
20.125.53.0 - - [23/Nov/2023:05:24:15 -0500] "GET /wp-content/uploads/2016/11/Dimsum.jpg HTTP/1.1" 200 84745 www.edibledialect.com "-" "Mozilla/5.0 (X11; Ubuntu; Linux x86_64; rv:72.0) Gecko/20100101 Firefox/72.0" "-"
182.44.9.0 - - [23/Nov/2023:05:25:35 -0500] "GET / HTTP/1.1" 301 - edibledialect.com "-" "Mozilla/5.0 (iPhone; CPU iPhone OS 13_2_3 like Mac OS X) AppleWebKit/605.1.15 (KHTML, like Gecko) Version/13.0.3 Mobile/15E148 Safari/604.1" "-"
182.44.9.0 - - [23/Nov/2023:05:25:36 -0500] "GET / HTTP/1.1" 200 54810 www.edibledialect.com "http://edibledialect.com" "Mozilla/5.0 (iPhone; CPU iPhone OS 13_2_3 like Mac OS X) AppleWebKit/605.1.15 (KHTML, like Gecko) Version/13.0.3 Mobile/15E148 Safari/604.1" "-"
2a00:4fc0:: - - [23/Nov/2023:05:26:06 -0500] "POST /xmlrpc.php HTTP/1.1" 200 403 edibledialect.com "-" "Mozilla/5.0 (Windows NT 10.0; Win64; x64) AppleWebKit/537.36 (KHTML, like Gecko) Chrome/64.0.3282.186 Safari/537.36" "-"
158.255.78.0 - - [23/Nov/2023:05:26:10 -0500] "POST /xmlrpc.php HTTP/1.1" 200 403 edibledialect.com "-" "Mozilla/5.0 (Windows NT 5.1; rv:40.0) Gecko/20100101 Firefox/40.0" "-"
67.227.227.0 - - [23/Nov/2023:05:26:13 -0500] "POST /xmlrpc.php HTTP/1.1" 200 403 edibledialect.com "-" "Mozilla/5.0 (Linux; Android 10; SM-A205U) AppleWebKit/537.36 (KHTML, like Gecko) Chrome/91.0.4472.114 Mobile Safari/537.36" "-"
2a04:3740:: - - [23/Nov/2023:05:26:17 -0500] "POST /xmlrpc.php HTTP/1.1" 200 403 edibledialect.com "-" "Mozilla/5.0 (Windows NT 6.1; rv:52.0) Gecko/20100101 Firefox/52.0" "-"
45.159.115.0 - - [23/Nov/2023:05:26:18 -0500] "POST /xmlrpc.php HTTP/1.1" 200 403 edibledialect.com "-" "Mozilla/5.0 (Windows NT 10.0; Win64; x64; rv:59.0) Gecko/20100101 Firefox/59.0" "-"
2001:41d0:: - - [23/Nov/2023:05:26:19 -0500] "POST /xmlrpc.php HTTP/1.1" 200 403 edibledialect.com "-" "Mozilla/5.0 (Windows NT 6.1; Win64; x64; rv:58.0) Gecko/20100101 Firefox/58.0" "-"
34.198.74.0 - - [23/Nov/2023:05:26:23 -0500] "POST /xmlrpc.php HTTP/1.1" 200 403 edibledialect.com "-" "Mozilla/5.0 (Linux; Android 10; SM-A205U) AppleWebKit/537.36 (KHTML, like Gecko) Chrome/91.0.4472.114 Mobile Safari/537.36" "-"
203.113.174.0 - - [23/Nov/2023:05:26:26 -0500] "POST /xmlrpc.php HTTP/1.1" 200 403 edibledialect.com "-" "Mozilla/5.0 (Windows NT 6.1; WOW64; rv:50.0) Gecko/20100101 Firefox/50.0" "-"
91.121.232.0 - - [23/Nov/2023:05:26:28 -0500] "POST /xmlrpc.php HTTP/1.1" 200 403 edibledialect.com "-" "Mozilla/5.0 (Windows NT 6.2; Win64; x64) AppleWebKit/537.36 (KHTML, like Gecko) Chrome/60.0.3112.90 Safari/537.36" "-"
92.47.181.0 - - [23/Nov/2023:05:26:30 -0500] "POST /xmlrpc.php HTTP/1.1" 200 403 edibledialect.com "-" "Mozilla/5.0 (Windows NT 10.0; Win64; x64) AppleWebKit/537.36 (KHTML, like Gecko) Chrome/64.0.3282.186 Safari/537.36" "-"
52.179.185.0 - - [23/Nov/2023:05:26:34 -0500] "POST /xmlrpc.php HTTP/1.1" 200 403 edibledialect.com "-" "Mozilla/5.0 (Windows NT 5.1; rv:7.0.1) Gecko/20100101 Firefox/7.0.1" "-"
78.40.228.0 - - [23/Nov/2023:05:26:36 -0500] "POST /xmlrpc.php HTTP/1.1" 200 403 edibledialect.com "-" "Mozilla/5.0 (Windows NT 10.0; Win64; x64) AppleWebKit/537.36 (KHTML, like Gecko) Chrome/87.0.4280.88 Safari/537.36" "-"
203.113.174.0 - - [23/Nov/2023:05:26:39 -0500] "POST /xmlrpc.php HTTP/1.1" 200 403 edibledialect.com "-" "Mozilla/5.0 (Windows NT 10.0; Win64; x64) AppleWebKit/537.36 (KHTML, like Gecko) Chrome/85.0.4183.102 Safari/537.36" "-"
139.59.76.0 - - [23/Nov/2023:05:26:41 -0500] "POST /xmlrpc.php HTTP/1.1" 200 403 edibledialect.com "-" "Mozilla/5.0 (Windows NT 10.0; Win64; x64; rv:67.0) Gecko/20100101 Firefox/67.0" "-"
74.208.59.0 - - [23/Nov/2023:05:40:56 -0500] "POST /wp-cron.php?doing_wp_cron=1700736056.8273260593414306640625 HTTP/1.1" 200 - www.edibledialect.com "http://www.edibledialect.com/wp-cron.php?doing_wp_cron=1700736056.8273260593414306640625" "WordPress/5.5.13; http://www.edibledialect.com" "-"
185.191.171.0 - - [23/Nov/2023:05:40:56 -0500] "GET /robots.txt HTTP/1.1" 200 172 www.edibledialect.com "-" "Mozilla/5.0 (compatible; SemrushBot/7~bl; +http://www.semrush.com/bot.html)" "-"
185.191.171.0 - - [23/Nov/2023:05:40:57 -0500] "GET /tag/coffee HTTP/1.1" 200 23998 www.edibledialect.com "-" "Mozilla/5.0 (compatible; SemrushBot/7~bl; +http://www.semrush.com/bot.html)" "-"
85.208.96.0 - - [23/Nov/2023:05:41:00 -0500] "GET /tag/american HTTP/1.1" 200 29433 www.edibledialect.com "-" "Mozilla/5.0 (compatible; SemrushBot/7~bl; +http://www.semrush.com/bot.html)" "-"
108.179.253.0 - - [23/Nov/2023:05:41:32 -0500] "GET /wordpress/ HTTP/1.1" 301 - edibledialect.com "-" "-" "-"
108.179.253.0 - - [23/Nov/2023:05:41:33 -0500] "GET /wordpress/ HTTP/1.1" 404 18399 www.edibledialect.com "-" "-" "-"
142.93.233.0 - - [23/Nov/2023:05:43:57 -0500] "GET /wp-login.php HTTP/1.1" 200 6678 edibledialect.com "" "Mozilla/5.0 (Windows NT 10.0; Win64; x64; rv:109.0) Gecko/20100101 Firefox/119.0" "-"
142.93.233.0 - - [23/Nov/2023:05:43:57 -0500] "GET /wp-json/wp/v2/users HTTP/1.1" 200 655 edibledialect.com "" "Mozilla/5.0 (Windows NT 10.0; Win64; x64; rv:109.0) Gecko/20100101 Firefox/119.0" "-"
185.191.171.0 - - [23/Nov/2023:05:48:16 -0500] "GET /brooklyn/fette-sau HTTP/1.1" 200 30580 www.edibledialect.com "-" "Mozilla/5.0 (compatible; SemrushBot/7~bl; +http://www.semrush.com/bot.html)" "-"
51.68.224.0 - - [23/Nov/2023:05:49:01 -0500] "GET /wp-login.php HTTP/1.1" 503 299 edibledialect.com "-" "Mozilla/5.0 (X11; Ubuntu; Linux x86_64; rv:62.0) Gecko/20100101 Firefox/62.0" "-"
51.68.224.0 - - [23/Nov/2023:05:49:13 -0500] "POST /wp-login.php HTTP/1.1" 503 299 edibledialect.com "-" "Mozilla/5.0 (X11; Ubuntu; Linux x86_64; rv:62.0) Gecko/20100101 Firefox/62.0" "-"
51.68.224.0 - - [23/Nov/2023:05:49:13 -0500] "POST /xmlrpc.php HTTP/1.1" 503 299 edibledialect.com "-" "Mozilla/5.0 (X11; Ubuntu; Linux x86_64; rv:62.0) Gecko/20100101 Firefox/62.0" "-"
20.125.53.0 - - [23/Nov/2023:05:49:31 -0500] "GET /wp-content/uploads/2017/03/Sacs.png HTTP/1.1" 200 1003657 www.edibledialect.com "-" "Mozilla/5.0 (X11; Ubuntu; Linux x86_64; rv:72.0) Gecko/20100101 Firefox/72.0" "-"
20.125.53.0 - - [23/Nov/2023:05:49:31 -0500] "GET /wp-content/uploads/2016/11/Talde.jpg HTTP/1.1" 200 224505 www.edibledialect.com "-" "Mozilla/5.0 (X11; Ubuntu; Linux x86_64; rv:72.0) Gecko/20100101 Firefox/72.0" "-"
20.125.53.0 - - [23/Nov/2023:05:49:31 -0500] "GET /wp-content/uploads/2017/06/difara.jpg HTTP/1.1" 200 430182 www.edibledialect.com "-" "Mozilla/5.0 (X11; Ubuntu; Linux x86_64; rv:72.0) Gecko/20100101 Firefox/72.0" "-"
20.125.53.0 - - [23/Nov/2023:05:49:31 -0500] "GET /wp-content/uploads/2016/11/fet.jpg HTTP/1.1" 200 1163336 www.edibledialect.com "-" "Mozilla/5.0 (X11; Ubuntu; Linux x86_64; rv:72.0) Gecko/20100101 Firefox/72.0" "-"
185.191.171.0 - - [23/Nov/2023:05:49:43 -0500] "GET /tag/latin-american HTTP/1.1" 200 27898 www.edibledialect.com "-" "Mozilla/5.0 (compatible; SemrushBot/7~bl; +http://www.semrush.com/bot.html)" "-"
20.125.53.0 - - [23/Nov/2023:05:54:45 -0500] "GET /wp-content/uploads/2016/12/phayul.jpg HTTP/1.1" 200 41653 www.edibledialect.com "-" "Mozilla/5.0 (X11; Ubuntu; Linux x86_64; rv:72.0) Gecko/20100101 Firefox/72.0" "-"
85.208.96.0 - - [23/Nov/2023:05:54:55 -0500] "GET /brooklyn/di-fara-pizza HTTP/1.1" 200 31135 www.edibledialect.com "-" "Mozilla/5.0 (compatible; SemrushBot/7~bl; +http://www.semrush.com/bot.html)" "-"
199.195.254.0 - - [23/Nov/2023:05:58:07 -0500] "GET /wp-login.php HTTP/1.1" 200 6678 www.edibledialect.com "http://www.google.com.hk" "Mozilla/5.0 (Windows NT 6.1; WOW64) AppleWebKit/537.36 (KHTML, like Gecko) Chrome/42.0.2311.90 Safari/537.36" "-"
199.195.254.0 - - [23/Nov/2023:06:06:33 -0500] "GET //wp-content/plugins/WordPressCore/include.php HTTP/1.1" 301 - www.edibledialect.com "http://www.google.com.hk" "Mozilla/5.0 (Windows NT 6.1; WOW64) AppleWebKit/537.36 (KHTML, like Gecko) Chrome/42.0.2311.90 Safari/537.36" "-"
199.195.254.0 - - [23/Nov/2023:06:06:33 -0500] "GET /wp-content/plugins/WordPressCore/include.php HTTP/1.1" 404 18399 www.edibledialect.com "http://www.google.com.hk" "Mozilla/5.0 (Windows NT 6.1; WOW64) AppleWebKit/537.36 (KHTML, like Gecko) Chrome/42.0.2311.90 Safari/537.36" "-"
199.195.254.0 - - [23/Nov/2023:06:06:52 -0500] "GET /?author=1 HTTP/1.1" 301 - www.edibledialect.com "http://www.google.com.hk" "Mozilla/5.0 (Windows NT 6.1; WOW64) AppleWebKit/537.36 (KHTML, like Gecko) Chrome/42.0.2311.90 Safari/537.36" "-"
199.195.254.0 - - [23/Nov/2023:06:06:52 -0500] "GET /author/admin HTTP/1.1" 200 72199 www.edibledialect.com "http://www.google.com.hk" "Mozilla/5.0 (Windows NT 6.1; WOW64) AppleWebKit/537.36 (KHTML, like Gecko) Chrome/42.0.2311.90 Safari/537.36" "-"
199.195.254.0 - - [23/Nov/2023:06:08:23 -0500] "GET /wp-login.php HTTP/1.1" 200 6678 www.edibledialect.com "-" "Mozilla/5.0 (Macintosh; Intel Mac OS X 10_9_4 AppleWebKit/537.36 (KHTML, like Gecko) Chrome/36.0.1985.125 Safari/537.36" "-"
199.195.254.0 - - [23/Nov/2023:06:08:35 -0500] "POST /wp-login.php HTTP/1.1" 200 7112 www.edibledialect.com "-" "Mozilla/5.0 (Macintosh; Intel Mac OS X 10_9_4 AppleWebKit/537.36 (KHTML, like Gecko) Chrome/36.0.1985.125 Safari/537.36" "-"
199.195.254.0 - - [23/Nov/2023:06:09:02 -0500] "GET /?author=2 HTTP/1.1" 301 - www.edibledialect.com "http://www.google.com.hk" "Mozilla/5.0 (Windows NT 6.1; WOW64) AppleWebKit/537.36 (KHTML, like Gecko) Chrome/42.0.2311.90 Safari/537.36" "-"
199.195.254.0 - - [23/Nov/2023:06:09:03 -0500] "GET /author/william-plant HTTP/1.1" 200 54692 www.edibledialect.com "http://www.google.com.hk" "Mozilla/5.0 (Windows NT 6.1; WOW64) AppleWebKit/537.36 (KHTML, like Gecko) Chrome/42.0.2311.90 Safari/537.36" "-"
185.191.171.0 - - [23/Nov/2023:06:09:15 -0500] "GET /tag/queens/page/2 HTTP/1.1" 200 34459 www.edibledialect.com "-" "Mozilla/5.0 (compatible; SemrushBot/7~bl; +http://www.semrush.com/bot.html)" "-"
107.180.103.0 - - [23/Nov/2023:06:09:40 -0500] "GET /wp-login.php HTTP/1.1" 503 299 edibledialect.com "-" "Mozilla/5.0 (X11; Ubuntu; Linux x86_64; rv:62.0) Gecko/20100101 Firefox/62.0" "-"
107.180.103.0 - - [23/Nov/2023:06:09:52 -0500] "POST /wp-login.php HTTP/1.1" 503 299 edibledialect.com "-" "Mozilla/5.0 (X11; Ubuntu; Linux x86_64; rv:62.0) Gecko/20100101 Firefox/62.0" "-"
107.180.103.0 - - [23/Nov/2023:06:09:52 -0500] "POST /xmlrpc.php HTTP/1.1" 503 299 edibledialect.com "-" "Mozilla/5.0 (X11; Ubuntu; Linux x86_64; rv:62.0) Gecko/20100101 Firefox/62.0" "-"
199.195.254.0 - - [23/Nov/2023:06:10:49 -0500] "GET /wp-login.php HTTP/1.1" 200 6678 www.edibledialect.com "-" "Mozilla/5.0 (Windows NT 6.1; WOW64) AppleWebKit/537.36 (KHTML, like Gecko) Chrome/36.0.1985.125 Safari/537.36" "-"
199.195.254.0 - - [23/Nov/2023:06:11:01 -0500] "POST /wp-login.php HTTP/1.1" 200 6965 www.edibledialect.com "-" "Mozilla/5.0 (Windows NT 6.1; WOW64) AppleWebKit/537.36 (KHTML, like Gecko) Chrome/36.0.1985.125 Safari/537.36" "-"
199.195.254.0 - - [23/Nov/2023:06:11:20 -0500] "GET /?author=3 HTTP/1.1" 404 18399 www.edibledialect.com "http://www.google.com.hk" "Mozilla/5.0 (Windows NT 6.1; WOW64) AppleWebKit/537.36 (KHTML, like Gecko) Chrome/42.0.2311.90 Safari/537.36" "-"
185.191.171.0 - - [23/Nov/2023:06:15:56 -0500] "GET /queens/il-bambino HTTP/1.1" 200 33372 www.edibledialect.com "-" "Mozilla/5.0 (compatible; SemrushBot/7~bl; +http://www.semrush.com/bot.html)" "-"
20.125.53.0 - - [23/Nov/2023:06:19:58 -0500] "GET /wp-content/uploads/2018/01/Ramen-lab.jpg HTTP/1.1" 200 345206 www.edibledialect.com "-" "Mozilla/5.0 (X11; Ubuntu; Linux x86_64; rv:72.0) Gecko/20100101 Firefox/72.0" "-"
20.125.53.0 - - [23/Nov/2023:06:19:58 -0500] "GET /wp-content/uploads/2016/09/shuya.jpg HTTP/1.1" 200 2355266 www.edibledialect.com "-" "Mozilla/5.0 (X11; Ubuntu; Linux x86_64; rv:72.0) Gecko/20100101 Firefox/72.0" "-"
181.214.164.0 - - [23/Nov/2023:06:28:40 -0500] "GET / HTTP/1.1" 301 - edibledialect.com "-" "Mozilla/5.0 (Windows NT 10.0; Win64; x64) AppleWebKit/537.36 (KHTML, like Gecko) Chrome/95.0.4638.69 Safari/537.36" "-"
74.208.59.0 - - [23/Nov/2023:06:28:41 -0500] "POST /wp-cron.php?doing_wp_cron=1700738921.2597689628601074218750 HTTP/1.1" 200 - www.edibledialect.com "http://www.edibledialect.com/wp-cron.php?doing_wp_cron=1700738921.2597689628601074218750" "WordPress/5.5.13; http://www.edibledialect.com" "-"
181.214.164.0 - - [23/Nov/2023:06:28:41 -0500] "GET //wp-includes/ID3/license.txt HTTP/1.1" 200 1361 www.edibledialect.com "-" "Mozilla/5.0 (Windows NT 10.0; Win64; x64) AppleWebKit/537.36 (KHTML, like Gecko) Chrome/95.0.4638.69 Safari/537.36" "-"
181.214.164.0 - - [23/Nov/2023:06:28:41 -0500] "GET //feed/ HTTP/1.1" 301 - www.edibledialect.com "-" "Mozilla/5.0 (Windows NT 10.0; Win64; x64) AppleWebKit/537.36 (KHTML, like Gecko) Chrome/95.0.4638.69 Safari/537.36" "-"
181.214.164.0 - - [23/Nov/2023:06:28:42 -0500] "GET //xmlrpc.php?rsd HTTP/1.1" 200 834 www.edibledialect.com "-" "Mozilla/5.0 (Windows NT 10.0; Win64; x64) AppleWebKit/537.36 (KHTML, like Gecko) Chrome/95.0.4638.69 Safari/537.36" "-"
181.214.164.0 - - [23/Nov/2023:06:28:42 -0500] "GET //?author=1 HTTP/1.1" 301 - www.edibledialect.com "-" "Mozilla/5.0 (Windows NT 10.0; Win64; x64) AppleWebKit/537.36 (KHTML, like Gecko) Chrome/95.0.4638.69 Safari/537.36" "-"
181.214.164.0 - - [23/Nov/2023:06:28:42 -0500] "GET //?author=2 HTTP/1.1" 301 - www.edibledialect.com "-" "Mozilla/5.0 (Windows NT 10.0; Win64; x64) AppleWebKit/537.36 (KHTML, like Gecko) Chrome/95.0.4638.69 Safari/537.36" "-"
181.214.164.0 - - [23/Nov/2023:06:28:43 -0500] "GET //?author=3 HTTP/1.1" 301 - www.edibledialect.com "-" "Mozilla/5.0 (Windows NT 10.0; Win64; x64) AppleWebKit/537.36 (KHTML, like Gecko) Chrome/95.0.4638.69 Safari/537.36" "-"
181.214.164.0 - - [23/Nov/2023:06:28:43 -0500] "GET //wp-json/wp/v2/users/ HTTP/1.1" 200 655 www.edibledialect.com "-" "Mozilla/5.0 (Windows NT 10.0; Win64; x64) AppleWebKit/537.36 (KHTML, like Gecko) Chrome/95.0.4638.69 Safari/537.36" "-"
181.214.164.0 - - [23/Nov/2023:06:28:43 -0500] "GET //wp-json/oembed/1.0/embed?url=http://www.edibledialect.com/ HTTP/1.1" 200 2281 www.edibledialect.com "-" "Mozilla/5.0 (Windows NT 10.0; Win64; x64) AppleWebKit/537.36 (KHTML, like Gecko) Chrome/95.0.4638.69 Safari/537.36" "-"
181.214.164.0 - - [23/Nov/2023:06:28:44 -0500] "POST //xmlrpc.php HTTP/1.1" 200 401 www.edibledialect.com "-" "Mozilla/5.0 (Windows NT 10.0; Win64; x64) AppleWebKit/537.36 (KHTML, like Gecko) Chrome/95.0.4638.69 Safari/537.36" "-"
181.214.164.0 - - [23/Nov/2023:06:28:44 -0500] "POST //xmlrpc.php HTTP/1.1" 200 401 www.edibledialect.com "-" "Mozilla/5.0 (Windows NT 10.0; Win64; x64) AppleWebKit/537.36 (KHTML, like Gecko) Chrome/95.0.4638.69 Safari/537.36" "-"
181.214.164.0 - - [23/Nov/2023:06:28:44 -0500] "POST //xmlrpc.php HTTP/1.1" 403 1271 www.edibledialect.com "-" "Mozilla/5.0 (Windows NT 10.0; Win64; x64) AppleWebKit/537.36 (KHTML, like Gecko) Chrome/95.0.4638.69 Safari/537.36" "-"
20.125.53.0 - - [23/Nov/2023:06:30:45 -0500] "GET /wp-content/uploads/2017/08/Drunkin-Dumpling.jpg HTTP/1.1" 200 377396 www.edibledialect.com "-" "Mozilla/5.0 (X11; Ubuntu; Linux x86_64; rv:72.0) Gecko/20100101 Firefox/72.0" "-"
85.208.96.0 - - [23/Nov/2023:06:41:55 -0500] "GET /robots.txt HTTP/1.1" 200 172 www.edibledialect.com "-" "Mozilla/5.0 (compatible; SemrushBot/7~bl; +http://www.semrush.com/bot.html)" "-"
85.208.96.0 - - [23/Nov/2023:06:41:55 -0500] "GET /tag/dimsum HTTP/1.1" 200 24424 www.edibledialect.com "-" "Mozilla/5.0 (compatible; SemrushBot/7~bl; +http://www.semrush.com/bot.html)" "-"
95.163.104.0 - - [23/Nov/2023:06:44:51 -0500] "GET /wp-login.php HTTP/1.1" 503 299 edibledialect.com "-" "Mozilla/5.0 (X11; Ubuntu; Linux x86_64; rv:62.0) Gecko/20100101 Firefox/62.0" "-"
95.163.104.0 - - [23/Nov/2023:06:45:03 -0500] "POST /wp-login.php HTTP/1.1" 503 299 edibledialect.com "-" "Mozilla/5.0 (X11; Ubuntu; Linux x86_64; rv:62.0) Gecko/20100101 Firefox/62.0" "-"
95.163.104.0 - - [23/Nov/2023:06:45:03 -0500] "POST /xmlrpc.php HTTP/1.1" 503 299 edibledialect.com "-" "Mozilla/5.0 (X11; Ubuntu; Linux x86_64; rv:62.0) Gecko/20100101 Firefox/62.0" "-"
