51.222.253.0 - - [22/Nov/2023:04:44:57 -0500] "GET /queens/tikka-indian-grill-astoria HTTP/1.1" 200 31975 www.edibledialect.com "-" "Mozilla/5.0 (compatible; AhrefsBot/7.0; +http://ahrefs.com/robot/)" "-"
172.104.189.0 - - [22/Nov/2023:04:52:23 -0500] "GET //wp-content/plugins/fix/up.php HTTP/1.1" 301 - edibledialect.com "-" "Mozilla/5.0 (Windows NT 10.0; Win64; x64) AppleWebKit/537.36 (KHTML, like Gecko) Chrome/85.0.4183.102 Safari/537.36" "-"
172.104.189.0 - - [22/Nov/2023:04:52:24 -0500] "GET /wp-content/plugins/fix/up.php HTTP/1.1" 404 18399 www.edibledialect.com "-" "Mozilla/5.0 (Windows NT 10.0; Win64; x64) AppleWebKit/537.36 (KHTML, like Gecko) Chrome/85.0.4183.102 Safari/537.36" "-"
51.161.94.0 - - [22/Nov/2023:04:57:21 -0500] "GET /wp-content/plugins/index.php HTTP/1.1" 200 - edibledialect.com "http://simplesite.com" "Mozilla/5.0 (Windows; U; Windows NT 5.1; en-US) AppleWebKit/533.4 (KHTML, like Gecko) Chrome/5.0.375.99 Safari/533.4" "-"
51.161.94.0 - - [22/Nov/2023:04:57:25 -0500] "GET /wp-content/plugins/index.php HTTP/1.1" 200 - edibledialect.com "http://simplesite.com" "Mozilla/5.0 (Windows; U; Windows NT 5.1; en-US) AppleWebKit/533.4 (KHTML, like Gecko) Chrome/5.0.375.99 Safari/533.4" "-"
8.134.122.0 - - [22/Nov/2023:05:12:03 -0500] "GET /wp-login.php HTTP/1.1" 503 299 edibledialect.com "-" "Mozilla/5.0 (X11; Ubuntu; Linux x86_64; rv:62.0) Gecko/20100101 Firefox/62.0" "-"
8.134.122.0 - - [22/Nov/2023:05:12:15 -0500] "POST /wp-login.php HTTP/1.1" 503 299 edibledialect.com "-" "Mozilla/5.0 (X11; Ubuntu; Linux x86_64; rv:62.0) Gecko/20100101 Firefox/62.0" "-"
8.134.122.0 - - [22/Nov/2023:05:12:17 -0500] "POST /xmlrpc.php HTTP/1.1" 503 299 edibledialect.com "-" "Mozilla/5.0 (X11; Ubuntu; Linux x86_64; rv:62.0) Gecko/20100101 Firefox/62.0" "-"
51.222.253.0 - - [22/Nov/2023:05:14:01 -0500] "GET /queens/woodside-cafe HTTP/1.1" 200 33464 www.edibledialect.com "-" "Mozilla/5.0 (compatible; AhrefsBot/7.0; +http://ahrefs.com/robot/)" "-"
85.215.162.0 - - [22/Nov/2023:05:16:51 -0500] "GET /wp-content/plugins/WordPressCore-1/include.php HTTP/1.1" 301 - edibledialect.com "-" "Mozlila/5.0 (Linux; Android 7.0; SM-G892A Bulid/NRD90M; wv) AppleWebKit/537.36 (KHTML, like Gecko) Version/4.0 Chrome/60.0.3112.107 Moblie Safari/537.36" "-"
85.215.162.0 - - [22/Nov/2023:05:17:18 -0500] "GET /wp-content/plugins/WordPressCore-1/include.php HTTP/1.1" 404 18409 www.edibledialect.com "-" "Mozlila/5.0 (Linux; Android 7.0; SM-G892A Bulid/NRD90M; wv) AppleWebKit/537.36 (KHTML, like Gecko) Version/4.0 Chrome/60.0.3112.107 Moblie Safari/537.36" "-"
5.196.77.0 - - [22/Nov/2023:05:24:22 -0500] "GET /wp-content/plugins/userpro/css/userpro-editor.css HTTP/1.1" 404 18399 www.edibledialect.com "www.edibledialect.com" "Mozilla/5.0 (Windows NT 10.0; Win64; x64) AppleWebKit/537.36 (KHTML, like Gecko) colonel Chrome/196.3.1597.530 Safari/537.36" "-"
52.167.144.0 - - [22/Nov/2023:05:25:13 -0500] "GET /wp-sitemap-users-1.xml HTTP/1.1" 200 330 www.edibledialect.com "-" "Mozilla/5.0 AppleWebKit/537.36 (KHTML, like Gecko; compatible; bingbot/2.0; +http://www.bing.com/bingbot.htm) Chrome/116.0.1938.76 Safari/537.36" "-"
2607:f298:: - - [22/Nov/2023:05:31:45 -0500] "GET /wp-login.php HTTP/1.1" 503 299 edibledialect.com "-" "Mozilla/5.0 (X11; Ubuntu; Linux x86_64; rv:62.0) Gecko/20100101 Firefox/62.0" "-"
2607:f298:: - - [22/Nov/2023:05:31:57 -0500] "POST /wp-login.php HTTP/1.1" 503 299 edibledialect.com "-" "Mozilla/5.0 (X11; Ubuntu; Linux x86_64; rv:62.0) Gecko/20100101 Firefox/62.0" "-"
2607:f298:: - - [22/Nov/2023:05:31:57 -0500] "POST /xmlrpc.php HTTP/1.1" 503 299 edibledialect.com "-" "Mozilla/5.0 (X11; Ubuntu; Linux x86_64; rv:62.0) Gecko/20100101 Firefox/62.0" "-"
74.208.59.0 - - [22/Nov/2023:05:44:10 -0500] "POST /wp-cron.php?doing_wp_cron=1700649850.5712890625000000000000 HTTP/1.1" 200 - www.edibledialect.com "http://www.edibledialect.com/wp-cron.php?doing_wp_cron=1700649850.5712890625000000000000" "WordPress/5.5.13; http://www.edibledialect.com" "-"
51.222.253.0 - - [22/Nov/2023:05:44:10 -0500] "GET /category/elsewhere HTTP/1.1" 200 35216 www.edibledialect.com "-" "Mozilla/5.0 (compatible; AhrefsBot/7.0; +http://ahrefs.com/robot/)" "-"
51.136.22.0 - - [22/Nov/2023:06:03:33 -0500] "GET /wp-login.php HTTP/1.1" 503 299 edibledialect.com "-" "Mozilla/5.0 (X11; Ubuntu; Linux x86_64; rv:62.0) Gecko/20100101 Firefox/62.0" "-"
51.136.22.0 - - [22/Nov/2023:06:03:36 -0500] "POST /wp-login.php HTTP/1.1" 503 299 edibledialect.com "-" "Mozilla/5.0 (X11; Ubuntu; Linux x86_64; rv:62.0) Gecko/20100101 Firefox/62.0" "-"
51.136.22.0 - - [22/Nov/2023:06:03:37 -0500] "POST /xmlrpc.php HTTP/1.1" 503 299 edibledialect.com "-" "Mozilla/5.0 (X11; Ubuntu; Linux x86_64; rv:62.0) Gecko/20100101 Firefox/62.0" "-"
38.145.203.0 - - [22/Nov/2023:06:14:58 -0500] "GET /wp-content/uploads/2016/12/phayul.jpg HTTP/1.1" 200 41653 www.edibledialect.com "-" "Mozilla/5.0 (X11; Ubuntu; Linux x86_64; rv:72.0) Gecko/20100101 Firefox/72.0" "-"
89.44.109.0 - - [22/Nov/2023:06:24:31 -0500] "GET /wp-login.php HTTP/1.1" 503 299 edibledialect.com "-" "Mozilla/5.0 (X11; Ubuntu; Linux x86_64; rv:62.0) Gecko/20100101 Firefox/62.0" "-"
89.44.109.0 - - [22/Nov/2023:06:24:31 -0500] "POST /wp-login.php HTTP/1.1" 503 299 edibledialect.com "-" "Mozilla/5.0 (X11; Ubuntu; Linux x86_64; rv:62.0) Gecko/20100101 Firefox/62.0" "-"
89.44.109.0 - - [22/Nov/2023:06:24:32 -0500] "POST /xmlrpc.php HTTP/1.1" 503 299 edibledialect.com "-" "Mozilla/5.0 (X11; Ubuntu; Linux x86_64; rv:62.0) Gecko/20100101 Firefox/62.0" "-"
74.208.59.0 - - [22/Nov/2023:06:52:42 -0500] "POST /wp-cron.php?doing_wp_cron=1700653962.8937160968780517578125 HTTP/1.1" 200 - www.edibledialect.com "http://www.edibledialect.com/wp-cron.php?doing_wp_cron=1700653962.8937160968780517578125" "WordPress/5.5.13; http://www.edibledialect.com" "-"
178.128.57.0 - - [22/Nov/2023:06:52:42 -0500] "GET /wp-includes/js/tinymce/skins/lightgray/img/index.php?p= HTTP/1.1" 301 - edibledialect.com "www.google.com" "Mozlila/5.0 (Linux; Android 7.0; SM-G892A Bulid/NRD90M; wv) AppleWebKit/537.36 (KHTML, like Gecko) Version/4.0 Chrome/60.0.3112.107 Moblie Safari/537.36" "-"
178.128.57.0 - - [22/Nov/2023:06:52:46 -0500] "GET /wp-includes/js/tinymce/skins/lightgray/img/ HTTP/1.1" 403 1271 www.edibledialect.com "www.google.com" "Mozlila/5.0 (Linux; Android 7.0; SM-G892A Bulid/NRD90M; wv) AppleWebKit/537.36 (KHTML, like Gecko) Version/4.0 Chrome/60.0.3112.107 Moblie Safari/537.36" "-"
212.235.75.0 - - [22/Nov/2023:06:56:32 -0500] "GET /wp-login.php HTTP/1.1" 503 299 edibledialect.com "-" "Mozilla/5.0 (X11; Ubuntu; Linux x86_64; rv:62.0) Gecko/20100101 Firefox/62.0" "-"
212.235.75.0 - - [22/Nov/2023:06:56:44 -0500] "POST /wp-login.php HTTP/1.1" 503 299 edibledialect.com "-" "Mozilla/5.0 (X11; Ubuntu; Linux x86_64; rv:62.0) Gecko/20100101 Firefox/62.0" "-"
212.235.75.0 - - [22/Nov/2023:06:56:45 -0500] "POST /xmlrpc.php HTTP/1.1" 503 299 edibledialect.com "-" "Mozilla/5.0 (X11; Ubuntu; Linux x86_64; rv:62.0) Gecko/20100101 Firefox/62.0" "-"
40.77.167.0 - - [22/Nov/2023:06:59:41 -0500] "GET /wp-sitemap-taxonomies-post_tag-1.xml HTTP/1.1" 200 2458 www.edibledialect.com "-" "Mozilla/5.0 AppleWebKit/537.36 (KHTML, like Gecko; compatible; bingbot/2.0; +http://www.bing.com/bingbot.htm) Chrome/116.0.1938.76 Safari/537.36" "-"
114.119.150.0 - - [22/Nov/2023:07:03:42 -0500] "GET /sitemap-pt-post-2017-09.html HTTP/1.1" 200 1283 www.edibledialect.com "http://www.edibledialect.com/sitemap.html" "Mozilla/5.0 (Linux; Android 7.0;) AppleWebKit/537.36 (KHTML, like Gecko) Mobile Safari/537.36 (compatible; PetalBot;+https://webmaster.petalsearch.com/site/petalbot)" "-"
38.154.160.0 - - [22/Nov/2023:07:04:30 -0500] "GET /contact.htm HTTP/1.1" 404 18399 www.edibledialect.com "-" "Mozilla/5.0 (compatible; MSIE 10.0; Windows NT 6.1; WOW64; Trident/6.0)" "-"
38.145.203.0 - - [22/Nov/2023:07:09:24 -0500] "GET /wp-content/uploads/2017/06/difara.jpg HTTP/1.1" 200 430182 www.edibledialect.com "-" "Mozilla/5.0 (X11; Ubuntu; Linux x86_64; rv:72.0) Gecko/20100101 Firefox/72.0" "-"
38.145.203.0 - - [22/Nov/2023:07:09:24 -0500] "GET /wp-content/uploads/2017/03/Sacs.png HTTP/1.1" 200 1003657 www.edibledialect.com "-" "Mozilla/5.0 (X11; Ubuntu; Linux x86_64; rv:72.0) Gecko/20100101 Firefox/72.0" "-"
38.145.203.0 - - [22/Nov/2023:07:09:24 -0500] "GET /wp-content/uploads/2016/11/fet.jpg HTTP/1.1" 200 1163336 www.edibledialect.com "-" "Mozilla/5.0 (X11; Ubuntu; Linux x86_64; rv:72.0) Gecko/20100101 Firefox/72.0" "-"
38.145.203.0 - - [22/Nov/2023:07:09:29 -0500] "GET /wp-content/uploads/2016/11/Talde.jpg HTTP/1.1" 200 224505 www.edibledialect.com "-" "Mozilla/5.0 (X11; Ubuntu; Linux x86_64; rv:72.0) Gecko/20100101 Firefox/72.0" "-"
178.128.57.0 - - [22/Nov/2023:07:13:48 -0500] "GET /wp-content/plugins/woocommerce-payments/readme.txt HTTP/1.1" 301 - edibledialect.com "www.google.com" "Mozlila/5.0 (Linux; Android 7.0; SM-G892A Bulid/NRD90M; wv) AppleWebKit/537.36 (KHTML, like Gecko) Version/4.0 Chrome/60.0.3112.107 Moblie Safari/537.36" "-"
178.128.57.0 - - [22/Nov/2023:07:13:51 -0500] "GET /wp-content/plugins/woocommerce-payments/readme.txt HTTP/1.1" 404 18409 www.edibledialect.com "www.google.com" "Mozlila/5.0 (Linux; Android 7.0; SM-G892A Bulid/NRD90M; wv) AppleWebKit/537.36 (KHTML, like Gecko) Version/4.0 Chrome/60.0.3112.107 Moblie Safari/537.36" "-"
5.101.156.0 - - [22/Nov/2023:07:15:37 -0500] "GET /wp-login.php HTTP/1.1" 200 6678 edibledialect.com "" "Mozilla/5.0 (Windows NT 10.0; Win64; x64; rv:109.0) Gecko/20100101 Firefox/119.0" "-"
5.101.156.0 - - [22/Nov/2023:07:15:38 -0500] "GET /wp-json/wp/v2/users HTTP/1.1" 200 655 edibledialect.com "" "Mozilla/5.0 (Windows NT 10.0; Win64; x64; rv:109.0) Gecko/20100101 Firefox/119.0" "-"
148.72.211.0 - - [22/Nov/2023:07:17:15 -0500] "GET /wp-login.php HTTP/1.1" 503 299 edibledialect.com "-" "Mozilla/5.0 (X11; Ubuntu; Linux x86_64; rv:62.0) Gecko/20100101 Firefox/62.0" "-"
148.72.211.0 - - [22/Nov/2023:07:17:27 -0500] "POST /wp-login.php HTTP/1.1" 503 299 edibledialect.com "-" "Mozilla/5.0 (X11; Ubuntu; Linux x86_64; rv:62.0) Gecko/20100101 Firefox/62.0" "-"
148.72.211.0 - - [22/Nov/2023:07:17:27 -0500] "POST /xmlrpc.php HTTP/1.1" 503 299 edibledialect.com "-" "Mozilla/5.0 (X11; Ubuntu; Linux x86_64; rv:62.0) Gecko/20100101 Firefox/62.0" "-"
65.154.226.0 - - [22/Nov/2023:07:17:51 -0500] "GET / HTTP/1.1" 301 - edibledialect.com "-" "Mozilla/5.0 (Windows NT 10.0) AppleWebKit/537.36 (KHTML, like Gecko) Chrome/106.0.0.0 Safari/537.36" "-"
65.154.226.0 - - [22/Nov/2023:07:17:52 -0500] "GET / HTTP/1.1" 200 54800 www.edibledialect.com "http://edibledialect.com" "Mozilla/5.0 (Windows NT 10.0) AppleWebKit/537.36 (KHTML, like Gecko) Chrome/106.0.0.0 Safari/537.36" "-"
74.208.59.0 - - [22/Nov/2023:07:31:19 -0500] "POST /wp-cron.php?doing_wp_cron=1700656279.3477840423583984375000 HTTP/1.1" 200 - www.edibledialect.com "http://www.edibledialect.com/wp-cron.php?doing_wp_cron=1700656279.3477840423583984375000" "WordPress/5.5.13; http://www.edibledialect.com" "-"
52.167.144.0 - - [22/Nov/2023:07:31:19 -0500] "GET /robots.txt HTTP/1.1" 200 172 www.edibledialect.com "-" "Mozilla/5.0 AppleWebKit/537.36 (KHTML, like Gecko; compatible; bingbot/2.0; +http://www.bing.com/bingbot.htm) Chrome/116.0.1938.76 Safari/537.36" "-"
157.55.39.0 - - [22/Nov/2023:07:31:22 -0500] "GET /wp-sitemap-taxonomies-category-1.xml HTTP/1.1" 200 2853 www.edibledialect.com "-" "Mozilla/5.0 AppleWebKit/537.36 (KHTML, like Gecko; compatible; bingbot/2.0; +http://www.bing.com/bingbot.htm) Chrome/116.0.1938.76 Safari/537.36" "-"
136.243.92.0 - - [22/Nov/2023:07:50:58 -0500] "GET /wp-login.php HTTP/1.1" 503 299 edibledialect.com "-" "Mozilla/5.0 (X11; Ubuntu; Linux x86_64; rv:62.0) Gecko/20100101 Firefox/62.0" "-"
136.243.92.0 - - [22/Nov/2023:07:50:58 -0500] "POST /wp-login.php HTTP/1.1" 503 299 edibledialect.com "-" "Mozilla/5.0 (X11; Ubuntu; Linux x86_64; rv:62.0) Gecko/20100101 Firefox/62.0" "-"
136.243.92.0 - - [22/Nov/2023:07:50:59 -0500] "POST /xmlrpc.php HTTP/1.1" 503 299 edibledialect.com "-" "Mozilla/5.0 (X11; Ubuntu; Linux x86_64; rv:62.0) Gecko/20100101 Firefox/62.0" "-"
66.249.75.0 - - [22/Nov/2023:08:06:34 -0500] "GET /sitemap-pt-post-2020-11.xml HTTP/1.1" 200 399 www.edibledialect.com "-" "Mozilla/5.0 (compatible; Googlebot/2.1; +http://www.google.com/bot.html)" "-"
2001:41d0:700:: - - [22/Nov/2023:08:11:07 -0500] "GET /wp-login.php HTTP/1.1" 503 299 edibledialect.com "-" "Mozilla/5.0 (X11; Ubuntu; Linux x86_64; rv:62.0) Gecko/20100101 Firefox/62.0" "-"
2001:41d0:700:: - - [22/Nov/2023:08:11:07 -0500] "POST /wp-login.php HTTP/1.1" 503 299 edibledialect.com "-" "Mozilla/5.0 (X11; Ubuntu; Linux x86_64; rv:62.0) Gecko/20100101 Firefox/62.0" "-"
2001:41d0:700:: - - [22/Nov/2023:08:11:08 -0500] "POST /xmlrpc.php HTTP/1.1" 503 299 edibledialect.com "-" "Mozilla/5.0 (X11; Ubuntu; Linux x86_64; rv:62.0) Gecko/20100101 Firefox/62.0" "-"
54.36.149.0 - - [22/Nov/2023:08:19:31 -0500] "GET /robots.txt HTTP/1.1" 200 172 www.edibledialect.com "-" "Mozilla/5.0 (compatible; AhrefsBot/7.0; +http://ahrefs.com/robot/)" "-"
51.222.253.0 - - [22/Nov/2023:08:19:34 -0500] "GET /tag/burgers HTTP/1.1" 200 24062 www.edibledialect.com "-" "Mozilla/5.0 (compatible; AhrefsBot/7.0; +http://ahrefs.com/robot/)" "-"
114.119.132.0 - - [22/Nov/2023:08:21:33 -0500] "GET /japanese/ramen-lab HTTP/1.1" 200 32840 www.edibledialect.com "http://www.edibledialect.com/category/ramen" "Mozilla/5.0 (Linux; Android 7.0;) AppleWebKit/537.36 (KHTML, like Gecko) Mobile Safari/537.36 (compatible; PetalBot;+https://webmaster.petalsearch.com/site/petalbot)" "-"
2a02:598:100:: - - [22/Nov/2023:08:21:59 -0500] "GET /queens/fu-run HTTP/1.1" 200 31239 www.edibledialect.com "-" "Mozilla/5.0 (compatible; SeznamBot/4.0; +http://napoveda.seznam.cz/seznambot-intro/)" "-"
66.249.75.0 - - [22/Nov/2023:08:29:56 -0500] "GET /sitemap-pt-page-2019-04.xml HTTP/1.1" 200 489 www.edibledialect.com "-" "Mozilla/5.0 (compatible; Googlebot/2.1; +http://www.google.com/bot.html)" "-"
74.208.59.0 - - [22/Nov/2023:08:29:57 -0500] "POST /wp-cron.php?doing_wp_cron=1700659797.0789399147033691406250 HTTP/1.1" 200 - www.edibledialect.com "http://www.edibledialect.com/wp-cron.php?doing_wp_cron=1700659797.0789399147033691406250" "WordPress/5.5.13; http://www.edibledialect.com" "-"
1.192.241.0 - - [22/Nov/2023:08:43:36 -0500] "GET /robots.txt HTTP/1.1" 200 172 www.edibledialect.com "-" "Mozilla/5.0 (Windows NT 10.0; WOW64) AppleWebKit/537.36 (KHTML, like Gecko) Chrome/77.0.2757.95 UBrowser/6.2.3964.2 Safari/537.36" "-"
2607:f298:: - - [22/Nov/2023:08:43:44 -0500] "GET /wp-login.php HTTP/1.1" 503 299 edibledialect.com "-" "Mozilla/5.0 (X11; Ubuntu; Linux x86_64; rv:62.0) Gecko/20100101 Firefox/62.0" "-"
2607:f298:: - - [22/Nov/2023:08:43:56 -0500] "POST /wp-login.php HTTP/1.1" 503 299 edibledialect.com "-" "Mozilla/5.0 (X11; Ubuntu; Linux x86_64; rv:62.0) Gecko/20100101 Firefox/62.0" "-"
2607:f298:: - - [22/Nov/2023:08:43:56 -0500] "POST /xmlrpc.php HTTP/1.1" 503 299 edibledialect.com "-" "Mozilla/5.0 (X11; Ubuntu; Linux x86_64; rv:62.0) Gecko/20100101 Firefox/62.0" "-"
154.53.61.0 - - [22/Nov/2023:08:56:43 -0500] "POST /xmlrpc.php HTTP/1.1" 200 403 edibledialect.com "-" "Mozilla/5.0 (Windows NT 10.0; Win64; x64) AppleWebKit/537.36 (KHTML, like Gecko) Chrome/68.0.3440.106 Safari/537.36" "-"
134.122.36.0 - - [22/Nov/2023:08:56:54 -0500] "POST /xmlrpc.php HTTP/1.1" 200 403 edibledialect.com "-" "Mozilla/5.0 (Windows NT 6.1; Win64; x64) AppleWebKit/537.36 (KHTML, like Gecko) Chrome/74.0.3729.169 Safari/537.36" "-"
34.95.28.0 - - [22/Nov/2023:08:56:55 -0500] "POST /xmlrpc.php HTTP/1.1" 200 403 edibledialect.com "-" "Mozilla/5.0 (Windows NT 10.0; Win64; x64) AppleWebKit/537.36 (KHTML, like Gecko) Chrome/80.0.3987.149 Safari/537.36" "-"
93.107.1.0 - - [22/Nov/2023:08:56:59 -0500] "POST /xmlrpc.php HTTP/1.1" 200 403 edibledialect.com "-" "Mozilla/5.0 (Windows NT 6.1; WOW64; rv:44.0) Gecko/20100101 Firefox/44.0" "-"
34.198.74.0 - - [22/Nov/2023:08:57:14 -0500] "POST /xmlrpc.php HTTP/1.1" 200 403 edibledialect.com "-" "Mozilla/5.0 (Windows NT 10.0; WOW64; rv:50.0) Gecko/20100101 Firefox/50.0" "-"
134.122.36.0 - - [22/Nov/2023:08:57:19 -0500] "POST /xmlrpc.php HTTP/1.1" 200 403 edibledialect.com "-" "Mozilla/5.0 (Windows NT 6.1; WOW64; rv:45.0) Gecko/20100101 Firefox/45.0" "-"
52.179.185.0 - - [22/Nov/2023:08:57:19 -0500] "POST /xmlrpc.php HTTP/1.1" 200 403 edibledialect.com "-" "Mozilla/5.0 (Windows NT 10.0; Win64; x64) AppleWebKit/537.36 (KHTML, like Gecko) Chrome/90.0.4430.93 Safari/537.36" "-"
8.214.83.0 - - [22/Nov/2023:08:57:24 -0500] "POST /xmlrpc.php HTTP/1.1" 200 403 edibledialect.com "-" "Mozilla/5.0 (Windows NT 10.0; Win64; x64) AppleWebKit/537.36 (KHTML, like Gecko) Chrome/79.0.3945.117 Safari/537.36" "-"
31.222.235.0 - - [22/Nov/2023:08:57:26 -0500] "POST /xmlrpc.php HTTP/1.1" 200 403 edibledialect.com "-" "Mozilla/5.0 (Windows NT 10.0; Win64; x64; rv:85.0) Gecko/20100101 Firefox/85.0" "-"
45.228.210.0 - - [22/Nov/2023:09:05:21 -0500] "GET /wp-login.php HTTP/1.1" 503 299 edibledialect.com "-" "Mozilla/5.0 (X11; Ubuntu; Linux x86_64; rv:62.0) Gecko/20100101 Firefox/62.0" "-"
45.228.210.0 - - [22/Nov/2023:09:05:33 -0500] "POST /wp-login.php HTTP/1.1" 503 299 edibledialect.com "-" "Mozilla/5.0 (X11; Ubuntu; Linux x86_64; rv:62.0) Gecko/20100101 Firefox/62.0" "-"
45.228.210.0 - - [22/Nov/2023:09:05:33 -0500] "POST /xmlrpc.php HTTP/1.1" 503 299 edibledialect.com "-" "Mozilla/5.0 (X11; Ubuntu; Linux x86_64; rv:62.0) Gecko/20100101 Firefox/62.0" "-"
87.236.20.0 - - [22/Nov/2023:09:11:38 -0500] "GET /wp-login.php HTTP/1.1" 200 6678 edibledialect.com "" "Mozilla/5.0 (Windows NT 10.0; Win64; x64; rv:109.0) Gecko/20100101 Firefox/119.0" "-"
87.236.20.0 - - [22/Nov/2023:09:11:39 -0500] "GET /wp-json/wp/v2/users HTTP/1.1" 200 655 edibledialect.com "" "Mozilla/5.0 (Windows NT 10.0; Win64; x64; rv:109.0) Gecko/20100101 Firefox/119.0" "-"
85.208.96.0 - - [22/Nov/2023:09:20:58 -0500] "GET /robots.txt HTTP/1.1" 200 172 www.edibledialect.com "-" "Mozilla/5.0 (compatible; SemrushBot/7~bl; +http://www.semrush.com/bot.html)" "-"
185.191.171.0 - - [22/Nov/2023:09:20:59 -0500] "GET /tag/middle-eastern HTTP/1.1" 200 23559 www.edibledialect.com "-" "Mozilla/5.0 (compatible; SemrushBot/7~bl; +http://www.semrush.com/bot.html)" "-"
185.191.171.0 - - [22/Nov/2023:09:23:46 -0500] "GET /author/william-plant HTTP/1.1" 200 54692 www.edibledialect.com "-" "Mozilla/5.0 (compatible; SemrushBot/7~bl; +http://www.semrush.com/bot.html)" "-"
123.17.47.0 - - [22/Nov/2023:09:25:05 -0500] "GET /wp-login.php HTTP/1.1" 200 6678 www.edibledialect.com "http://www.edibledialect.com/wp-login.php" "Mozilla/5.0 (Macintosh; Intel Mac OS X 10_12_6) AppleWebKit/537.36 (KHTML, like Gecko) Chrome/70.0.3538.110 Safari/537.36" "-"
123.17.47.0 - - [22/Nov/2023:09:25:17 -0500] "POST /wp-login.php HTTP/1.1" 200 7112 www.edibledialect.com "https://unicorndetailsmchenry.com/wp-login.php" "Mozilla/5.0 (Macintosh; Intel Mac OS X 10_12_6) AppleWebKit/537.36 (KHTML, like Gecko) Chrome/70.0.3538.110 Safari/537.36" "-"
74.208.59.0 - - [22/Nov/2023:09:34:19 -0500] "POST /wp-cron.php?doing_wp_cron=1700663659.6739010810852050781250 HTTP/1.1" 200 - www.edibledialect.com "http://www.edibledialect.com/wp-cron.php?doing_wp_cron=1700663659.6739010810852050781250" "WordPress/5.5.13; http://www.edibledialect.com" "-"
182.44.12.0 - - [22/Nov/2023:09:34:19 -0500] "GET / HTTP/1.1" 200 54810 www.edibledialect.com "-" "Mozilla/5.0 (iPhone; CPU iPhone OS 13_2_3 like Mac OS X) AppleWebKit/605.1.15 (KHTML, like Gecko) Version/13.0.3 Mobile/15E148 Safari/604.1" "-"
38.145.203.0 - - [22/Nov/2023:09:39:04 -0500] "GET /wp-content/uploads/2016/11/Talde.jpg HTTP/1.1" 200 224505 www.edibledialect.com "-" "Mozilla/5.0 (X11; Ubuntu; Linux x86_64; rv:72.0) Gecko/20100101 Firefox/72.0" "-"
38.145.203.0 - - [22/Nov/2023:09:39:04 -0500] "GET /wp-content/uploads/2017/06/joju.jpg HTTP/1.1" 200 270095 www.edibledialect.com "-" "Mozilla/5.0 (X11; Ubuntu; Linux x86_64; rv:72.0) Gecko/20100101 Firefox/72.0" "-"
38.145.203.0 - - [22/Nov/2023:09:39:04 -0500] "GET /wp-content/uploads/2016/11/fet.jpg HTTP/1.1" 200 1163336 www.edibledialect.com "-" "Mozilla/5.0 (X11; Ubuntu; Linux x86_64; rv:72.0) Gecko/20100101 Firefox/72.0" "-"
38.145.203.0 - - [22/Nov/2023:09:39:04 -0500] "GET /wp-content/uploads/2017/06/difara.jpg HTTP/1.1" 200 430182 www.edibledialect.com "-" "Mozilla/5.0 (X11; Ubuntu; Linux x86_64; rv:72.0) Gecko/20100101 Firefox/72.0" "-"
85.208.96.0 - - [22/Nov/2023:09:40:00 -0500] "GET /tag/brooklyn HTTP/1.1" 200 28336 www.edibledialect.com "-" "Mozilla/5.0 (compatible; SemrushBot/7~bl; +http://www.semrush.com/bot.html)" "-"
185.191.171.0 - - [22/Nov/2023:10:02:37 -0500] "GET /category/mexican HTTP/1.1" 200 33098 www.edibledialect.com "-" "Mozilla/5.0 (compatible; SemrushBot/7~bl; +http://www.semrush.com/bot.html)" "-"
185.191.171.0 - - [22/Nov/2023:10:10:30 -0500] "GET /blog HTTP/1.1" 200 54287 www.edibledialect.com "-" "Mozilla/5.0 (compatible; SemrushBot/7~bl; +http://www.semrush.com/bot.html)" "-"
78.157.58.0 - - [22/Nov/2023:10:35:07 -0500] "GET /wp-login.php HTTP/1.1" 503 299 edibledialect.com "-" "Mozilla/5.0 (X11; Ubuntu; Linux x86_64; rv:62.0) Gecko/20100101 Firefox/62.0" "-"
78.157.58.0 - - [22/Nov/2023:10:35:19 -0500] "POST /wp-login.php HTTP/1.1" 503 299 edibledialect.com "-" "Mozilla/5.0 (X11; Ubuntu; Linux x86_64; rv:62.0) Gecko/20100101 Firefox/62.0" "-"
78.157.58.0 - - [22/Nov/2023:10:35:20 -0500] "POST /xmlrpc.php HTTP/1.1" 503 299 edibledialect.com "-" "Mozilla/5.0 (X11; Ubuntu; Linux x86_64; rv:62.0) Gecko/20100101 Firefox/62.0" "-"
74.208.59.0 - - [22/Nov/2023:10:40:42 -0500] "POST /wp-cron.php?doing_wp_cron=1700667642.2727060317993164062500 HTTP/1.1" 200 - www.edibledialect.com "http://www.edibledialect.com/wp-cron.php?doing_wp_cron=1700667642.2727060317993164062500" "WordPress/5.5.13; http://www.edibledialect.com" "-"
184.95.33.0 - - [22/Nov/2023:10:40:42 -0500] "GET /woh.php HTTP/1.1" 301 - edibledialect.com "http://simplesite.com" "Mozilla/5.0 (Windows; U; Windows NT 5.1; en-US) AppleWebKit/533.4 (KHTML, like Gecko) Chrome/5.0.375.99 Safari/533.4" "-"
184.95.33.0 - - [22/Nov/2023:10:40:43 -0500] "GET /woh.php HTTP/1.1" 404 18399 www.edibledialect.com "http://edibledialect.com/woh.php" "Mozilla/5.0 (Windows; U; Windows NT 5.1; en-US) AppleWebKit/533.4 (KHTML, like Gecko) Chrome/5.0.375.99 Safari/533.4" "-"
38.145.203.0 - - [22/Nov/2023:10:49:50 -0500] "GET /wp-content/uploads/2016/11/Talde.jpg HTTP/1.1" 200 224505 www.edibledialect.com "-" "Mozilla/5.0 (X11; Ubuntu; Linux x86_64; rv:72.0) Gecko/20100101 Firefox/72.0" "-"
38.145.203.0 - - [22/Nov/2023:10:49:50 -0500] "GET /wp-content/uploads/2016/11/woodside-Cafe.jpg HTTP/1.1" 200 1391599 www.edibledialect.com "-" "Mozilla/5.0 (X11; Ubuntu; Linux x86_64; rv:72.0) Gecko/20100101 Firefox/72.0" "-"
51.222.253.0 - - [22/Nov/2023:10:51:42 -0500] "GET /uncategorized/per-se HTTP/1.1" 200 28897 www.edibledialect.com "-" "Mozilla/5.0 (compatible; AhrefsBot/7.0; +http://ahrefs.com/robot/)" "-"
66.249.75.0 - - [22/Nov/2023:10:53:24 -0500] "GET /sitemap-pt-post-2017-05.xml HTTP/1.1" 200 497 www.edibledialect.com "-" "Mozilla/5.0 (compatible; Googlebot/2.1; +http://www.google.com/bot.html)" "-"
85.208.96.0 - - [22/Nov/2023:10:53:57 -0500] "GET /robots.txt HTTP/1.1" 200 172 www.edibledialect.com "-" "Mozilla/5.0 (compatible; SemrushBot/7~bl; +http://www.semrush.com/bot.html)" "-"
185.191.171.0 - - [22/Nov/2023:10:53:58 -0500] "GET /san-francisco/lapalma HTTP/1.1" 200 33831 www.edibledialect.com "-" "Mozilla/5.0 (compatible; SemrushBot/7~bl; +http://www.semrush.com/bot.html)" "-"
159.89.224.0 - - [22/Nov/2023:10:56:24 -0500] "GET /wp-login.php HTTP/1.1" 503 299 edibledialect.com "-" "Mozilla/5.0 (X11; Ubuntu; Linux x86_64; rv:62.0) Gecko/20100101 Firefox/62.0" "-"
157.55.39.0 - - [22/Nov/2023:10:56:25 -0500] "GET /wp-sitemap-posts-post-1.xml HTTP/1.1" 200 3739 www.edibledialect.com "-" "Mozilla/5.0 AppleWebKit/537.36 (KHTML, like Gecko; compatible; bingbot/2.0; +http://www.bing.com/bingbot.htm) Chrome/116.0.1938.76 Safari/537.36" "-"
159.89.224.0 - - [22/Nov/2023:10:56:36 -0500] "POST /wp-login.php HTTP/1.1" 503 299 edibledialect.com "-" "Mozilla/5.0 (X11; Ubuntu; Linux x86_64; rv:62.0) Gecko/20100101 Firefox/62.0" "-"
159.89.224.0 - - [22/Nov/2023:10:56:36 -0500] "POST /xmlrpc.php HTTP/1.1" 503 299 edibledialect.com "-" "Mozilla/5.0 (X11; Ubuntu; Linux x86_64; rv:62.0) Gecko/20100101 Firefox/62.0" "-"
85.208.96.0 - - [22/Nov/2023:10:58:04 -0500] "GET /category/pakistani HTTP/1.1" 200 28805 www.edibledialect.com "-" "Mozilla/5.0 (compatible; SemrushBot/7~bl; +http://www.semrush.com/bot.html)" "-"
5.101.156.0 - - [22/Nov/2023:10:58:57 -0500] "GET /wp-login.php HTTP/1.1" 200 6678 edibledialect.com "" "Mozilla/5.0 (Windows NT 10.0; Win64; x64; rv:109.0) Gecko/20100101 Firefox/119.0" "-"
5.101.156.0 - - [22/Nov/2023:10:58:57 -0500] "GET /wp-json/wp/v2/users HTTP/1.1" 200 655 edibledialect.com "" "Mozilla/5.0 (Windows NT 10.0; Win64; x64; rv:109.0) Gecko/20100101 Firefox/119.0" "-"
2a02:598:100:: - - [22/Nov/2023:11:00:25 -0500] "GET /home/contact HTTP/1.1" 200 19390 www.edibledialect.com "-" "Mozilla/5.0 (compatible; SeznamBot/4.0; +http://napoveda.seznam.cz/seznambot-intro/)" "-"
114.119.146.0 - - [22/Nov/2023:11:02:56 -0500] "GET /manhattan/woorijip HTTP/1.1" 200 31727 www.edibledialect.com "http://www.edibledialect.com/author/admin" "Mozilla/5.0 (Linux; Android 7.0;) AppleWebKit/537.36 (KHTML, like Gecko) Mobile Safari/537.36 (compatible; PetalBot;+https://webmaster.petalsearch.com/site/petalbot)" "-"
185.191.171.0 - - [22/Nov/2023:11:12:30 -0500] "GET /queens/fu-run HTTP/1.1" 200 31195 www.edibledialect.com "-" "Mozilla/5.0 (compatible; SemrushBot/7~bl; +http://www.semrush.com/bot.html)" "-"
121.89.247.0 - - [22/Nov/2023:11:32:55 -0500] "GET /wp-login.php HTTP/1.1" 503 299 edibledialect.com "-" "Mozilla/5.0 (X11; Ubuntu; Linux x86_64; rv:62.0) Gecko/20100101 Firefox/62.0" "-"
121.89.247.0 - - [22/Nov/2023:11:33:07 -0500] "POST /wp-login.php HTTP/1.1" 503 299 edibledialect.com "-" "Mozilla/5.0 (X11; Ubuntu; Linux x86_64; rv:62.0) Gecko/20100101 Firefox/62.0" "-"
121.89.247.0 - - [22/Nov/2023:11:33:08 -0500] "POST /xmlrpc.php HTTP/1.1" 503 299 edibledialect.com "-" "Mozilla/5.0 (X11; Ubuntu; Linux x86_64; rv:62.0) Gecko/20100101 Firefox/62.0" "-"
74.208.59.0 - - [22/Nov/2023:11:46:41 -0500] "POST /wp-cron.php?doing_wp_cron=1700671601.6320469379425048828125 HTTP/1.1" 200 - www.edibledialect.com "http://www.edibledialect.com/wp-cron.php?doing_wp_cron=1700671601.6320469379425048828125" "WordPress/5.5.13; http://www.edibledialect.com" "-"
85.208.96.0 - - [22/Nov/2023:11:46:41 -0500] "GET /category/bagels HTTP/1.1" 200 22967 www.edibledialect.com "-" "Mozilla/5.0 (compatible; SemrushBot/7~bl; +http://www.semrush.com/bot.html)" "-"
51.222.253.0 - - [22/Nov/2023:12:03:47 -0500] "GET /brooklyn/fette-sau HTTP/1.1" 200 30580 www.edibledialect.com "-" "Mozilla/5.0 (compatible; AhrefsBot/7.0; +http://ahrefs.com/robot/)" "-"
151.80.67.0 - - [22/Nov/2023:12:08:42 -0500] "GET /wp-content/plugins/user-pro/css/userpro-editor.css HTTP/1.1" 301 - edibledialect.com "edibledialect.com" "Mozilla/5.0 (Windows NT 10.0; Win64; x64) AppleWebKit/537.36 (KHTML, like Gecko) colonel Chrome/196.3.1597.530 Safari/537.36" "-"
151.80.67.0 - - [22/Nov/2023:12:08:42 -0500] "GET /wp-content/plugins/user-pro/css/userpro-editor.css HTTP/1.1" 404 18399 www.edibledialect.com "edibledialect.com" "Mozilla/5.0 (Windows NT 10.0; Win64; x64) AppleWebKit/537.36 (KHTML, like Gecko) colonel Chrome/196.3.1597.530 Safari/537.36" "-"
43.134.98.0 - - [22/Nov/2023:12:14:42 -0500] "GET /wp-content/uploads/2016/09/bambino.jpg HTTP/1.1" 200 5560209 www.edibledialect.com "-" "Mozilla/5.0 (Macintosh; Intel Mac OS X 10_15_7) AppleWebKit/537.36 (KHTML, like Gecko) Chrome/103.0.0.0 Safari/537.36" "-"
43.134.98.0 - - [22/Nov/2023:12:14:54 -0500] "GET /wp-content/uploads/2017/01/chandni.jpg HTTP/1.1" 200 309813 www.edibledialect.com "-" "Mozilla/5.0 (Macintosh; Intel Mac OS X 10_15_7) AppleWebKit/537.36 (KHTML, like Gecko) Chrome/103.0.0.0 Safari/537.36" "-"
38.145.203.0 - - [22/Nov/2023:12:28:35 -0500] "GET /wp-content/uploads/2016/11/Talde.jpg HTTP/1.1" 200 224505 www.edibledialect.com "-" "Mozilla/5.0 (X11; Ubuntu; Linux x86_64; rv:72.0) Gecko/20100101 Firefox/72.0" "-"
38.145.203.0 - - [22/Nov/2023:12:28:35 -0500] "GET /wp-content/uploads/2016/11/woodside-Cafe.jpg HTTP/1.1" 200 1391599 www.edibledialect.com "-" "Mozilla/5.0 (X11; Ubuntu; Linux x86_64; rv:72.0) Gecko/20100101 Firefox/72.0" "-"
38.145.203.0 - - [22/Nov/2023:12:28:36 -0500] "GET /wp-content/uploads/2017/06/joju.jpg HTTP/1.1" 200 270095 www.edibledialect.com "-" "Mozilla/5.0 (X11; Ubuntu; Linux x86_64; rv:72.0) Gecko/20100101 Firefox/72.0" "-"
203.190.12.0 - - [22/Nov/2023:12:29:40 -0500] "GET /wp-login.php HTTP/1.1" 503 299 edibledialect.com "-" "Mozilla/5.0 (X11; Ubuntu; Linux x86_64; rv:62.0) Gecko/20100101 Firefox/62.0" "-"
203.190.12.0 - - [22/Nov/2023:12:29:53 -0500] "POST /wp-login.php HTTP/1.1" 503 299 edibledialect.com "-" "Mozilla/5.0 (X11; Ubuntu; Linux x86_64; rv:62.0) Gecko/20100101 Firefox/62.0" "-"
203.190.12.0 - - [22/Nov/2023:12:29:54 -0500] "POST /xmlrpc.php HTTP/1.1" 503 299 edibledialect.com "-" "Mozilla/5.0 (X11; Ubuntu; Linux x86_64; rv:62.0) Gecko/20100101 Firefox/62.0" "-"
74.208.59.0 - - [22/Nov/2023:12:32:23 -0500] "POST /wp-cron.php?doing_wp_cron=1700674343.9244670867919921875000 HTTP/1.1" 200 - www.edibledialect.com "http://www.edibledialect.com/wp-cron.php?doing_wp_cron=1700674343.9244670867919921875000" "WordPress/5.5.13; http://www.edibledialect.com" "-"
3.88.116.0 - - [22/Nov/2023:12:32:23 -0500] "GET /robots.txt HTTP/1.1" 200 172 www.edibledialect.com "-" "ClaudeBot" "-"
3.88.116.0 - - [22/Nov/2023:12:32:25 -0500] "GET /san-francisco/lapalma HTTP/1.1" 200 33691 www.edibledialect.com "-" "ClaudeBot" "-"
51.222.253.0 - - [22/Nov/2023:12:34:09 -0500] "GET / HTTP/1.1" 200 54800 www.edibledialect.com "-" "Mozilla/5.0 (compatible; AhrefsBot/7.0; +http://ahrefs.com/robot/)" "-"
5.101.157.0 - - [22/Nov/2023:12:42:42 -0500] "GET /wp-login.php HTTP/1.1" 200 6678 edibledialect.com "" "Mozilla/5.0 (Windows NT 10.0; Win64; x64; rv:109.0) Gecko/20100101 Firefox/119.0" "-"
5.101.157.0 - - [22/Nov/2023:12:42:42 -0500] "GET /wp-json/wp/v2/users HTTP/1.1" 200 655 edibledialect.com "" "Mozilla/5.0 (Windows NT 10.0; Win64; x64; rv:109.0) Gecko/20100101 Firefox/119.0" "-"
185.191.171.0 - - [22/Nov/2023:12:47:39 -0500] "GET /robots.txt HTTP/1.1" 200 172 www.edibledialect.com "-" "Mozilla/5.0 (compatible; SemrushBot/7~bl; +http://www.semrush.com/bot.html)" "-"
85.208.96.0 - - [22/Nov/2023:12:47:40 -0500] "GET /tag/hawaii HTTP/1.1" 200 24528 www.edibledialect.com "-" "Mozilla/5.0 (compatible; SemrushBot/7~bl; +http://www.semrush.com/bot.html)" "-"
87.236.20.0 - - [22/Nov/2023:12:49:12 -0500] "GET /wp-login.php HTTP/1.1" 200 6678 edibledialect.com "" "Mozilla/5.0 (Windows NT 10.0; Win64; x64; rv:109.0) Gecko/20100101 Firefox/119.0" "-"
87.236.20.0 - - [22/Nov/2023:12:49:13 -0500] "GET /wp-json/wp/v2/users HTTP/1.1" 200 655 edibledialect.com "" "Mozilla/5.0 (Windows NT 10.0; Win64; x64; rv:109.0) Gecko/20100101 Firefox/119.0" "-"
2001:bc8:1200:: - - [22/Nov/2023:12:51:30 -0500] "GET /wp-login.php HTTP/1.1" 503 299 edibledialect.com "-" "Mozilla/5.0 (X11; Ubuntu; Linux x86_64; rv:62.0) Gecko/20100101 Firefox/62.0" "-"
2001:bc8:1200:: - - [22/Nov/2023:12:51:31 -0500] "POST /wp-login.php HTTP/1.1" 503 299 edibledialect.com "-" "Mozilla/5.0 (X11; Ubuntu; Linux x86_64; rv:62.0) Gecko/20100101 Firefox/62.0" "-"
2001:bc8:1200:: - - [22/Nov/2023:12:51:31 -0500] "POST /xmlrpc.php HTTP/1.1" 503 299 edibledialect.com "-" "Mozilla/5.0 (X11; Ubuntu; Linux x86_64; rv:62.0) Gecko/20100101 Firefox/62.0" "-"
2a02:598:100:: - - [22/Nov/2023:12:52:30 -0500] "GET /tag/queens HTTP/1.1" 200 71234 www.edibledialect.com "-" "Mozilla/5.0 (compatible; SeznamBot/4.0; +http://napoveda.seznam.cz/seznambot-intro/)" "-"
2a02:598:100:: - - [22/Nov/2023:12:58:33 -0500] "GET /category/latin-american HTTP/1.1" 200 27929 www.edibledialect.com "-" "Mozilla/5.0 (compatible; SeznamBot/4.0; +http://napoveda.seznam.cz/seznambot-intro/)" "-"
91.134.248.0 - - [22/Nov/2023:13:09:58 -0500] "GET /dropdown.php HTTP/1.1" 301 - edibledialect.com "http://simplesite.com" "Mozilla/5.0 (Windows; U; Windows NT 5.1; en-US) AppleWebKit/533.4 (KHTML, like Gecko) Chrome/5.0.375.99 Safari/533.4" "-"
91.134.248.0 - - [22/Nov/2023:13:09:59 -0500] "GET /dropdown.php HTTP/1.1" 404 18399 www.edibledialect.com "http://edibledialect.com/dropdown.php" "Mozilla/5.0 (Windows; U; Windows NT 5.1; en-US) AppleWebKit/533.4 (KHTML, like Gecko) Chrome/5.0.375.99 Safari/533.4" "-"
212.193.54.0 - - [22/Nov/2023:13:28:00 -0500] "GET / HTTP/1.1" 301 - edibledialect.com "-" "Mozilla/5.0 (Macintosh; Intel Mac OS X 10.16; rv:85.0) Gecko/20100101 Firefox/85.0" "-"
74.208.59.0 - - [22/Nov/2023:13:28:00 -0500] "POST /wp-cron.php?doing_wp_cron=1700677680.3944520950317382812500 HTTP/1.1" 200 - www.edibledialect.com "http://www.edibledialect.com/wp-cron.php?doing_wp_cron=1700677680.3944520950317382812500" "WordPress/5.5.13; http://www.edibledialect.com" "-"
212.193.54.0 - - [22/Nov/2023:13:28:00 -0500] "GET / HTTP/1.1" 301 - edibledialect.com "-" "Mozilla/4.0 (compatible; MSIE 6.0; Windows NT 5.1; SV1)" "-"
212.193.54.0 - - [22/Nov/2023:13:28:01 -0500] "GET / HTTP/1.1" 200 54800 www.edibledialect.com "-" "Mozilla/5.0 (Macintosh; Intel Mac OS X 10.16; rv:85.0) Gecko/20100101 Firefox/85.0" "-"
212.193.54.0 - - [22/Nov/2023:13:28:01 -0500] "GET / HTTP/1.1" 200 54800 www.edibledialect.com "-" "Mozilla/4.0 (compatible; MSIE 6.0; Windows NT 5.1; SV1)" "-"
2a04:ac00:: - - [22/Nov/2023:13:28:03 -0500] "GET /robots.txt HTTP/1.1" 301 - edibledialect.com "-" "Mozilla/5.0 (Macintosh; Intel Mac OS X 10.11; rv:45.0) Gecko/20100101 Firefox/45.0" "-"
2a04:ac00:: - - [22/Nov/2023:13:28:03 -0500] "GET /robots.txt HTTP/1.1" 200 172 www.edibledialect.com "-" "Mozilla/5.0 (Macintosh; Intel Mac OS X 10.11; rv:45.0) Gecko/20100101 Firefox/45.0" "-"
2a04:ac00:: - - [22/Nov/2023:13:28:05 -0500] "GET / HTTP/1.1" 301 - edibledialect.com "-" "Mozilla/5.0 (Macintosh; Intel Mac OS X 10.11; rv:45.0) Gecko/20100101 Firefox/45.0" "-"
2a04:ac00:: - - [22/Nov/2023:13:28:06 -0500] "GET / HTTP/1.1" 200 54800 www.edibledialect.com "-" "Mozilla/5.0 (Macintosh; Intel Mac OS X 10.11; rv:45.0) Gecko/20100101 Firefox/45.0" "-"
2a04:ac00:: - - [22/Nov/2023:13:28:07 -0500] "GET /category/manhattan HTTP/1.1" 301 - edibledialect.com "-" "Mozilla/5.0 (Macintosh; Intel Mac OS X 10.11; rv:45.0) Gecko/20100101 Firefox/45.0" "-"
2a04:ac00:: - - [22/Nov/2023:13:28:07 -0500] "GET /category/manhattan HTTP/1.1" 200 71228 www.edibledialect.com "-" "Mozilla/5.0 (Macintosh; Intel Mac OS X 10.11; rv:45.0) Gecko/20100101 Firefox/45.0" "-"
2a04:ac00:: - - [22/Nov/2023:13:28:08 -0500] "GET /category/brooklyn HTTP/1.1" 301 - edibledialect.com "-" "Mozilla/5.0 (Macintosh; Intel Mac OS X 10.11; rv:45.0) Gecko/20100101 Firefox/45.0" "-"
2a04:ac00:: - - [22/Nov/2023:13:28:08 -0500] "GET /category/brooklyn HTTP/1.1" 200 33443 www.edibledialect.com "-" "Mozilla/5.0 (Macintosh; Intel Mac OS X 10.11; rv:45.0) Gecko/20100101 Firefox/45.0" "-"
2a04:ac00:: - - [22/Nov/2023:13:28:09 -0500] "GET /category/queens HTTP/1.1" 301 - edibledialect.com "-" "Mozilla/5.0 (Macintosh; Intel Mac OS X 10.11; rv:45.0) Gecko/20100101 Firefox/45.0" "-"
2a04:ac00:: - - [22/Nov/2023:13:28:09 -0500] "GET /category/queens HTTP/1.1" 200 69010 www.edibledialect.com "-" "Mozilla/5.0 (Macintosh; Intel Mac OS X 10.11; rv:45.0) Gecko/20100101 Firefox/45.0" "-"
2a04:ac00:: - - [22/Nov/2023:13:28:10 -0500] "GET /category/elsewhere HTTP/1.1" 301 - edibledialect.com "-" "Mozilla/5.0 (Macintosh; Intel Mac OS X 10.11; rv:45.0) Gecko/20100101 Firefox/45.0" "-"
2a04:ac00:: - - [22/Nov/2023:13:28:11 -0500] "GET /category/elsewhere HTTP/1.1" 200 35216 www.edibledialect.com "-" "Mozilla/5.0 (Macintosh; Intel Mac OS X 10.11; rv:45.0) Gecko/20100101 Firefox/45.0" "-"
2a04:ac00:: - - [22/Nov/2023:13:28:11 -0500] "GET /about HTTP/1.1" 301 - edibledialect.com "-" "Mozilla/5.0 (Macintosh; Intel Mac OS X 10.11; rv:45.0) Gecko/20100101 Firefox/45.0" "-"
2a04:ac00:: - - [22/Nov/2023:13:28:12 -0500] "GET /about HTTP/1.1" 200 20296 www.edibledialect.com "-" "Mozilla/5.0 (Macintosh; Intel Mac OS X 10.11; rv:45.0) Gecko/20100101 Firefox/45.0" "-"
2a04:ac00:: - - [22/Nov/2023:13:28:12 -0500] "GET /uncategorized/aquavit HTTP/1.1" 301 - edibledialect.com "-" "Mozilla/5.0 (Macintosh; Intel Mac OS X 10.11; rv:45.0) Gecko/20100101 Firefox/45.0" "-"
2a04:ac00:: - - [22/Nov/2023:13:28:13 -0500] "GET /uncategorized/aquavit HTTP/1.1" 200 28646 www.edibledialect.com "-" "Mozilla/5.0 (Macintosh; Intel Mac OS X 10.11; rv:45.0) Gecko/20100101 Firefox/45.0" "-"
2a04:ac00:: - - [22/Nov/2023:13:28:13 -0500] "GET /author/william-plant HTTP/1.1" 301 - edibledialect.com "-" "Mozilla/5.0 (Macintosh; Intel Mac OS X 10.11; rv:45.0) Gecko/20100101 Firefox/45.0" "-"
2a04:ac00:: - - [22/Nov/2023:13:28:14 -0500] "GET /author/william-plant HTTP/1.1" 200 54692 www.edibledialect.com "-" "Mozilla/5.0 (Macintosh; Intel Mac OS X 10.11; rv:45.0) Gecko/20100101 Firefox/45.0" "-"
2a04:ac00:: - - [22/Nov/2023:13:28:15 -0500] "GET /category/uncategorized HTTP/1.1" 301 - edibledialect.com "-" "Mozilla/5.0 (Macintosh; Intel Mac OS X 10.11; rv:45.0) Gecko/20100101 Firefox/45.0" "-"
2a04:ac00:: - - [22/Nov/2023:13:28:15 -0500] "GET /category/uncategorized HTTP/1.1" 200 54063 www.edibledialect.com "-" "Mozilla/5.0 (Macintosh; Intel Mac OS X 10.11; rv:45.0) Gecko/20100101 Firefox/45.0" "-"
2a04:ac00:: - - [22/Nov/2023:13:28:16 -0500] "GET /uncategorized/le-bernardin HTTP/1.1" 301 - edibledialect.com "-" "Mozilla/5.0 (Macintosh; Intel Mac OS X 10.11; rv:45.0) Gecko/20100101 Firefox/45.0" "-"
2a04:ac00:: - - [22/Nov/2023:13:28:16 -0500] "GET /uncategorized/le-bernardin HTTP/1.1" 200 28993 www.edibledialect.com "-" "Mozilla/5.0 (Macintosh; Intel Mac OS X 10.11; rv:45.0) Gecko/20100101 Firefox/45.0" "-"
2a04:ac00:: - - [22/Nov/2023:13:28:17 -0500] "GET /uncategorized/marea HTTP/1.1" 301 - edibledialect.com "-" "Mozilla/5.0 (Macintosh; Intel Mac OS X 10.11; rv:45.0) Gecko/20100101 Firefox/45.0" "-"
2a04:ac00:: - - [22/Nov/2023:13:28:17 -0500] "GET /uncategorized/marea HTTP/1.1" 200 28912 www.edibledialect.com "-" "Mozilla/5.0 (Macintosh; Intel Mac OS X 10.11; rv:45.0) Gecko/20100101 Firefox/45.0" "-"
2a04:ac00:: - - [22/Nov/2023:13:28:18 -0500] "GET /uncategorized/per-se HTTP/1.1" 301 - edibledialect.com "-" "Mozilla/5.0 (Macintosh; Intel Mac OS X 10.11; rv:45.0) Gecko/20100101 Firefox/45.0" "-"
2a04:ac00:: - - [22/Nov/2023:13:28:18 -0500] "GET /uncategorized/per-se HTTP/1.1" 200 28842 www.edibledialect.com "-" "Mozilla/5.0 (Macintosh; Intel Mac OS X 10.11; rv:45.0) Gecko/20100101 Firefox/45.0" "-"
2a04:ac00:: - - [22/Nov/2023:13:28:19 -0500] "GET /uncategorized/masa HTTP/1.1" 301 - edibledialect.com "-" "Mozilla/5.0 (Macintosh; Intel Mac OS X 10.11; rv:45.0) Gecko/20100101 Firefox/45.0" "-"
2a04:ac00:: - - [22/Nov/2023:13:28:19 -0500] "GET /uncategorized/masa HTTP/1.1" 200 28805 www.edibledialect.com "-" "Mozilla/5.0 (Macintosh; Intel Mac OS X 10.11; rv:45.0) Gecko/20100101 Firefox/45.0" "-"
2a04:ac00:: - - [22/Nov/2023:13:28:20 -0500] "GET /uncategorized/jean-georges HTTP/1.1" 301 - edibledialect.com "-" "Mozilla/5.0 (Macintosh; Intel Mac OS X 10.11; rv:45.0) Gecko/20100101 Firefox/45.0" "-"
2a04:ac00:: - - [22/Nov/2023:13:28:20 -0500] "GET /uncategorized/jean-georges HTTP/1.1" 200 29087 www.edibledialect.com "-" "Mozilla/5.0 (Macintosh; Intel Mac OS X 10.11; rv:45.0) Gecko/20100101 Firefox/45.0" "-"
2a04:ac00:: - - [22/Nov/2023:13:28:21 -0500] "GET /uncategorized/sushi-noz HTTP/1.1" 301 - edibledialect.com "-" "Mozilla/5.0 (Macintosh; Intel Mac OS X 10.11; rv:45.0) Gecko/20100101 Firefox/45.0" "-"
2a04:ac00:: - - [22/Nov/2023:13:28:21 -0500] "GET /uncategorized/sushi-noz HTTP/1.1" 200 29163 www.edibledialect.com "-" "Mozilla/5.0 (Macintosh; Intel Mac OS X 10.11; rv:45.0) Gecko/20100101 Firefox/45.0" "-"
2a04:ac00:: - - [22/Nov/2023:13:28:22 -0500] "GET /uncategorized/blue-hill-at-stone-barns HTTP/1.1" 301 - edibledialect.com "-" "Mozilla/5.0 (Macintosh; Intel Mac OS X 10.11; rv:45.0) Gecko/20100101 Firefox/45.0" "-"
2a04:ac00:: - - [22/Nov/2023:13:28:22 -0500] "GET /uncategorized/blue-hill-at-stone-barns HTTP/1.1" 200 29313 www.edibledialect.com "-" "Mozilla/5.0 (Macintosh; Intel Mac OS X 10.11; rv:45.0) Gecko/20100101 Firefox/45.0" "-"
2a04:ac00:: - - [22/Nov/2023:13:28:23 -0500] "GET /uncategorized/mum-feteer HTTP/1.1" 301 - edibledialect.com "-" "Mozilla/5.0 (Macintosh; Intel Mac OS X 10.11; rv:45.0) Gecko/20100101 Firefox/45.0" "-"
2a04:ac00:: - - [22/Nov/2023:13:28:24 -0500] "GET /uncategorized/mum-feteer HTTP/1.1" 200 29073 www.edibledialect.com "-" "Mozilla/5.0 (Macintosh; Intel Mac OS X 10.11; rv:45.0) Gecko/20100101 Firefox/45.0" "-"
2a04:ac00:: - - [22/Nov/2023:13:28:24 -0500] "GET /uncategorized/grimm-artisanal-ales HTTP/1.1" 301 - edibledialect.com "-" "Mozilla/5.0 (Macintosh; Intel Mac OS X 10.11; rv:45.0) Gecko/20100101 Firefox/45.0" "-"
2a04:ac00:: - - [22/Nov/2023:13:28:25 -0500] "GET /uncategorized/grimm-artisanal-ales HTTP/1.1" 200 29180 www.edibledialect.com "-" "Mozilla/5.0 (Macintosh; Intel Mac OS X 10.11; rv:45.0) Gecko/20100101 Firefox/45.0" "-"
2a04:ac00:: - - [22/Nov/2023:13:28:25 -0500] "GET /page/2 HTTP/1.1" 200 73317 edibledialect.com "-" "Mozilla/5.0 (Macintosh; Intel Mac OS X 10.11; rv:45.0) Gecko/20100101 Firefox/45.0" "-"
2a04:ac00:: - - [22/Nov/2023:13:28:26 -0500] "GET /page/3 HTTP/1.1" 200 69574 edibledialect.com "-" "Mozilla/5.0 (Macintosh; Intel Mac OS X 10.11; rv:45.0) Gecko/20100101 Firefox/45.0" "-"
2a04:ac00:: - - [22/Nov/2023:13:28:27 -0500] "GET /page/4 HTTP/1.1" 200 71172 edibledialect.com "-" "Mozilla/5.0 (Macintosh; Intel Mac OS X 10.11; rv:45.0) Gecko/20100101 Firefox/45.0" "-"
2a04:ac00:: - - [22/Nov/2023:13:28:28 -0500] "GET /page/5 HTTP/1.1" 200 65931 edibledialect.com "-" "Mozilla/5.0 (Macintosh; Intel Mac OS X 10.11; rv:45.0) Gecko/20100101 Firefox/45.0" "-"
2a04:ac00:: - - [22/Nov/2023:13:28:29 -0500] "GET /home/contact/ HTTP/1.1" 301 - edibledialect.com "-" "Mozilla/5.0 (Macintosh; Intel Mac OS X 10.11; rv:45.0) Gecko/20100101 Firefox/45.0" "-"
2a04:ac00:: - - [22/Nov/2023:13:28:29 -0500] "GET /home/contact HTTP/1.1" 200 19390 www.edibledialect.com "-" "Mozilla/5.0 (Macintosh; Intel Mac OS X 10.11; rv:45.0) Gecko/20100101 Firefox/45.0" "-"
2a04:ac00:: - - [22/Nov/2023:13:28:30 -0500] "GET /wp-includes/js/jquery/jquery.js HTTP/1.1" 200 96873 edibledialect.com "-" "Mozilla/5.0 (Macintosh; Intel Mac OS X 10.11; rv:45.0) Gecko/20100101 Firefox/45.0" "-"
2a04:ac00:: - - [22/Nov/2023:13:28:30 -0500] "GET /wp-content/plugins/add-to-any/addtoany.min.js HTTP/1.1" 200 129 edibledialect.com "-" "Mozilla/5.0 (Macintosh; Intel Mac OS X 10.11; rv:45.0) Gecko/20100101 Firefox/45.0" "-"
2a04:ac00:: - - [22/Nov/2023:13:28:30 -0500] "GET /wp-content/themes/mytheme/js/plugins/html5.js HTTP/1.1" 200 2487 edibledialect.com "-" "Mozilla/5.0 (Macintosh; Intel Mac OS X 10.11; rv:45.0) Gecko/20100101 Firefox/45.0" "-"
2a04:ac00:: - - [22/Nov/2023:13:28:31 -0500] "GET /wp-content/themes/mytheme/js/total-min.js HTTP/1.1" 200 262562 edibledialect.com "-" "Mozilla/5.0 (Macintosh; Intel Mac OS X 10.11; rv:45.0) Gecko/20100101 Firefox/45.0" "-"
2a04:ac00:: - - [22/Nov/2023:13:28:31 -0500] "GET /wp-includes/js/wp-embed.min.js HTTP/1.1" 200 1478 edibledialect.com "-" "Mozilla/5.0 (Macintosh; Intel Mac OS X 10.11; rv:45.0) Gecko/20100101 Firefox/45.0" "-"
2a04:ac00:: - - [22/Nov/2023:13:28:31 -0500] "GET /xmlrpc.php HTTP/1.1" 405 42 edibledialect.com "-" "Mozilla/5.0 (Macintosh; Intel Mac OS X 10.11; rv:45.0) Gecko/20100101 Firefox/45.0" "-"
2a04:ac00:: - - [22/Nov/2023:13:28:32 -0500] "GET /feed HTTP/1.1" 301 - edibledialect.com "-" "Mozilla/5.0 (Macintosh; Intel Mac OS X 10.11; rv:45.0) Gecko/20100101 Firefox/45.0" "-"
2a04:ac00:: - - [22/Nov/2023:13:28:32 -0500] "GET /feed HTTP/1.1" 200 15629 www.edibledialect.com "-" "Mozilla/5.0 (Macintosh; Intel Mac OS X 10.11; rv:45.0) Gecko/20100101 Firefox/45.0" "-"
2a04:ac00:: - - [22/Nov/2023:13:28:33 -0500] "GET /comments/feed HTTP/1.1" 301 - edibledialect.com "-" "Mozilla/5.0 (Macintosh; Intel Mac OS X 10.11; rv:45.0) Gecko/20100101 Firefox/45.0" "-"
2a04:ac00:: - - [22/Nov/2023:13:28:33 -0500] "GET /comments/feed HTTP/1.1" 200 755 www.edibledialect.com "-" "Mozilla/5.0 (Macintosh; Intel Mac OS X 10.11; rv:45.0) Gecko/20100101 Firefox/45.0" "-"
2a04:ac00:: - - [22/Nov/2023:13:28:34 -0500] "GET /wp-includes/css/dist/block-library/style.min.css HTTP/1.1" 200 53907 edibledialect.com "-" "Mozilla/5.0 (Macintosh; Intel Mac OS X 10.11; rv:45.0) Gecko/20100101 Firefox/45.0" "-"
2a04:ac00:: - - [22/Nov/2023:13:28:34 -0500] "GET /wp-content/themes/mytheme/css/font-awesome.min.css HTTP/1.1" 200 21984 edibledialect.com "-" "Mozilla/5.0 (Macintosh; Intel Mac OS X 10.11; rv:45.0) Gecko/20100101 Firefox/45.0" "-"
2a04:ac00:: - - [22/Nov/2023:13:28:34 -0500] "GET /wp-content/themes/mytheme/style.css HTTP/1.1" 200 154550 edibledialect.com "-" "Mozilla/5.0 (Macintosh; Intel Mac OS X 10.11; rv:45.0) Gecko/20100101 Firefox/45.0" "-"
2a04:ac00:: - - [22/Nov/2023:13:28:35 -0500] "GET /wp-content/themes/mytheme/css/responsive.css HTTP/1.1" 200 26722 edibledialect.com "-" "Mozilla/5.0 (Macintosh; Intel Mac OS X 10.11; rv:45.0) Gecko/20100101 Firefox/45.0" "-"
2a04:ac00:: - - [22/Nov/2023:13:28:35 -0500] "GET /wp-content/themes/mytheme/css/lightbox/dark-skin/skin.css HTTP/1.1" 200 7289 edibledialect.com "-" "Mozilla/5.0 (Macintosh; Intel Mac OS X 10.11; rv:45.0) Gecko/20100101 Firefox/45.0" "-"
2a04:ac00:: - - [22/Nov/2023:13:28:35 -0500] "GET /wp-content/plugins/recent-posts-widget-with-thumbnails/public.css HTTP/1.1" 200 368 edibledialect.com "-" "Mozilla/5.0 (Macintosh; Intel Mac OS X 10.11; rv:45.0) Gecko/20100101 Firefox/45.0" "-"
2a04:ac00:: - - [22/Nov/2023:13:28:35 -0500] "GET /wp-content/plugins/add-to-any/addtoany.min.css HTTP/1.1" 200 1463 edibledialect.com "-" "Mozilla/5.0 (Macintosh; Intel Mac OS X 10.11; rv:45.0) Gecko/20100101 Firefox/45.0" "-"
2a04:ac00:: - - [22/Nov/2023:13:28:35 -0500] "GET /wp-json/ HTTP/1.1" 200 76390 edibledialect.com "-" "Mozilla/5.0 (Macintosh; Intel Mac OS X 10.11; rv:45.0) Gecko/20100101 Firefox/45.0" "-"
2a04:ac00:: - - [22/Nov/2023:13:28:36 -0500] "GET /wp-json/wp/v2/pages/52 HTTP/1.1" 200 1439 edibledialect.com "-" "Mozilla/5.0 (Macintosh; Intel Mac OS X 10.11; rv:45.0) Gecko/20100101 Firefox/45.0" "-"
2a04:ac00:: - - [22/Nov/2023:13:28:36 -0500] "GET /xmlrpc.php?rsd HTTP/1.1" 200 834 edibledialect.com "-" "Mozilla/5.0 (Macintosh; Intel Mac OS X 10.11; rv:45.0) Gecko/20100101 Firefox/45.0" "-"
2a04:ac00:: - - [22/Nov/2023:13:28:37 -0500] "GET /wp-includes/wlwmanifest.xml HTTP/1.1" 200 1045 edibledialect.com "-" "Mozilla/5.0 (Macintosh; Intel Mac OS X 10.11; rv:45.0) Gecko/20100101 Firefox/45.0" "-"
2a04:ac00:: - - [22/Nov/2023:13:28:37 -0500] "GET /wp-json/oembed/1.0/embed?url=http%3A%2F%2Fwww.edibledialect.com%2F HTTP/1.1" 200 2281 edibledialect.com "-" "Mozilla/5.0 (Macintosh; Intel Mac OS X 10.11; rv:45.0) Gecko/20100101 Firefox/45.0" "-"
2a04:ac00:: - - [22/Nov/2023:13:28:37 -0500] "GET /wp-json/oembed/1.0/embed?url=http%3A%2F%2Fwww.edibledialect.com%2F& HTTP/1.1" 200 2281 edibledialect.com "-" "Mozilla/5.0 (Macintosh; Intel Mac OS X 10.11; rv:45.0) Gecko/20100101 Firefox/45.0" "-"
2a04:ac00:: - - [22/Nov/2023:13:28:38 -0500] "GET /wp-content/themes/mytheme/css/ie8.css HTTP/1.1" 200 8411 edibledialect.com "-" "Mozilla/5.0 (Macintosh; Intel Mac OS X 10.11; rv:45.0) Gecko/20100101 Firefox/45.0" "-"
2a04:ac00:: - - [22/Nov/2023:13:28:38 -0500] "GET /wp-content/uploads/2016/10/favicon.png HTTP/1.1" 200 731 edibledialect.com "-" "Mozilla/5.0 (Macintosh; Intel Mac OS X 10.11; rv:45.0) Gecko/20100101 Firefox/45.0" "-"
2a04:ac00:: - - [22/Nov/2023:13:28:38 -0500] "GET /wp-content//uploads/2016/10/logo-1.svg HTTP/1.1" 200 32200 edibledialect.com "-" "Mozilla/5.0 (Macintosh; Intel Mac OS X 10.11; rv:45.0) Gecko/20100101 Firefox/45.0" "-"
2a04:ac00:: - - [22/Nov/2023:13:28:39 -0500] "GET /wp-content/uploads/2016/10/logo-1.svg HTTP/1.1" 200 32200 edibledialect.com "-" "Mozilla/5.0 (Macintosh; Intel Mac OS X 10.11; rv:45.0) Gecko/20100101 Firefox/45.0" "-"
2a04:ac00:: - - [22/Nov/2023:13:28:39 -0500] "GET /wp-content//uploads/2016/10/facebook-svg.svg HTTP/1.1" 200 1213 edibledialect.com "-" "Mozilla/5.0 (Macintosh; Intel Mac OS X 10.11; rv:45.0) Gecko/20100101 Firefox/45.0" "-"
2a04:ac00:: - - [22/Nov/2023:13:28:39 -0500] "GET /wp-content//uploads/2016/10/twitter-svg.svg HTTP/1.1" 200 1391 edibledialect.com "-" "Mozilla/5.0 (Macintosh; Intel Mac OS X 10.11; rv:45.0) Gecko/20100101 Firefox/45.0" "-"
2a04:ac00:: - - [22/Nov/2023:13:28:39 -0500] "GET /wp-content//uploads/2016/10/instagram-svg.svg HTTP/1.1" 200 1517 edibledialect.com "-" "Mozilla/5.0 (Macintosh; Intel Mac OS X 10.11; rv:45.0) Gecko/20100101 Firefox/45.0" "-"
2a04:ac00:: - - [22/Nov/2023:13:28:39 -0500] "GET /wp-content/uploads/2020/12/aqu.jpg HTTP/1.1" 200 171513 edibledialect.com "-" "Mozilla/5.0 (Macintosh; Intel Mac OS X 10.11; rv:45.0) Gecko/20100101 Firefox/45.0" "-"
2a04:ac00:: - - [22/Nov/2023:13:28:40 -0500] "GET /wp-content/uploads/2017/04/97.svg HTTP/1.1" 200 2313 edibledialect.com "-" "Mozilla/5.0 (Macintosh; Intel Mac OS X 10.11; rv:45.0) Gecko/20100101 Firefox/45.0" "-"
2a04:ac00:: - - [22/Nov/2023:13:28:40 -0500] "GET /wp-content/uploads/2016/09/menu.svg HTTP/1.1" 200 4318 edibledialect.com "-" "Mozilla/5.0 (Macintosh; Intel Mac OS X 10.11; rv:45.0) Gecko/20100101 Firefox/45.0" "-"
2a04:ac00:: - - [22/Nov/2023:13:28:40 -0500] "GET /wp-content/uploads/2016/09/compassdraft.svg HTTP/1.1" 200 1376 edibledialect.com "-" "Mozilla/5.0 (Macintosh; Intel Mac OS X 10.11; rv:45.0) Gecko/20100101 Firefox/45.0" "-"
