157.245.198.0 - - [30/Nov/2023:22:05:42 -0500] "GET /Mshell.php HTTP/1.1" 404 18409 www.edibledialect.com "www.google.com" "Mozlila/5.0 (Linux; Android 7.0; SM-G892A Bulid/NRD90M; wv) AppleWebKit/537.36 (KHTML, like Gecko) Version/4.0 Chrome/60.0.3112.107 Moblie Safari/537.36" "-"
157.245.198.0 - - [30/Nov/2023:22:05:45 -0500] "GET /Mshell.php HTTP/1.1" 404 18409 www.edibledialect.com "www.google.com" "Mozlila/5.0 (Linux; Android 7.0; SM-G892A Bulid/NRD90M; wv) AppleWebKit/537.36 (KHTML, like Gecko) Version/4.0 Chrome/60.0.3112.107 Moblie Safari/537.36" "-"
217.113.194.0 - - [30/Nov/2023:22:08:41 -0500] "GET /uncategorized/masa/feed HTTP/1.1" 200 774 www.edibledialect.com "-" "Mozilla/5.0 (compatible; Barkrowler/0.9; +https://babbar.tech/crawler)" "-"
159.65.235.0 - - [30/Nov/2023:22:10:40 -0500] "GET /chosen.php?p= HTTP/1.1" 301 - edibledialect.com "edibledialect.com" "Mozilla/5.0 (Windows NT 10.0; Win64; x64) AppleWebKit/537.36 (KHTML, like Gecko) colonel Chrome/196.3.1597.530 Safari/537.36" "-"
159.65.235.0 - - [30/Nov/2023:22:10:40 -0500] "GET /chosen.php HTTP/1.1" 404 18399 www.edibledialect.com "edibledialect.com" "Mozilla/5.0 (Windows NT 10.0; Win64; x64) AppleWebKit/537.36 (KHTML, like Gecko) colonel Chrome/196.3.1597.530 Safari/537.36" "-"
51.222.253.0 - - [30/Nov/2023:22:12:01 -0500] "GET /category/uncategorized HTTP/1.1" 200 54063 www.edibledialect.com "-" "Mozilla/5.0 (compatible; AhrefsBot/7.0; +http://ahrefs.com/robot/)" "-"
217.113.194.0 - - [30/Nov/2023:22:13:09 -0500] "GET /uncategorized/marea/feed HTTP/1.1" 200 777 www.edibledialect.com "-" "Mozilla/5.0 (compatible; Barkrowler/0.9; +https://babbar.tech/crawler)" "-"
217.113.194.0 - - [30/Nov/2023:22:17:43 -0500] "GET /queens/il-bambino/feed HTTP/1.1" 200 778 www.edibledialect.com "-" "Mozilla/5.0 (compatible; Barkrowler/0.9; +https://babbar.tech/crawler)" "-"
81.94.159.0 - - [30/Nov/2023:22:21:19 -0500] "GET /wp-pano.php HTTP/1.1" 404 18399 www.edibledialect.com "-" "Mozilla/4.0 (compatible; MSIE 6.0; Windows NT 5.1; SV1)" "-"
217.113.194.0 - - [30/Nov/2023:22:22:14 -0500] "GET /queens/farid-kebab HTTP/1.1" 200 31378 www.edibledialect.com "-" "Mozilla/5.0 (compatible; Barkrowler/0.9; +https://babbar.tech/crawler)" "-"
40.77.167.0 - - [30/Nov/2023:22:23:30 -0500] "GET /robots.txt HTTP/1.1" 200 172 www.edibledialect.com "-" "Mozilla/5.0 AppleWebKit/537.36 (KHTML, like Gecko; compatible; bingbot/2.0; +http://www.bing.com/bingbot.htm) Chrome/116.0.1938.76 Safari/537.36" "-"
157.55.39.0 - - [30/Nov/2023:22:23:41 -0500] "GET / HTTP/1.1" 200 54800 www.edibledialect.com "-" "Mozilla/5.0 AppleWebKit/537.36 (KHTML, like Gecko; compatible; bingbot/2.0; +http://www.bing.com/bingbot.htm) Chrome/116.0.1938.76 Safari/537.36" "-"
40.77.167.0 - - [30/Nov/2023:22:23:49 -0500] "GET /robots.txt HTTP/1.1" 301 - edibledialect.com "-" "Mozilla/5.0 AppleWebKit/537.36 (KHTML, like Gecko; compatible; bingbot/2.0; +http://www.bing.com/bingbot.htm) Chrome/116.0.1938.76 Safari/537.36" "-"
40.77.167.0 - - [30/Nov/2023:22:23:50 -0500] "GET /robots.txt HTTP/1.1" 200 172 www.edibledialect.com "-" "Mozilla/5.0 AppleWebKit/537.36 (KHTML, like Gecko; compatible; bingbot/2.0; +http://www.bing.com/bingbot.htm) Chrome/116.0.1938.76 Safari/537.36" "-"
157.55.39.0 - - [30/Nov/2023:22:23:51 -0500] "GET /wp-content/plugins/add-to-any/addtoany.min.css HTTP/1.1" 200 1463 www.edibledialect.com "-" "Mozilla/5.0 AppleWebKit/537.36 (KHTML, like Gecko; compatible; bingbot/2.0; +http://www.bing.com/bingbot.htm) Chrome/116.0.1938.76 Safari/537.36" "-"
157.55.39.0 - - [30/Nov/2023:22:23:51 -0500] "GET /wp-content/plugins/add-to-any/addtoany.min.js HTTP/1.1" 200 129 www.edibledialect.com "-" "Mozilla/5.0 AppleWebKit/537.36 (KHTML, like Gecko; compatible; bingbot/2.0; +http://www.bing.com/bingbot.htm) Chrome/116.0.1938.76 Safari/537.36" "-"
157.55.39.0 - - [30/Nov/2023:22:23:51 -0500] "GET /wp-content/plugins/recent-posts-widget-with-thumbnails/public.css HTTP/1.1" 200 368 www.edibledialect.com "-" "Mozilla/5.0 AppleWebKit/537.36 (KHTML, like Gecko; compatible; bingbot/2.0; +http://www.bing.com/bingbot.htm) Chrome/116.0.1938.76 Safari/537.36" "-"
157.55.39.0 - - [30/Nov/2023:22:23:51 -0500] "GET /wp-content/themes/mytheme/style.css HTTP/1.1" 200 154550 www.edibledialect.com "-" "Mozilla/5.0 AppleWebKit/537.36 (KHTML, like Gecko; compatible; bingbot/2.0; +http://www.bing.com/bingbot.htm) Chrome/116.0.1938.76 Safari/537.36" "-"
157.55.39.0 - - [30/Nov/2023:22:23:52 -0500] "GET /wp-content/uploads/2016/10/logo-1.svg HTTP/1.1" 200 32200 www.edibledialect.com "-" "Mozilla/5.0 AppleWebKit/537.36 (KHTML, like Gecko; compatible; bingbot/2.0; +http://www.bing.com/bingbot.htm) Chrome/116.0.1938.76 Safari/537.36" "-"
157.55.39.0 - - [30/Nov/2023:22:23:52 -0500] "GET /wp-includes/js/jquery/jquery.js HTTP/1.1" 200 96873 www.edibledialect.com "-" "Mozilla/5.0 AppleWebKit/537.36 (KHTML, like Gecko; compatible; bingbot/2.0; +http://www.bing.com/bingbot.htm) Chrome/116.0.1938.76 Safari/537.36" "-"
157.55.39.0 - - [30/Nov/2023:22:23:53 -0500] "GET /wp-includes/css/dist/block-library/style.min.css HTTP/1.1" 200 53907 www.edibledialect.com "-" "Mozilla/5.0 AppleWebKit/537.36 (KHTML, like Gecko; compatible; bingbot/2.0; +http://www.bing.com/bingbot.htm) Chrome/116.0.1938.76 Safari/537.36" "-"
157.55.39.0 - - [30/Nov/2023:22:23:53 -0500] "GET /wp-includes/js/wp-emoji-release.min.js HTTP/1.1" 200 14229 www.edibledialect.com "-" "Mozilla/5.0 AppleWebKit/537.36 (KHTML, like Gecko; compatible; bingbot/2.0; +http://www.bing.com/bingbot.htm) Chrome/116.0.1938.76 Safari/537.36" "-"
40.77.167.0 - - [30/Nov/2023:22:23:54 -0500] "GET /wp-content//uploads/2016/10/logo-1.svg HTTP/1.1" 200 32200 edibledialect.com "-" "Mozilla/5.0 AppleWebKit/537.36 (KHTML, like Gecko; compatible; bingbot/2.0; +http://www.bing.com/bingbot.htm) Chrome/116.0.1938.76 Safari/537.36" "-"
40.77.167.0 - - [30/Nov/2023:22:23:58 -0500] "GET /wp-content/themes/mytheme/css/lightbox/dark-skin/skin.css HTTP/1.1" 200 7289 www.edibledialect.com "-" "Mozilla/5.0 AppleWebKit/537.36 (KHTML, like Gecko; compatible; bingbot/2.0; +http://www.bing.com/bingbot.htm) Chrome/116.0.1938.76 Safari/537.36" "-"
52.167.144.0 - - [30/Nov/2023:22:23:59 -0500] "GET /wp-content//uploads/2016/10/facebook-svg.svg HTTP/1.1" 200 1213 edibledialect.com "-" "Mozilla/5.0 AppleWebKit/537.36 (KHTML, like Gecko; compatible; bingbot/2.0; +http://www.bing.com/bingbot.htm) Chrome/116.0.1938.76 Safari/537.36" "-"
52.167.144.0 - - [30/Nov/2023:22:23:59 -0500] "GET /wp-content//uploads/2016/10/twitter-svg.svg HTTP/1.1" 200 1391 edibledialect.com "-" "Mozilla/5.0 AppleWebKit/537.36 (KHTML, like Gecko; compatible; bingbot/2.0; +http://www.bing.com/bingbot.htm) Chrome/116.0.1938.76 Safari/537.36" "-"
40.77.167.0 - - [30/Nov/2023:22:24:00 -0500] "GET /wp-content/themes/mytheme/js/total-min.js HTTP/1.1" 200 262562 www.edibledialect.com "-" "Mozilla/5.0 AppleWebKit/537.36 (KHTML, like Gecko; compatible; bingbot/2.0; +http://www.bing.com/bingbot.htm) Chrome/116.0.1938.76 Safari/537.36" "-"
40.77.167.0 - - [30/Nov/2023:22:24:01 -0500] "GET /wp-content/themes/mytheme/css/responsive.css HTTP/1.1" 200 26722 www.edibledialect.com "-" "Mozilla/5.0 AppleWebKit/537.36 (KHTML, like Gecko; compatible; bingbot/2.0; +http://www.bing.com/bingbot.htm) Chrome/116.0.1938.76 Safari/537.36" "-"
40.77.167.0 - - [30/Nov/2023:22:24:02 -0500] "GET /wp-includes/js/wp-embed.min.js HTTP/1.1" 200 1478 www.edibledialect.com "-" "Mozilla/5.0 AppleWebKit/537.36 (KHTML, like Gecko; compatible; bingbot/2.0; +http://www.bing.com/bingbot.htm) Chrome/116.0.1938.76 Safari/537.36" "-"
52.167.144.0 - - [30/Nov/2023:22:24:03 -0500] "GET /wp-content/themes/mytheme/css/font-awesome.min.css HTTP/1.1" 200 21984 www.edibledialect.com "-" "Mozilla/5.0 AppleWebKit/537.36 (KHTML, like Gecko; compatible; bingbot/2.0; +http://www.bing.com/bingbot.htm) Chrome/116.0.1938.76 Safari/537.36" "-"
207.46.13.0 - - [30/Nov/2023:22:24:04 -0500] "GET /wp-content//uploads/2016/10/instagram-svg.svg HTTP/1.1" 200 1517 edibledialect.com "-" "Mozilla/5.0 AppleWebKit/537.36 (KHTML, like Gecko; compatible; bingbot/2.0; +http://www.bing.com/bingbot.htm) Chrome/116.0.1938.76 Safari/537.36" "-"
185.220.100.0 - - [30/Nov/2023:22:25:21 -0500] "POST /xmlrpc.php HTTP/1.1" 200 403 edibledialect.com "-" "Mozilla/5.0 (Windows NT 10.0; Win64; x64) AppleWebKit/537.36 (KHTML, like Gecko) Chrome/64.0.3282.140 Safari/537.36 Edge/18.17763" "-"
185.220.100.0 - - [30/Nov/2023:22:25:22 -0500] "POST /xmlrpc.php HTTP/1.1" 200 403 edibledialect.com "-" "Mozilla/5.0 (Windows NT 10.0; Win64; x64) AppleWebKit/537.36 (KHTML, like Gecko) Chrome/64.0.3282.140 Safari/537.36 Edge/18.17763" "-"
185.220.100.0 - - [30/Nov/2023:22:25:23 -0500] "POST /xmlrpc.php HTTP/1.1" 403 1271 edibledialect.com "-" "Mozilla/5.0 (Windows NT 10.0; Win64; x64) AppleWebKit/537.36 (KHTML, like Gecko) Chrome/64.0.3282.140 Safari/537.36 Edge/18.17763" "-"
185.220.100.0 - - [30/Nov/2023:22:25:24 -0500] "POST /xmlrpc.php HTTP/1.1" 403 1271 edibledialect.com "-" "Mozilla/5.0 (Windows NT 10.0; Win64; x64) AppleWebKit/537.36 (KHTML, like Gecko) Chrome/64.0.3282.140 Safari/537.36 Edge/18.17763" "-"
185.220.100.0 - - [30/Nov/2023:22:25:25 -0500] "POST /xmlrpc.php HTTP/1.1" 403 1271 edibledialect.com "-" "Mozilla/5.0 (Windows NT 10.0; Win64; x64) AppleWebKit/537.36 (KHTML, like Gecko) Chrome/64.0.3282.140 Safari/537.36 Edge/18.17763" "-"
217.113.194.0 - - [30/Nov/2023:22:26:47 -0500] "GET /queens/fu-run/feed HTTP/1.1" 200 766 www.edibledialect.com "-" "Mozilla/5.0 (compatible; Barkrowler/0.9; +https://babbar.tech/crawler)" "-"
74.208.59.0 - - [30/Nov/2023:22:28:39 -0500] "POST /wp-cron.php?doing_wp_cron=1701401319.8075919151306152343750 HTTP/1.1" 200 - www.edibledialect.com "http://www.edibledialect.com/wp-cron.php?doing_wp_cron=1701401319.8075919151306152343750" "WordPress/5.5.13; http://www.edibledialect.com" "-"
157.245.198.0 - - [30/Nov/2023:22:28:39 -0500] "GET /wp-includes/themes.php HTTP/1.1" 301 - edibledialect.com "www.google.com" "Mozlila/5.0 (Linux; Android 7.0; SM-G892A Bulid/NRD90M; wv) AppleWebKit/537.36 (KHTML, like Gecko) Version/4.0 Chrome/60.0.3112.107 Moblie Safari/537.36" "-"
157.245.198.0 - - [30/Nov/2023:22:28:41 -0500] "GET /wp-includes/themes.php HTTP/1.1" 404 18409 www.edibledialect.com "www.google.com" "Mozlila/5.0 (Linux; Android 7.0; SM-G892A Bulid/NRD90M; wv) AppleWebKit/537.36 (KHTML, like Gecko) Version/4.0 Chrome/60.0.3112.107 Moblie Safari/537.36" "-"
157.245.198.0 - - [30/Nov/2023:22:28:42 -0500] "GET /504.php HTTP/1.1" 301 - edibledialect.com "www.google.com" "Mozlila/5.0 (Linux; Android 7.0; SM-G892A Bulid/NRD90M; wv) AppleWebKit/537.36 (KHTML, like Gecko) Version/4.0 Chrome/60.0.3112.107 Moblie Safari/537.36" "-"
157.245.198.0 - - [30/Nov/2023:22:28:43 -0500] "GET /504.php HTTP/1.1" 404 18409 www.edibledialect.com "www.google.com" "Mozlila/5.0 (Linux; Android 7.0; SM-G892A Bulid/NRD90M; wv) AppleWebKit/537.36 (KHTML, like Gecko) Version/4.0 Chrome/60.0.3112.107 Moblie Safari/537.36" "-"
44.201.96.0 - - [30/Nov/2023:22:29:10 -0500] "GET /robots.txt HTTP/1.1" 200 172 www.edibledialect.com "-" "ClaudeBot" "-"
44.201.96.0 - - [30/Nov/2023:22:29:23 -0500] "GET /manhattan/woorijip HTTP/1.1" 200 31732 www.edibledialect.com "-" "ClaudeBot" "-"
217.113.194.0 - - [30/Nov/2023:22:31:16 -0500] "GET /queens/sweet-afton/feed HTTP/1.1" 200 781 www.edibledialect.com "-" "Mozilla/5.0 (compatible; Barkrowler/0.9; +https://babbar.tech/crawler)" "-"
107.189.28.0 - - [30/Nov/2023:22:33:26 -0500] "GET /wp-login.php HTTP/1.1" 200 6678 edibledialect.com "-" "Mozilla/5.0 (Macintosh; Intel Mac OS X 10_10_0) AppleWebKit/537.36 (KHTML, like Gecko) Chrome/36.0.1985.125 Safari/537.36" "-"
107.189.28.0 - - [30/Nov/2023:22:33:38 -0500] "POST /wp-login.php HTTP/1.1" 200 7108 edibledialect.com "-" "Mozilla/5.0 (Macintosh; Intel Mac OS X 10_10_0) AppleWebKit/537.36 (KHTML, like Gecko) Chrome/36.0.1985.125 Safari/537.36" "-"
107.158.116.0 - - [30/Nov/2023:22:34:46 -0500] "GET / HTTP/1.1" 301 - edibledialect.com "-" "Mozilla/5.0 (Macintosh; Intel Mac OS X 12.5; rv:114.0) Gecko/20100101 Firefox/114.0" "-"
107.158.116.0 - - [30/Nov/2023:22:34:47 -0500] "GET / HTTP/1.1" 200 54800 www.edibledialect.com "-" "Mozilla/5.0 (Macintosh; Intel Mac OS X 12.5; rv:114.0) Gecko/20100101 Firefox/114.0" "-"
69.165.7.0 - - [30/Nov/2023:22:34:51 -0500] "GET /home/contact/ HTTP/1.1" 301 - www.edibledialect.com "http://edibledialect.com" "Mozilla/5.0 (Macintosh; Intel Mac OS X 12.5; rv:114.0) Gecko/20100101 Firefox/114.0" "-"
69.165.7.0 - - [30/Nov/2023:22:34:52 -0500] "GET /home/contact HTTP/1.1" 200 19390 www.edibledialect.com "http://www.edibledialect.com/home/contact/" "Mozilla/5.0 (Macintosh; Intel Mac OS X 12.5; rv:114.0) Gecko/20100101 Firefox/114.0" "-"
160.91.195.0 - - [30/Nov/2023:22:34:56 -0500] "GET /wp-content/uploads/2016/11/Talde.jpg HTTP/1.1" 200 224505 www.edibledialect.com "-" "Mozilla/5.0 (X11; Ubuntu; Linux x86_64; rv:72.0) Gecko/20100101 Firefox/72.0" "-"
160.91.195.0 - - [30/Nov/2023:22:34:56 -0500] "GET /wp-content/uploads/2016/11/fet.jpg HTTP/1.1" 200 1163336 www.edibledialect.com "-" "Mozilla/5.0 (X11; Ubuntu; Linux x86_64; rv:72.0) Gecko/20100101 Firefox/72.0" "-"
160.91.195.0 - - [30/Nov/2023:22:34:56 -0500] "GET /wp-content/uploads/2017/06/difara.jpg HTTP/1.1" 200 430182 www.edibledialect.com "-" "Mozilla/5.0 (X11; Ubuntu; Linux x86_64; rv:72.0) Gecko/20100101 Firefox/72.0" "-"
160.91.195.0 - - [30/Nov/2023:22:34:56 -0500] "GET /wp-content/uploads/2017/06/joju.jpg HTTP/1.1" 200 270095 www.edibledialect.com "-" "Mozilla/5.0 (X11; Ubuntu; Linux x86_64; rv:72.0) Gecko/20100101 Firefox/72.0" "-"
217.113.194.0 - - [30/Nov/2023:22:35:47 -0500] "GET /queens/los-portales/feed HTTP/1.1" 200 784 www.edibledialect.com "-" "Mozilla/5.0 (compatible; Barkrowler/0.9; +https://babbar.tech/crawler)" "-"
40.77.188.0 - - [30/Nov/2023:22:40:01 -0500] "GET /wp-content/themes/mytheme/fonts/fontawesome-webfont.woff?v=4.2.0 HTTP/1.1" 200 65452 www.edibledialect.com "-" "Mozilla/5.0 AppleWebKit/537.36 (KHTML, like Gecko; compatible; bingbot/2.0; +http://www.bing.com/bingbot.htm) Chrome/100.0.4896.127 Safari/537.36" "-"
217.113.194.0 - - [30/Nov/2023:22:40:18 -0500] "GET /queens/point-brazil/feed HTTP/1.1" 200 784 www.edibledialect.com "-" "Mozilla/5.0 (compatible; Barkrowler/0.9; +https://babbar.tech/crawler)" "-"
217.113.194.0 - - [30/Nov/2023:22:43:55 -0500] "GET /queens/thai-son/feed HTTP/1.1" 200 773 www.edibledialect.com "-" "Mozilla/5.0 (compatible; Barkrowler/0.9; +https://babbar.tech/crawler)" "-"
66.249.75.0 - - [30/Nov/2023:22:44:40 -0500] "GET /sitemap-pt-page-2016-09.xml HTTP/1.1" 200 510 www.edibledialect.com "-" "Mozilla/5.0 (compatible; Googlebot/2.1; +http://www.google.com/bot.html)" "-"
217.113.194.0 - - [30/Nov/2023:22:46:35 -0500] "GET /queens/woodside-cafe HTTP/1.1" 200 33323 www.edibledialect.com "-" "Mozilla/5.0 (compatible; Barkrowler/0.9; +https://babbar.tech/crawler)" "-"
217.113.194.0 - - [30/Nov/2023:22:49:19 -0500] "GET /queens/phayul/feed HTTP/1.1" 200 766 www.edibledialect.com "-" "Mozilla/5.0 (compatible; Barkrowler/0.9; +https://babbar.tech/crawler)" "-"
217.113.194.0 - - [30/Nov/2023:22:52:03 -0500] "GET /queens/kababish HTTP/1.1" 200 30750 www.edibledialect.com "-" "Mozilla/5.0 (compatible; Barkrowler/0.9; +https://babbar.tech/crawler)" "-"
184.154.139.0 - - [30/Nov/2023:22:52:56 -0500] "GET / HTTP/1.1" 200 54800 www.edibledialect.com "http://www.google.com/url?url=www.edibledialect.com&yahoo.com" "Mozilla/5.0 (compatible; MSIE 9.0; Windows NT 6.1; WOW64; Trident/6.0)" "-"
184.154.139.0 - - [30/Nov/2023:22:52:58 -0500] "GET /th1s_1s_a_4o4.html HTTP/1.1" 404 18399 www.edibledialect.com "http://www.google.com/url?url=www.edibledialect.com&yahoo.com" "Mozilla/5.0 (compatible; MSIE 9.0; Windows NT 6.1; WOW64; Trident/6.0)" "-"
184.154.139.0 - - [30/Nov/2023:22:52:58 -0500] "GET /page/5 HTTP/1.1" 200 65931 www.edibledialect.com "http://www.google.com/url?url=www.edibledialect.com&yahoo.com" "Mozilla/5.0 (compatible; MSIE 9.0; Windows NT 6.1; WOW64; Trident/6.0)" "-"
184.154.139.0 - - [30/Nov/2023:22:52:59 -0500] "GET /uncategorized/mum-feteer HTTP/1.1" 200 29199 www.edibledialect.com "http://www.google.com/url?url=www.edibledialect.com&yahoo.com" "Mozilla/5.0 (compatible; MSIE 9.0; Windows NT 6.1; WOW64; Trident/6.0)" "-"
184.154.139.0 - - [30/Nov/2023:22:53:00 -0500] "GET /wp-includes/wlwmanifest.xml HTTP/1.1" 200 1045 www.edibledialect.com "http://www.google.com/url?url=www.edibledialect.com&yahoo.com" "Mozilla/5.0 (compatible; MSIE 9.0; Windows NT 6.1; WOW64; Trident/6.0)" "-"
184.154.139.0 - - [30/Nov/2023:22:53:00 -0500] "GET /comments/feed HTTP/1.1" 200 755 www.edibledialect.com "http://www.google.com/url?url=www.edibledialect.com&yahoo.com" "Mozilla/5.0 (compatible; MSIE 9.0; Windows NT 6.1; WOW64; Trident/6.0)" "-"
184.154.139.0 - - [30/Nov/2023:22:53:01 -0500] "GET /wp-includes/css/dist/block-library/style.min.css HTTP/1.1" 200 53907 www.edibledialect.com "http://www.google.com/url?url=www.edibledialect.com&yahoo.com" "Mozilla/5.0 (compatible; MSIE 9.0; Windows NT 6.1; WOW64; Trident/6.0)" "-"
184.154.139.0 - - [30/Nov/2023:22:53:01 -0500] "GET /category/brooklyn HTTP/1.1" 200 33443 www.edibledialect.com "http://www.google.com/url?url=www.edibledialect.com&yahoo.com" "Mozilla/5.0 (compatible; MSIE 9.0; Windows NT 6.1; WOW64; Trident/6.0)" "-"
184.154.139.0 - - [30/Nov/2023:22:53:02 -0500] "GET /home/contact/ HTTP/1.1" 301 - www.edibledialect.com "http://www.google.com/url?url=www.edibledialect.com&yahoo.com" "Mozilla/5.0 (compatible; MSIE 9.0; Windows NT 6.1; WOW64; Trident/6.0)" "-"
184.154.139.0 - - [30/Nov/2023:22:53:02 -0500] "GET /home/contact HTTP/1.1" 200 19390 www.edibledialect.com "http://www.google.com/url?url=www.edibledialect.com&yahoo.com" "Mozilla/5.0 (compatible; MSIE 9.0; Windows NT 6.1; WOW64; Trident/6.0)" "-"
184.154.139.0 - - [30/Nov/2023:22:53:03 -0500] "GET / HTTP/1.1" 301 - edibledialect.com "-" "SiteLockSpider [en] (WinNT; I ;Nav)" "-"
184.154.139.0 - - [30/Nov/2023:22:53:03 -0500] "GET / HTTP/1.1" 200 54800 www.edibledialect.com "-" "SiteLockSpider [en] (WinNT; I ;Nav)" "-"
184.154.139.0 - - [30/Nov/2023:22:53:03 -0500] "GET /uncategorized/blue-hill-at-stone-barns HTTP/1.1" 200 29349 www.edibledialect.com "-" "SiteLockSpider [en] (WinNT; I ;Nav)" "-"
184.154.139.0 - - [30/Nov/2023:22:53:04 -0500] "GET /wp-content/themes/mytheme/style.css HTTP/1.1" 200 154550 www.edibledialect.com "http://www.google.com/url?url=www.edibledialect.com&yahoo.com" "Mozilla/5.0 (compatible; MSIE 9.0; Windows NT 6.1; WOW64; Trident/6.0)" "-"
184.154.139.0 - - [30/Nov/2023:22:53:05 -0500] "GET /5 HTTP/1.1" 404 18399 www.edibledialect.com "-" "SiteLockSpider [en] (WinNT; I ;Nav)" "-"
184.154.139.0 - - [30/Nov/2023:22:53:05 -0500] "GET /uncategorized/mum-feteer/feed HTTP/1.1" 200 792 www.edibledialect.com "http://www.google.com/url?url=www.edibledialect.com&yahoo.com" "Mozilla/5.0 (compatible; MSIE 9.0; Windows NT 6.1; WOW64; Trident/6.0)" "-"
184.154.139.0 - - [30/Nov/2023:22:53:06 -0500] "GET /category/hawaii HTTP/1.1" 200 24559 www.edibledialect.com "-" "SiteLockSpider [en] (WinNT; I ;Nav)" "-"
184.154.139.0 - - [30/Nov/2023:22:53:07 -0500] "GET /san-francisco/thechairman HTTP/1.1" 200 33719 www.edibledialect.com "http://www.google.com/url?url=www.edibledialect.com&yahoo.com" "Mozilla/5.0 (compatible; MSIE 9.0; Windows NT 6.1; WOW64; Trident/6.0)" "-"
184.154.139.0 - - [30/Nov/2023:22:53:07 -0500] "GET /uncategorized/sushi-noz HTTP/1.1" 200 29128 www.edibledialect.com "-" "SiteLockSpider [en] (WinNT; I ;Nav)" "-"
184.154.139.0 - - [30/Nov/2023:22:53:08 -0500] "GET /brooklyn/fette-sau HTTP/1.1" 200 30580 www.edibledialect.com "http://www.google.com/url?url=www.edibledialect.com&yahoo.com" "Mozilla/5.0 (compatible; MSIE 9.0; Windows NT 6.1; WOW64; Trident/6.0)" "-"
184.154.139.0 - - [30/Nov/2023:22:53:09 -0500] "GET /uncategorized/grimm-artisanal-ales HTTP/1.1" 200 29162 www.edibledialect.com "-" "SiteLockSpider [en] (WinNT; I ;Nav)" "-"
184.154.139.0 - - [30/Nov/2023:22:53:10 -0500] "GET /uncategorized/per-se HTTP/1.1" 200 28897 www.edibledialect.com "-" "SiteLockSpider [en] (WinNT; I ;Nav)" "-"
184.154.139.0 - - [30/Nov/2023:22:53:11 -0500] "GET /category/manhattan HTTP/1.1" 200 71228 www.edibledialect.com "-" "SiteLockSpider [en] (WinNT; I ;Nav)" "-"
184.154.139.0 - - [30/Nov/2023:22:53:12 -0500] "GET /noctem HTTP/1.1" 200 20331 www.edibledialect.com "-" "SiteLockSpider [en] (WinNT; I ;Nav)" "-"
184.154.139.0 - - [30/Nov/2023:22:53:13 -0500] "GET //wp-content/plugins/add-to-any/README.txt HTTP/1.1" 200 51075 www.edibledialect.com "-" "SiteLockSpider [en] (WinNT; I ;Nav)" "-"
184.154.139.0 - - [30/Nov/2023:22:53:13 -0500] "GET //wp-content/plugins/wp-file-manager/readme.txt HTTP/1.1" 301 - www.edibledialect.com "-" "SiteLockSpider [en] (WinNT; I ;Nav)" "-"
217.113.194.0 - - [30/Nov/2023:22:54:45 -0500] "GET /author/william-plant/page/2 HTTP/1.1" 200 30205 www.edibledialect.com "-" "Mozilla/5.0 (compatible; Barkrowler/0.9; +https://babbar.tech/crawler)" "-"
66.249.75.0 - - [30/Nov/2023:22:55:07 -0500] "GET /category/barbeque/feed HTTP/1.1" 200 6743 www.edibledialect.com "-" "Mozilla/5.0 (Linux; Android 6.0.1; Nexus 5X Build/MMB29P) AppleWebKit/537.36 (KHTML, like Gecko) Chrome/119.0.6045.123 Mobile Safari/537.36 (compatible; Googlebot/2.1; +http://www.google.com/bot.html)" "-"
66.249.75.0 - - [30/Nov/2023:22:55:32 -0500] "GET /category/barbeque/feed HTTP/1.1" 200 6743 www.edibledialect.com "-" "Mozilla/5.0 (compatible; Googlebot/2.1; +http://www.google.com/bot.html)" "-"
217.113.194.0 - - [30/Nov/2023:22:57:24 -0500] "GET /author/william-plant/page/1 HTTP/1.1" 301 - www.edibledialect.com "-" "Mozilla/5.0 (compatible; Barkrowler/0.9; +https://babbar.tech/crawler)" "-"
66.249.75.0 - - [30/Nov/2023:22:57:43 -0500] "GET /wp-sitemap-taxonomies-post_tag-1.xml HTTP/1.1" 200 2458 www.edibledialect.com "-" "Mozilla/5.0 (compatible; Googlebot/2.1; +http://www.google.com/bot.html)" "-"
192.42.116.0 - - [30/Nov/2023:22:58:09 -0500] "GET /wp-login.php/wp-login.php HTTP/1.1" 200 6678 edibledialect.com "http://edibledialect.com/wp-login.php" "Mozilla/5.0 (Windows NT 5.1; rv:30.0) Gecko/20100101 Firefox/30.0" "-"
192.42.116.0 - - [30/Nov/2023:22:58:09 -0500] "POST /wp-login.php/wp-login.php HTTP/1.1" 503 299 edibledialect.com "-" "-" "-"
217.113.194.0 - - [30/Nov/2023:23:00:14 -0500] "GET /brooklyn/di-fara-pizza HTTP/1.1" 200 31135 www.edibledialect.com "-" "Mozilla/5.0 (compatible; Barkrowler/0.9; +https://babbar.tech/crawler)" "-"
2a02:598:: - - [30/Nov/2023:23:01:27 -0500] "GET /category/elsewhere HTTP/1.1" 200 35216 www.edibledialect.com "-" "Mozilla/5.0 (compatible; SeznamBot/4.0; +http://napoveda.seznam.cz/seznambot-intro/)" "-"
217.113.194.0 - - [30/Nov/2023:23:03:03 -0500] "GET /chinese/xian-famous-foods HTTP/1.1" 200 31915 www.edibledialect.com "-" "Mozilla/5.0 (compatible; Barkrowler/0.9; +https://babbar.tech/crawler)" "-"
217.113.194.0 - - [30/Nov/2023:23:05:49 -0500] "GET /san-francisco/thechairman HTTP/1.1" 200 33865 www.edibledialect.com "-" "Mozilla/5.0 (compatible; Barkrowler/0.9; +https://babbar.tech/crawler)" "-"
104.193.143.0 - - [30/Nov/2023:23:07:43 -0500] "GET /wp-login.php HTTP/1.1" 503 299 edibledialect.com "-" "Mozilla/5.0 (X11; Ubuntu; Linux x86_64; rv:62.0) Gecko/20100101 Firefox/62.0" "-"
104.193.143.0 - - [30/Nov/2023:23:07:55 -0500] "POST /wp-login.php HTTP/1.1" 503 299 edibledialect.com "-" "Mozilla/5.0 (X11; Ubuntu; Linux x86_64; rv:62.0) Gecko/20100101 Firefox/62.0" "-"
104.193.143.0 - - [30/Nov/2023:23:07:55 -0500] "POST /xmlrpc.php HTTP/1.1" 503 299 edibledialect.com "-" "Mozilla/5.0 (X11; Ubuntu; Linux x86_64; rv:62.0) Gecko/20100101 Firefox/62.0" "-"
217.113.194.0 - - [30/Nov/2023:23:08:29 -0500] "GET /category/himalayan/feed HTTP/1.1" 304 - www.edibledialect.com "-" "Mozilla/5.0 (compatible; Barkrowler/0.9; +https://babbar.tech/crawler)" "-"
217.113.194.0 - - [30/Nov/2023:23:11:13 -0500] "GET /category/queens/page/1 HTTP/1.1" 301 - www.edibledialect.com "-" "Mozilla/5.0 (compatible; Barkrowler/0.9; +https://babbar.tech/crawler)" "-"
217.113.194.0 - - [30/Nov/2023:23:13:55 -0500] "GET /category/latin-american/feed HTTP/1.1" 304 - www.edibledialect.com "-" "Mozilla/5.0 (compatible; Barkrowler/0.9; +https://babbar.tech/crawler)" "-"
217.113.194.0 - - [30/Nov/2023:23:16:36 -0500] "GET /uncategorized/jean-georges/feed HTTP/1.1" 200 798 www.edibledialect.com "-" "Mozilla/5.0 (compatible; Barkrowler/0.9; +https://babbar.tech/crawler)" "-"
206.189.143.0 - - [30/Nov/2023:23:16:40 -0500] "POST /wp-head.php HTTP/1.1" 404 18399 edibledialect.com "-" "Mozilla/5.0 (Windows NT 6.0; Win64; x64) AppleWebKit/537.36 (KHTML, like Gecko) Chrome/65.0.3152.119 Safari/537.36" "-"
51.222.253.0 - - [30/Nov/2023:23:16:43 -0500] "GET /robots.txt HTTP/1.1" 200 172 www.edibledialect.com "-" "Mozilla/5.0 (compatible; AhrefsBot/7.0; +http://ahrefs.com/robot/)" "-"
51.222.253.0 - - [30/Nov/2023:23:16:46 -0500] "GET /home/contact/ HTTP/1.1" 301 - www.edibledialect.com "-" "Mozilla/5.0 (compatible; AhrefsBot/7.0; +http://ahrefs.com/robot/)" "-"
206.189.143.0 - - [30/Nov/2023:23:17:07 -0500] "POST /index.php HTTP/1.1" 200 54800 edibledialect.com "-" "Mozilla/5.0 (Windows NT 6.0; Win64; x64) AppleWebKit/537.36 (KHTML, like Gecko) Chrome/65.0.3152.119 Safari/537.36" "-"
198.98.62.0 - - [30/Nov/2023:23:17:25 -0500] "GET /wp-login.php HTTP/1.1" 200 6678 edibledialect.com "-" "Mozilla/5.0 (Macintosh; Intel Mac OS X 10_7_5) AppleWebKit/537.77.4 (KHTML, like Gecko) Version/6.1.5 Safari/537.77.4" "-"
198.98.62.0 - - [30/Nov/2023:23:17:37 -0500] "POST /wp-login.php HTTP/1.1" 200 7108 edibledialect.com "-" "Mozilla/5.0 (Macintosh; Intel Mac OS X 10_7_5) AppleWebKit/537.77.4 (KHTML, like Gecko) Version/6.1.5 Safari/537.77.4" "-"
157.245.198.0 - - [30/Nov/2023:23:18:11 -0500] "GET /chosen.php?p= HTTP/1.1" 301 - edibledialect.com "www.google.com" "Mozlila/5.0 (Linux; Android 7.0; SM-G892A Bulid/NRD90M; wv) AppleWebKit/537.36 (KHTML, like Gecko) Version/4.0 Chrome/60.0.3112.107 Moblie Safari/537.36" "-"
157.245.198.0 - - [30/Nov/2023:23:18:12 -0500] "GET /chosen.php HTTP/1.1" 404 18409 www.edibledialect.com "www.google.com" "Mozlila/5.0 (Linux; Android 7.0; SM-G892A Bulid/NRD90M; wv) AppleWebKit/537.36 (KHTML, like Gecko) Version/4.0 Chrome/60.0.3112.107 Moblie Safari/537.36" "-"
217.113.194.0 - - [30/Nov/2023:23:19:21 -0500] "GET /uncategorized/aquavit/feed HTTP/1.1" 200 783 www.edibledialect.com "-" "Mozilla/5.0 (compatible; Barkrowler/0.9; +https://babbar.tech/crawler)" "-"
217.113.194.0 - - [30/Nov/2023:23:22:05 -0500] "GET /uncategorized/mum-feteer HTTP/1.1" 200 29138 www.edibledialect.com "-" "Mozilla/5.0 (compatible; Barkrowler/0.9; +https://babbar.tech/crawler)" "-"
89.58.41.0 - - [30/Nov/2023:23:22:14 -0500] "GET /wp-login.php/wp-login.php HTTP/1.1" 200 6678 edibledialect.com "http://edibledialect.com/wp-login.php" "Mozilla/5.0 (iPhone; CPU iPhone OS 14_4 like Mac OS X) AppleWebKit/605.1.15 (KHTML, like Gecko) Version/14.0.3 Mobile/15E148 Safari/604.1" "-"
89.58.41.0 - - [30/Nov/2023:23:22:15 -0500] "POST /wp-login.php/wp-login.php HTTP/1.1" 503 299 edibledialect.com "-" "-" "-"
160.91.195.0 - - [30/Nov/2023:23:24:17 -0500] "GET /wp-content/uploads/2016/11/Talde.jpg HTTP/1.1" 200 224505 www.edibledialect.com "-" "Mozilla/5.0 (X11; Ubuntu; Linux x86_64; rv:72.0) Gecko/20100101 Firefox/72.0" "-"
160.91.195.0 - - [30/Nov/2023:23:24:17 -0500] "GET /wp-content/uploads/2016/11/woodside-Cafe.jpg HTTP/1.1" 200 1391599 www.edibledialect.com "-" "Mozilla/5.0 (X11; Ubuntu; Linux x86_64; rv:72.0) Gecko/20100101 Firefox/72.0" "-"
217.113.194.0 - - [30/Nov/2023:23:24:45 -0500] "GET /uncategorized/sushi-noz HTTP/1.1" 200 29026 www.edibledialect.com "-" "Mozilla/5.0 (compatible; Barkrowler/0.9; +https://babbar.tech/crawler)" "-"
217.113.194.0 - - [30/Nov/2023:23:27:27 -0500] "GET /uncategorized/le-bernardin HTTP/1.1" 200 29053 www.edibledialect.com "-" "Mozilla/5.0 (compatible; Barkrowler/0.9; +https://babbar.tech/crawler)" "-"
74.208.59.0 - - [30/Nov/2023:23:30:07 -0500] "POST /wp-cron.php?doing_wp_cron=1701405007.7647159099578857421875 HTTP/1.1" 200 - www.edibledialect.com "http://www.edibledialect.com/wp-cron.php?doing_wp_cron=1701405007.7647159099578857421875" "WordPress/5.5.13; http://www.edibledialect.com" "-"
217.113.194.0 - - [30/Nov/2023:23:30:07 -0500] "GET /queens/kababish/feed HTTP/1.1" 200 772 www.edibledialect.com "-" "Mozilla/5.0 (compatible; Barkrowler/0.9; +https://babbar.tech/crawler)" "-"
2a03:4000:: - - [30/Nov/2023:23:32:27 -0500] "GET /wp-login.php HTTP/1.1" 503 299 edibledialect.com "-" "Mozilla/5.0 (X11; Ubuntu; Linux x86_64; rv:62.0) Gecko/20100101 Firefox/62.0" "-"
2a03:4000:: - - [30/Nov/2023:23:32:40 -0500] "POST /wp-login.php HTTP/1.1" 503 299 edibledialect.com "-" "Mozilla/5.0 (X11; Ubuntu; Linux x86_64; rv:62.0) Gecko/20100101 Firefox/62.0" "-"
2a03:4000:: - - [30/Nov/2023:23:32:40 -0500] "POST /xmlrpc.php HTTP/1.1" 503 299 edibledialect.com "-" "Mozilla/5.0 (X11; Ubuntu; Linux x86_64; rv:62.0) Gecko/20100101 Firefox/62.0" "-"
217.113.194.0 - - [30/Nov/2023:23:32:50 -0500] "GET /queens/friendship-bbq HTTP/1.1" 200 31900 www.edibledialect.com "-" "Mozilla/5.0 (compatible; Barkrowler/0.9; +https://babbar.tech/crawler)" "-"
217.113.194.0 - - [30/Nov/2023:23:35:40 -0500] "GET /brooklyn/fette-sau/feed HTTP/1.1" 200 779 www.edibledialect.com "-" "Mozilla/5.0 (compatible; Barkrowler/0.9; +https://babbar.tech/crawler)" "-"
74.208.59.0 - - [30/Nov/2023:23:35:41 -0500] "POST /wp-cron.php?doing_wp_cron=1701405341.1700038909912109375000 HTTP/1.1" 200 - www.edibledialect.com "http://www.edibledialect.com/wp-cron.php?doing_wp_cron=1701405341.1700038909912109375000" "WordPress/5.5.13; http://www.edibledialect.com" "-"
217.113.194.0 - - [30/Nov/2023:23:38:21 -0500] "GET /brooklyn/di-fara-pizza/feed HTTP/1.1" 200 791 www.edibledialect.com "-" "Mozilla/5.0 (compatible; Barkrowler/0.9; +https://babbar.tech/crawler)" "-"
217.113.194.0 - - [30/Nov/2023:23:41:08 -0500] "GET /mexican/out-latin-food/feed HTTP/1.1" 200 792 www.edibledialect.com "-" "Mozilla/5.0 (compatible; Barkrowler/0.9; +https://babbar.tech/crawler)" "-"
185.220.101.0 - - [30/Nov/2023:23:41:28 -0500] "POST /xmlrpc.php HTTP/1.1" 200 403 edibledialect.com "-" "Mozilla/5.0 (X11; Fedora;Linux x86; rv:60.0) Gecko/20100101 Firefox/60.0" "-"
185.220.101.0 - - [30/Nov/2023:23:41:29 -0500] "POST /xmlrpc.php HTTP/1.1" 200 403 edibledialect.com "-" "Mozilla/5.0 (X11; Fedora;Linux x86; rv:60.0) Gecko/20100101 Firefox/60.0" "-"
185.220.101.0 - - [30/Nov/2023:23:41:30 -0500] "POST /xmlrpc.php HTTP/1.1" 403 1271 edibledialect.com "-" "Mozilla/5.0 (X11; Fedora;Linux x86; rv:60.0) Gecko/20100101 Firefox/60.0" "-"
185.220.101.0 - - [30/Nov/2023:23:41:31 -0500] "POST /xmlrpc.php HTTP/1.1" 403 1271 edibledialect.com "-" "Mozilla/5.0 (X11; Fedora;Linux x86; rv:60.0) Gecko/20100101 Firefox/60.0" "-"
185.220.101.0 - - [30/Nov/2023:23:41:32 -0500] "POST /xmlrpc.php HTTP/1.1" 403 1271 edibledialect.com "-" "Mozilla/5.0 (X11; Fedora;Linux x86; rv:60.0) Gecko/20100101 Firefox/60.0" "-"
217.113.194.0 - - [30/Nov/2023:23:43:52 -0500] "GET /chinese/drunken-dumpling HTTP/1.1" 200 32068 www.edibledialect.com "-" "Mozilla/5.0 (compatible; Barkrowler/0.9; +https://babbar.tech/crawler)" "-"
217.113.194.0 - - [30/Nov/2023:23:46:34 -0500] "GET /japanese/ramen-lab/feed HTTP/1.1" 200 779 www.edibledialect.com "-" "Mozilla/5.0 (compatible; Barkrowler/0.9; +https://babbar.tech/crawler)" "-"
217.113.194.0 - - [30/Nov/2023:23:49:12 -0500] "GET /japanese/sake-bar-hagi HTTP/1.1" 200 31984 www.edibledialect.com "-" "Mozilla/5.0 (compatible; Barkrowler/0.9; +https://babbar.tech/crawler)" "-"
217.113.194.0 - - [30/Nov/2023:23:51:53 -0500] "GET /san-francisco/lapalma/feed HTTP/1.1" 200 784 www.edibledialect.com "-" "Mozilla/5.0 (compatible; Barkrowler/0.9; +https://babbar.tech/crawler)" "-"
217.113.194.0 - - [30/Nov/2023:23:54:31 -0500] "GET /manhattan/minetta-tavern HTTP/1.1" 200 31870 www.edibledialect.com "-" "Mozilla/5.0 (compatible; Barkrowler/0.9; +https://babbar.tech/crawler)" "-"
54.82.29.0 - - [30/Nov/2023:23:56:36 -0500] "GET /robots.txt HTTP/1.1" 200 172 www.edibledialect.com "-" "ClaudeBot" "-"
54.82.29.0 - - [30/Nov/2023:23:56:37 -0500] "GET /category/manhattan HTTP/1.1" 200 71228 www.edibledialect.com "-" "ClaudeBot" "-"
217.113.194.0 - - [30/Nov/2023:23:57:23 -0500] "GET /manhattan/woorijip HTTP/1.1" 200 31777 www.edibledialect.com "-" "Mozilla/5.0 (compatible; Barkrowler/0.9; +https://babbar.tech/crawler)" "-"
